Archive member included to satisfy reference by file (symbol)

C:/ProgramData/MATLAB/SupportPackages/R2025b/3P.instrset/gnuarm-armcortex.instrset/win/bin/../lib/gcc/arm-none-eabi/13.2.1/thumb/v7e-m+fp/hard\libm.a(libm_a-w_fmod.o)
                              PMSM_to_BLDC_mod1.c.o (fmod)
C:/ProgramData/MATLAB/SupportPackages/R2025b/3P.instrset/gnuarm-armcortex.instrset/win/bin/../lib/gcc/arm-none-eabi/13.2.1/thumb/v7e-m+fp/hard\libm.a(libm_a-w_sqrt.o)
                              PMSM_to_BLDC_mod1.c.o (sqrt)
C:/ProgramData/MATLAB/SupportPackages/R2025b/3P.instrset/gnuarm-armcortex.instrset/win/bin/../lib/gcc/arm-none-eabi/13.2.1/thumb/v7e-m+fp/hard\libm.a(libm_a-s_cos.o)
                              PMSM_to_BLDC_mod1.c.o (cos)
C:/ProgramData/MATLAB/SupportPackages/R2025b/3P.instrset/gnuarm-armcortex.instrset/win/bin/../lib/gcc/arm-none-eabi/13.2.1/thumb/v7e-m+fp/hard\libm.a(libm_a-s_sin.o)
                              PMSM_to_BLDC_mod1.c.o (sin)
C:/ProgramData/MATLAB/SupportPackages/R2025b/3P.instrset/gnuarm-armcortex.instrset/win/bin/../lib/gcc/arm-none-eabi/13.2.1/thumb/v7e-m+fp/hard\libm.a(libm_a-wf_fmod.o)
                              PMSM_to_BLDC_mod1.c.o (fmodf)
C:/ProgramData/MATLAB/SupportPackages/R2025b/3P.instrset/gnuarm-armcortex.instrset/win/bin/../lib/gcc/arm-none-eabi/13.2.1/thumb/v7e-m+fp/hard\libm.a(libm_a-s_fmax.o)
                              PMSM_to_BLDC_mod1.c.o (fmax)
C:/ProgramData/MATLAB/SupportPackages/R2025b/3P.instrset/gnuarm-armcortex.instrset/win/bin/../lib/gcc/arm-none-eabi/13.2.1/thumb/v7e-m+fp/hard\libm.a(libm_a-s_fmin.o)
                              PMSM_to_BLDC_mod1.c.o (fmin)
C:/ProgramData/MATLAB/SupportPackages/R2025b/3P.instrset/gnuarm-armcortex.instrset/win/bin/../lib/gcc/arm-none-eabi/13.2.1/thumb/v7e-m+fp/hard\libm.a(libm_a-s_fpclassify.o)
                              C:/ProgramData/MATLAB/SupportPackages/R2025b/3P.instrset/gnuarm-armcortex.instrset/win/bin/../lib/gcc/arm-none-eabi/13.2.1/thumb/v7e-m+fp/hard\libm.a(libm_a-s_fmax.o) (__fpclassifyd)
C:/ProgramData/MATLAB/SupportPackages/R2025b/3P.instrset/gnuarm-armcortex.instrset/win/bin/../lib/gcc/arm-none-eabi/13.2.1/thumb/v7e-m+fp/hard\libm.a(libm_a-e_sqrt.o)
                              C:/ProgramData/MATLAB/SupportPackages/R2025b/3P.instrset/gnuarm-armcortex.instrset/win/bin/../lib/gcc/arm-none-eabi/13.2.1/thumb/v7e-m+fp/hard\libm.a(libm_a-w_sqrt.o) (__ieee754_sqrt)
C:/ProgramData/MATLAB/SupportPackages/R2025b/3P.instrset/gnuarm-armcortex.instrset/win/bin/../lib/gcc/arm-none-eabi/13.2.1/thumb/v7e-m+fp/hard\libm.a(libm_a-s_floor.o)
                              PMSM_to_BLDC_mod1.c.o (floor)
C:/ProgramData/MATLAB/SupportPackages/R2025b/3P.instrset/gnuarm-armcortex.instrset/win/bin/../lib/gcc/arm-none-eabi/13.2.1/thumb/v7e-m+fp/hard\libm.a(libm_a-s_trunc.o)
                              PMSM_to_BLDC_mod1.c.o (trunc)
C:/ProgramData/MATLAB/SupportPackages/R2025b/3P.instrset/gnuarm-armcortex.instrset/win/bin/../lib/gcc/arm-none-eabi/13.2.1/thumb/v7e-m+fp/hard\libm.a(libm_a-sf_floor.o)
                              PMSM_to_BLDC_mod1.c.o (floorf)
C:/ProgramData/MATLAB/SupportPackages/R2025b/3P.instrset/gnuarm-armcortex.instrset/win/bin/../lib/gcc/arm-none-eabi/13.2.1/thumb/v7e-m+fp/hard\libm.a(libm_a-sf_trunc.o)
                              PMSM_to_BLDC_mod1.c.o (truncf)
C:/ProgramData/MATLAB/SupportPackages/R2025b/3P.instrset/gnuarm-armcortex.instrset/win/bin/../lib/gcc/arm-none-eabi/13.2.1/thumb/v7e-m+fp/hard\libm.a(libm_a-k_cos.o)
                              C:/ProgramData/MATLAB/SupportPackages/R2025b/3P.instrset/gnuarm-armcortex.instrset/win/bin/../lib/gcc/arm-none-eabi/13.2.1/thumb/v7e-m+fp/hard\libm.a(libm_a-s_cos.o) (__kernel_cos)
C:/ProgramData/MATLAB/SupportPackages/R2025b/3P.instrset/gnuarm-armcortex.instrset/win/bin/../lib/gcc/arm-none-eabi/13.2.1/thumb/v7e-m+fp/hard\libm.a(libm_a-k_sin.o)
                              C:/ProgramData/MATLAB/SupportPackages/R2025b/3P.instrset/gnuarm-armcortex.instrset/win/bin/../lib/gcc/arm-none-eabi/13.2.1/thumb/v7e-m+fp/hard\libm.a(libm_a-s_cos.o) (__kernel_sin)
C:/ProgramData/MATLAB/SupportPackages/R2025b/3P.instrset/gnuarm-armcortex.instrset/win/bin/../lib/gcc/arm-none-eabi/13.2.1/thumb/v7e-m+fp/hard\libm.a(libm_a-e_fmod.o)
                              C:/ProgramData/MATLAB/SupportPackages/R2025b/3P.instrset/gnuarm-armcortex.instrset/win/bin/../lib/gcc/arm-none-eabi/13.2.1/thumb/v7e-m+fp/hard\libm.a(libm_a-w_fmod.o) (__ieee754_fmod)
C:/ProgramData/MATLAB/SupportPackages/R2025b/3P.instrset/gnuarm-armcortex.instrset/win/bin/../lib/gcc/arm-none-eabi/13.2.1/thumb/v7e-m+fp/hard\libm.a(libm_a-e_rem_pio2.o)
                              C:/ProgramData/MATLAB/SupportPackages/R2025b/3P.instrset/gnuarm-armcortex.instrset/win/bin/../lib/gcc/arm-none-eabi/13.2.1/thumb/v7e-m+fp/hard\libm.a(libm_a-s_cos.o) (__ieee754_rem_pio2)
[...]
Memory Configuration

Name             Origin             Length             Attributes
CCMRAM           0x10000000         0x00010000         xrw
RAM              0x20000000         0x00020000         xrw
FLASH            0x08000000         0x00100000         xr
*default*        0x00000000         0xffffffff

Linker script and memory map

LOAD C:/ProgramData/MATLAB/SupportPackages/R2025b/3P.instrset/gnuarm-armcortex.instrset/win/bin/../lib/gcc/arm-none-eabi/13.2.1/thumb/v7e-m+fp/hard/crti.o
LOAD C:/ProgramData/MATLAB/SupportPackages/R2025b/3P.instrset/gnuarm-armcortex.instrset/win/bin/../lib/gcc/arm-none-eabi/13.2.1/thumb/v7e-m+fp/hard/crtbegin.o
LOAD C:/ProgramData/MATLAB/SupportPackages/R2025b/3P.instrset/gnuarm-armcortex.instrset/win/bin/../lib/gcc/arm-none-eabi/13.2.1/thumb/v7e-m+fp/hard/crt0.o
LOAD mw_stm32_spi_ll.c.o
LOAD xcp_ext_mode.c.o
LOAD PMSM_to_BLDC_mod1.c.o
LOAD PMSM_to_BLDC_mod1_data.c.o
LOAD ert_main.c.o
LOAD rtGetNaN.c.o
LOAD rt_nonfinite.c.o
LOAD SPI_code.c.o
LOAD stm32f4xx_hal_spi.c.o
LOAD spi.c.o
LOAD adc.c.o
LOAD dma.c.o
LOAD gpio.c.o
LOAD tim.c.o
LOAD usart.c.o
LOAD xcp_ext_common.c.o
LOAD xcp_ext_classic_trigger.c.o
LOAD xcp.c.o
LOAD xcp_standard.c.o
LOAD xcp_daq.c.o
LOAD xcp_calibration.c.o
LOAD xcp_fifo.c.o
LOAD xcp_transport.c.o
LOAD xcp_mem_default.c.o
LOAD xcp_drv_rtiostream.c.o
LOAD xcp_utils.c.o
LOAD xcp_frame_serial.c.o
LOAD xcp_ext_param_default_serial.c.o
LOAD overrideHALDelay.c.o
LOAD platform_timer.c.o
LOAD SysTickScheduler.c.o
LOAD m3m4m4f_multitasking.c.o
LOAD rtiostream_serial.c.o
LOAD stm_usart.c.o
LOAD sys_arch_arm.c.o
LOAD main.c.o
LOAD stm32f4xx_it.c.o
LOAD stm32f4xx_hal_msp.c.o
LOAD stm32f4xx_hal_timebase_tim.c.o
LOAD stm32f4xx_hal_tim.c.o
LOAD stm32f4xx_hal_tim_ex.c.o
LOAD stm32f4xx_ll_gpio.c.o
LOAD stm32f4xx_ll_adc.c.o
LOAD stm32f4xx_ll_dma.c.o
LOAD stm32f4xx_ll_rcc.c.o
LOAD stm32f4xx_ll_utils.c.o
LOAD stm32f4xx_ll_exti.c.o
LOAD stm32f4xx_hal_rcc.c.o
LOAD stm32f4xx_hal_rcc_ex.c.o
LOAD stm32f4xx_hal_flash.c.o
LOAD stm32f4xx_hal_flash_ex.c.o
LOAD stm32f4xx_hal_flash_ramfunc.c.o
LOAD stm32f4xx_hal_gpio.c.o
LOAD stm32f4xx_hal_dma_ex.c.o
LOAD stm32f4xx_hal_dma.c.o
LOAD stm32f4xx_hal_pwr.c.o
LOAD stm32f4xx_hal_pwr_ex.c.o
LOAD stm32f4xx_hal_cortex.c.o
LOAD stm32f4xx_hal.c.o
LOAD stm32f4xx_hal_exti.c.o
LOAD stm32f4xx_ll_spi.c.o
LOAD stm32f4xx_ll_tim.c.o
LOAD stm32f4xx_ll_usart.c.o
LOAD system_stm32f4xx.c.o
LOAD syscalls.c.o
LOAD sysmem.c.o
LOAD startup_stm32f405rgtx.s.o
LOAD stm_timer_ll.c.o
LOAD stm_adc_ll.c.o
LOAD C:/ProgramData/MATLAB/SupportPackages/R2025b/3P.instrset/cmsis_dsp.instrset/Lib/GCC/arm_cortexm4ldfsp_math/libCMSISDSP.a
LOAD C:/ProgramData/MATLAB/SupportPackages/R2025b/toolbox/shared/supportpackages/stm32/lib/GCC/libmw_pdmfilter_m4_spfp.lib
LOAD C:/ProgramData/MATLAB/SupportPackages/R2025b/3P.instrset/gnuarm-armcortex.instrset/win/bin/../lib/gcc/arm-none-eabi/13.2.1/thumb/v7e-m+fp/hard\libstdc++.a
LOAD C:/ProgramData/MATLAB/SupportPackages/R2025b/3P.instrset/gnuarm-armcortex.instrset/win/bin/../lib/gcc/arm-none-eabi/13.2.1/thumb/v7e-m+fp/hard\libm.a
START GROUP
LOAD C:/ProgramData/MATLAB/SupportPackages/R2025b/3P.instrset/gnuarm-armcortex.instrset/win/bin/../lib/gcc/arm-none-eabi/13.2.1/thumb/v7e-m+fp/hard\libgcc.a
LOAD C:/ProgramData/MATLAB/SupportPackages/R2025b/3P.instrset/gnuarm-armcortex.instrset/win/bin/../lib/gcc/arm-none-eabi/13.2.1/thumb/v7e-m+fp/hard\libg.a
LOAD C:/ProgramData/MATLAB/SupportPackages/R2025b/3P.instrset/gnuarm-armcortex.instrset/win/bin/../lib/gcc/arm-none-eabi/13.2.1/thumb/v7e-m+fp/hard\libc.a
END GROUP
START GROUP
LOAD C:/ProgramData/MATLAB/SupportPackages/R2025b/3P.instrset/gnuarm-armcortex.instrset/win/bin/../lib/gcc/arm-none-eabi/13.2.1/thumb/v7e-m+fp/hard\libgcc.a
LOAD C:/ProgramData/MATLAB/SupportPackages/R2025b/3P.instrset/gnuarm-armcortex.instrset/win/bin/../lib/gcc/arm-none-eabi/13.2.1/thumb/v7e-m+fp/hard\libc.a
LOAD C:/ProgramData/MATLAB/SupportPackages/R2025b/3P.instrset/gnuarm-armcortex.instrset/win/bin/../lib/gcc/arm-none-eabi/13.2.1/thumb/v7e-m+fp/hard\libnosys.a
END GROUP
LOAD C:/ProgramData/MATLAB/SupportPackages/R2025b/3P.instrset/gnuarm-armcortex.instrset/win/bin/../lib/gcc/arm-none-eabi/13.2.1/thumb/v7e-m+fp/hard/crtend.o
LOAD C:/ProgramData/MATLAB/SupportPackages/R2025b/3P.instrset/gnuarm-armcortex.instrset/win/bin/../lib/gcc/arm-none-eabi/13.2.1/thumb/v7e-m+fp/hard/crtn.o
                0x20020000                        _estack = (ORIGIN (RAM) + LENGTH (RAM))
                0x00000200                        _Min_Heap_Size = 0x200
                0x00000400                        _Min_Stack_Size = 0x400

.isr_vector     0x08000000      0x188
                0x08000000                        . = ALIGN (0x4)
 *(.isr_vector)
 .isr_vector    0x08000000      0x188 startup_stm32f405rgtx.s.o
                0x08000000                g_pfnVectors
                0x08000188                        . = ALIGN (0x4)

.text           0x08000188    0x18458
                0x08000188                        . = ALIGN (0x4)
 *(.text)
 .text          0x08000188      0x378 C:/ProgramData/MATLAB/SupportPackages/R2025b/3P.instrset/gnuarm-armcortex.instrset/win/bin/../lib/gcc/arm-none-eabi/13.2.1/thumb/v7e-m+fp/hard\libgcc.a(_arm_addsubdf3.o)
                0x08000188                __aeabi_drsub
                0x08000190                __aeabi_dsub
                0x08000190                __subdf3
                0x08000194                __aeabi_dadd
                0x08000194                __adddf3
                0x0800040c                __floatunsidf
                0x0800040c                __aeabi_ui2d
                0x0800042c                __floatsidf
                0x0800042c                __aeabi_i2d
                0x08000450                __aeabi_f2d
                0x08000450                __extendsfdf2
                0x08000494                __floatundidf
                0x08000494                __aeabi_ul2d
                0x080004a4                __floatdidf
                0x080004a4                __aeabi_l2d
 .text          0x08000500      0x424 C:/ProgramData/MATLAB/SupportPackages/R2025b/3P.instrset/gnuarm-armcortex.instrset/win/bin/../lib/gcc/arm-none-eabi/13.2.1/thumb/v7e-m+fp/hard\libgcc.a(_arm_muldivdf3.o)
                0x08000500                __aeabi_dmul
                0x08000500                __muldf3
                0x08000754                __divdf3
                0x08000754                __aeabi_ddiv
 .text          0x08000924      0x110 C:/ProgramData/MATLAB/SupportPackages/R2025b/3P.instrset/gnuarm-armcortex.instrset/win/bin/../lib/gcc/arm-none-eabi/13.2.1/thumb/v7e-m+fp/hard\libgcc.a(_arm_cmpdf2.o)
                0x08000924                __gtdf2
                0x08000924                __gedf2
                0x0800092c                __ltdf2
                0x0800092c                __ledf2
                0x08000934                __nedf2
                0x08000934                __eqdf2
                0x08000934                __cmpdf2
                0x080009b0                __aeabi_cdrcmple
                0x080009c0                __aeabi_cdcmpeq
                0x080009c0                __aeabi_cdcmple
                0x080009d0                __aeabi_dcmpeq
                0x080009e4                __aeabi_dcmplt
                0x080009f8                __aeabi_dcmple
                0x08000a0c                __aeabi_dcmpge
                0x08000a20                __aeabi_dcmpgt
 .text          0x08000a34       0x2c C:/ProgramData/MATLAB/SupportPackages/R2025b/3P.instrset/gnuarm-armcortex.instrset/win/bin/../lib/gcc/arm-none-eabi/13.2.1/thumb/v7e-m+fp/hard\libgcc.a(_arm_unorddf2.o)
                0x08000a34                __unorddf2
                0x08000a34                __aeabi_dcmpun
 .text          0x08000a60       0x50 C:/ProgramData/MATLAB/SupportPackages/R2025b/3P.instrset/gnuarm-armcortex.instrset/win/bin/../lib/gcc/arm-none-eabi/13.2.1/thumb/v7e-m+fp/hard\libgcc.a(_arm_fixdfsi.o)
                0x08000a60                __aeabi_d2iz
                0x08000a60                __fixdfsi
 .text          0x08000ab0       0x40 C:/ProgramData/MATLAB/SupportPackages/R2025b/3P.instrset/gnuarm-armcortex.instrset/win/bin/../lib/gcc/arm-none-eabi/13.2.1/thumb/v7e-m+fp/hard\libgcc.a(_arm_fixunsdfsi.o)
                0x08000ab0                __aeabi_d2uiz
                0x08000ab0                __fixunsdfsi
 .text          0x08000af0       0xa0 C:/ProgramData/MATLAB/SupportPackages/R2025b/3P.instrset/gnuarm-armcortex.instrset/win/bin/../lib/gcc/arm-none-eabi/13.2.1/thumb/v7e-m+fp/hard\libgcc.a(_arm_truncdfsf2.o)
                0x08000af0                __truncdfsf2
                0x08000af0                __aeabi_d2f
 .text          0x08000b90       0x30 C:/ProgramData/MATLAB/SupportPackages/R2025b/3P.instrset/gnuarm-armcortex.instrset/win/bin/../lib/gcc/arm-none-eabi/13.2.1/thumb/v7e-m+fp/hard\libgcc.a(_aeabi_uldivmod.o)
                0x08000b90                __aeabi_uldivmod
 .text          0x08000bc0        0x4 C:/ProgramData/MATLAB/SupportPackages/R2025b/3P.instrset/gnuarm-armcortex.instrset/win/bin/../lib/gcc/arm-none-eabi/13.2.1/thumb/v7e-m+fp/hard\libgcc.a(_dvmd_tls.o)
                0x08000bc0                __aeabi_idiv0
                0x08000bc0                __aeabi_ldiv0
 .text          0x08000bc4      0x134 C:/ProgramData/MATLAB/SupportPackages/R2025b/3P.instrset/gnuarm-armcortex.instrset/win/bin/../lib/gcc/arm-none-eabi/13.2.1/thumb/v7e-m+fp/hard\libg.a(libc_a-memcpy.o)
                0x08000bc4                memcpy
 *(.text*)
 .text.deregister_tm_clones
                0x08000cf8       0x1c C:/ProgramData/MATLAB/SupportPackages/R2025b/3P.instrset/gnuarm-armcortex.instrset/win/bin/../lib/gcc/arm-none-eabi/13.2.1/thumb/v7e-m+fp/hard/crtbegin.o
 .text.register_tm_clones
                0x08000d14       0x24 C:/ProgramData/MATLAB/SupportPackages/R2025b/3P.instrset/gnuarm-armcortex.instrset/win/bin/../lib/gcc/arm-none-eabi/13.2.1/thumb/v7e-m+fp/hard/crtbegin.o
 .text.__do_global_dtors_aux
                0x08000d38       0x28 C:/ProgramData/MATLAB/SupportPackages/R2025b/3P.instrset/gnuarm-armcortex.instrset/win/bin/../lib/gcc/arm-none-eabi/13.2.1/thumb/v7e-m+fp/hard/crtbegin.o
 .text.frame_dummy
                0x08000d60       0x24 C:/ProgramData/MATLAB/SupportPackages/R2025b/3P.instrset/gnuarm-armcortex.instrset/win/bin/../lib/gcc/arm-none-eabi/13.2.1/thumb/v7e-m+fp/hard/crtbegin.o
 .text.LL_DMA_EnableStream
                0x08000d84       0x40 mw_stm32_spi_ll.c.o
 .text.LL_DMA_SetDataLength
                0x08000dc4       0x48 mw_stm32_spi_ll.c.o
 .text.LL_DMA_ConfigAddresses
                0x08000e0c       0x78 mw_stm32_spi_ll.c.o
 .text.LL_DMA_EnableIT_TC
                0x08000e84       0x40 mw_stm32_spi_ll.c.o
 .text.LL_SPI_Enable
                0x08000ec4       0x20 mw_stm32_spi_ll.c.o
 .text.LL_SPI_Disable
                0x08000ee4       0x20 mw_stm32_spi_ll.c.o
 .text.LL_SPI_IsEnabled
                0x08000f04       0x26 mw_stm32_spi_ll.c.o
 .text.LL_SPI_GetMode
                0x08000f2a       0x1c mw_stm32_spi_ll.c.o
 .text.LL_SPI_SetClockPhase
                0x08000f46       0x26 mw_stm32_spi_ll.c.o
 .text.LL_SPI_GetClockPhase
                0x08000f6c       0x1c mw_stm32_spi_ll.c.o
 .text.LL_SPI_SetClockPolarity
                0x08000f88       0x26 mw_stm32_spi_ll.c.o
 .text.LL_SPI_GetClockPolarity
                0x08000fae       0x1c mw_stm32_spi_ll.c.o
 .text.LL_SPI_SetTransferDirection
                0x08000fca       0x26 mw_stm32_spi_ll.c.o
 .text.LL_SPI_GetTransferDirection
                0x08000ff0       0x1c mw_stm32_spi_ll.c.o
 .text.LL_SPI_SetDataWidth
                0x0800100c       0x26 mw_stm32_spi_ll.c.o
 .text.LL_SPI_GetDataWidth
                0x08001032       0x1c mw_stm32_spi_ll.c.o
 .text.LL_SPI_IsActiveFlag_RXNE
                0x0800104e       0x26 mw_stm32_spi_ll.c.o
 .text.LL_SPI_IsActiveFlag_TXE
                0x08001074       0x26 mw_stm32_spi_ll.c.o
 .text.LL_SPI_IsActiveFlag_BSY
                0x0800109a       0x26 mw_stm32_spi_ll.c.o
 .text.LL_SPI_EnableIT_RXNE
                0x080010c0       0x20 mw_stm32_spi_ll.c.o
 .text.LL_SPI_EnableDMAReq_RX
                0x080010e0       0x20 mw_stm32_spi_ll.c.o
 .text.LL_SPI_EnableDMAReq_TX
                0x08001100       0x20 mw_stm32_spi_ll.c.o
 .text.LL_SPI_DMA_GetRegAddr
                0x08001120       0x18 mw_stm32_spi_ll.c.o
 .text.LL_SPI_ReceiveData8
                0x08001138       0x1c mw_stm32_spi_ll.c.o
 .text.LL_SPI_ReceiveData16
                0x08001154       0x1a mw_stm32_spi_ll.c.o
 .text.LL_SPI_TransmitData8
                0x0800116e       0x24 mw_stm32_spi_ll.c.o
 .text.LL_SPI_TransmitData16
                0x08001192       0x24 mw_stm32_spi_ll.c.o
 *fill*         0x080011b6        0x2 
 .text.SPI_STM32_Init
                0x080011b8      0x1c4 mw_stm32_spi_ll.c.o
                0x080011b8                SPI_STM32_Init
 .text.MW_SPI_Direction_Set
                0x0800137c       0x60 mw_stm32_spi_ll.c.o
                0x0800137c                MW_SPI_Direction_Set
 .text.MW_STM32_SPI_SetFormat
                0x080013dc      0x1f6 mw_stm32_spi_ll.c.o
                0x080013dc                MW_STM32_SPI_SetFormat
 .text.MW_SPI_Write_Databits
                0x080015d2      0x13e mw_stm32_spi_ll.c.o
                0x080015d2                MW_SPI_Write_Databits
 .text.MW_SPI_Read_Databits
                0x08001710      0x1a0 mw_stm32_spi_ll.c.o
                0x08001710                MW_SPI_Read_Databits
 .text.SPI_ConfigureReceiveDMA
                0x080018b0       0x82 mw_stm32_spi_ll.c.o
                0x080018b0                SPI_ConfigureReceiveDMA
 .text.SPI_ConfigureTransmitDMA
                0x08001932       0x58 mw_stm32_spi_ll.c.o
                0x08001932                SPI_ConfigureTransmitDMA
 .text.MW_SPI_Disable
                0x0800198a       0x76 mw_stm32_spi_ll.c.o
                0x0800198a                MW_SPI_Disable
 .text.MW_SPI_Close
                0x08001a00       0x1a mw_stm32_spi_ll.c.o
                0x08001a00                MW_SPI_Close
 .text.errorHandle_WriteDataBits
                0x08001a1a       0x16 mw_stm32_spi_ll.c.o
 .text.errorHandle_ReadDataBits
                0x08001a30       0xac mw_stm32_spi_ll.c.o
 .text.extmodeParseArgs
                0x08001adc       0x1e xcp_ext_mode.c.o
                0x08001adc                extmodeParseArgs
 *fill*         0x08001afa        0x2 
 .text.extmodeInit
                0x08001afc      0x128 xcp_ext_mode.c.o
                0x08001afc                extmodeInit
 .text.extmodeWaitForHostRequest
                0x08001c24       0xcc xcp_ext_mode.c.o
                0x08001c24                extmodeWaitForHostRequest
 .text.extmodeEvent
                0x08001cf0      0x100 xcp_ext_mode.c.o
                0x08001cf0                extmodeEvent
 .text.extmodeBackgroundRun
                0x08001df0       0x20 xcp_ext_mode.c.o
                0x08001df0                extmodeBackgroundRun
 .text.extmodeReset
                0x08001e10       0x40 xcp_ext_mode.c.o
                0x08001e10                extmodeReset
 .text.extmodeStopRequested
                0x08001e50       0x18 xcp_ext_mode.c.o
                0x08001e50                extmodeStopRequested
 .text.extmodeSimulationComplete
                0x08001e68       0x18 xcp_ext_mode.c.o
                0x08001e68                extmodeSimulationComplete
 .text.LL_TIM_EnableCounter
                0x08001e80       0x20 PMSM_to_BLDC_mod1.c.o
 .text.LL_TIM_DisableCounter
                0x08001ea0       0x20 PMSM_to_BLDC_mod1.c.o
 .text.LL_TIM_SetUpdateSource
                0x08001ec0       0x26 PMSM_to_BLDC_mod1.c.o
 .text.LL_TIM_GetUpdateSource
                0x08001ee6       0x1c PMSM_to_BLDC_mod1.c.o
 .text.LL_TIM_SetRepetitionCounter
                0x08001f02       0x1c PMSM_to_BLDC_mod1.c.o
 .text.LL_TIM_CC_EnableChannel
                0x08001f1e       0x22 PMSM_to_BLDC_mod1.c.o
 .text.LL_TIM_CC_DisableChannel
                0x08001f40       0x24 PMSM_to_BLDC_mod1.c.o
 .text.LL_TIM_OC_SetCompareCH1
                0x08001f64       0x1c PMSM_to_BLDC_mod1.c.o
 .text.LL_TIM_OC_SetCompareCH2
                0x08001f80       0x1c PMSM_to_BLDC_mod1.c.o
 .text.LL_TIM_OC_SetCompareCH3
                0x08001f9c       0x1c PMSM_to_BLDC_mod1.c.o
 .text.LL_TIM_OC_GetCompareCH1
                0x08001fb8       0x18 PMSM_to_BLDC_mod1.c.o
 .text.LL_TIM_OC_GetCompareCH2
                0x08001fd0       0x18 PMSM_to_BLDC_mod1.c.o
 .text.LL_TIM_OC_GetCompareCH3
                0x08001fe8       0x18 PMSM_to_BLDC_mod1.c.o
 .text.LL_TIM_EnableAllOutputs
                0x08002000       0x20 PMSM_to_BLDC_mod1.c.o
 .text.LL_TIM_IsEnabledAllOutputs
                0x08002020       0x28 PMSM_to_BLDC_mod1.c.o
 .text.LL_TIM_GenerateEvent_UPDATE
                0x08002048       0x20 PMSM_to_BLDC_mod1.c.o
 .text.LL_GPIO_SetOutputPin
                0x08002068       0x1c PMSM_to_BLDC_mod1.c.o
 .text.LL_GPIO_ResetOutputPin
                0x08002084       0x1e PMSM_to_BLDC_mod1.c.o
 .text.setDutyCycleChannel1
                0x080020a2       0x30 PMSM_to_BLDC_mod1.c.o
 .text.setDutyCycleChannel2
                0x080020d2       0x30 PMSM_to_BLDC_mod1.c.o
 .text.setDutyCycleChannel3
                0x08002102       0x30 PMSM_to_BLDC_mod1.c.o
 .text.isSlaveTriggerModeEnabled
                0x08002132       0x2c PMSM_to_BLDC_mod1.c.o
 *fill*         0x0800215e        0x2 
 .text.enableCounter
                0x08002160       0xb8 PMSM_to_BLDC_mod1.c.o
 .text.disableCounter
                0x08002218       0x1a PMSM_to_BLDC_mod1.c.o
 *fill*         0x08002232        0x2 
 .text.setMOEBitAccToInput
                0x08002234       0x50 PMSM_to_BLDC_mod1.c.o
 .text.rate_scheduler
                0x08002284       0x98 PMSM_to_BLDC_mod1.c.o
 .text.local_stateReduction
                0x0800231c       0xfe PMSM_to_BLDC_mod1.c.o
                0x0800231c                local_stateReduction
 *fill*         0x0800241a        0x2 
 .text.rt_ertODEUpdateContinuousStates
                0x0800241c      0x344 PMSM_to_BLDC_mod1.c.o
 .text.PMSM_to_BLDC_mod1_BitShift_Init
                0x08002760       0x1c PMSM_to_BLDC_mod1.c.o
                0x08002760                PMSM_to_BLDC_mod1_BitShift_Init
 .text.PMSM_to_BLDC_mod_BitShift_Reset
                0x0800277c       0x1c PMSM_to_BLDC_mod1.c.o
                0x0800277c                PMSM_to_BLDC_mod_BitShift_Reset
 .text.PMSM_to_BLDC_mod1_BitShift
                0x08002798       0x2c PMSM_to_BLDC_mod1.c.o
                0x08002798                PMSM_to_BLDC_mod1_BitShift
 .text.PMSM_to_BLDC_mod_BitShift1_Init
                0x080027c4       0x1c PMSM_to_BLDC_mod1.c.o
                0x080027c4                PMSM_to_BLDC_mod_BitShift1_Init
 .text.PMSM_to_BLDC_mo_BitShift1_Reset
                0x080027e0       0x1c PMSM_to_BLDC_mod1.c.o
                0x080027e0                PMSM_to_BLDC_mo_BitShift1_Reset
 .text.PMSM_to_BLDC_mod1_BitShift1
                0x080027fc       0x2c PMSM_to_BLDC_mod1.c.o
                0x080027fc                PMSM_to_BLDC_mod1_BitShift1
 .text.PMSM_to_BLDC_m_SystemCore_setup
                0x08002828       0xbc PMSM_to_BLDC_mod1.c.o
 .text.PMSM_to_BLDC_mo_SPIReceive_Init
                0x080028e4       0x2c PMSM_to_BLDC_mod1.c.o
                0x080028e4                PMSM_to_BLDC_mo_SPIReceive_Init
 .text.PMSM_to_BLDC_mod1_SPIReceive
                0x08002910       0x50 PMSM_to_BLDC_mod1.c.o
                0x08002910                PMSM_to_BLDC_mod1_SPIReceive
 .text.PMSM_to_BLDC_mo_SPIReceive_Term
                0x08002960       0x46 PMSM_to_BLDC_mod1.c.o
                0x08002960                PMSM_to_BLDC_mo_SPIReceive_Term
 *fill*         0x080029a6        0x2 
 .text.PMSM_to_B_SPIDrvBlock_setupImpl
                0x080029a8       0xa8 PMSM_to_BLDC_mod1.c.o
 .text.PMSM_to_BLDC_m_SPITransmit_Init
                0x08002a50       0x38 PMSM_to_BLDC_mod1.c.o
                0x08002a50                PMSM_to_BLDC_m_SPITransmit_Init
 .text.PMSM_to_BLDC_mod1_SPITransmit
                0x08002a88       0x54 PMSM_to_BLDC_mod1.c.o
                0x08002a88                PMSM_to_BLDC_mod1_SPITransmit
 .text.PMSM_to_BLDC_m_SPITransmit_Term
                0x08002adc       0x46 PMSM_to_BLDC_mod1.c.o
                0x08002adc                PMSM_to_BLDC_m_SPITransmit_Term
 *fill*         0x08002b22        0x2 
 .text.PMSM_to_BLDC_SystemCore_setup_n
                0x08002b24       0xbc PMSM_to_BLDC_mod1.c.o
 .text.PMSM_to_BLDC__SPIReceive_e_Init
                0x08002be0       0x2c PMSM_to_BLDC_mod1.c.o
                0x08002be0                PMSM_to_BLDC__SPIReceive_e_Init
 .text.PMSM_to_BLDC_mod1_SPIReceive_p
                0x08002c0c       0x50 PMSM_to_BLDC_mod1.c.o
                0x08002c0c                PMSM_to_BLDC_mod1_SPIReceive_p
 .text.PMSM_to_BLDC__SPIReceive_m_Term
                0x08002c5c       0x46 PMSM_to_BLDC_mod1.c.o
                0x08002c5c                PMSM_to_BLDC__SPIReceive_m_Term
 *fill*         0x08002ca2        0x2 
 .text.PMSM_to_BLD_SystemCore_setup_n2
                0x08002ca4       0xbc PMSM_to_BLDC_mod1.c.o
 .text.PMSM_to_BLDC__SPIReceive_k_Init
                0x08002d60       0x2c PMSM_to_BLDC_mod1.c.o
                0x08002d60                PMSM_to_BLDC__SPIReceive_k_Init
 .text.PMSM_to_BLDC_mod1_SPIReceive_pn
                0x08002d8c       0x50 PMSM_to_BLDC_mod1.c.o
                0x08002d8c                PMSM_to_BLDC_mod1_SPIReceive_pn
 .text.PMSM_to_BLDC__SPIReceive_c_Term
                0x08002ddc       0x46 PMSM_to_BLDC_mod1.c.o
                0x08002ddc                PMSM_to_BLDC__SPIReceive_c_Term
 *fill*         0x08002e22        0x2 
 .text.PMSM_to_SPIDrvBlock_setupImpl_e
                0x08002e24       0xa8 PMSM_to_BLDC_mod1.c.o
 .text.PMSM_to_BLDC_SPITransmit_d_Init
                0x08002ecc       0x38 PMSM_to_BLDC_mod1.c.o
                0x08002ecc                PMSM_to_BLDC_SPITransmit_d_Init
 .text.PMSM_to_BLDC_mod1_SPITransmit_p
                0x08002f04       0x54 PMSM_to_BLDC_mod1.c.o
                0x08002f04                PMSM_to_BLDC_mod1_SPITransmit_p
 .text.PMSM_to_BLDC_SPITransmit_a_Term
                0x08002f58       0x46 PMSM_to_BLDC_mod1.c.o
                0x08002f58                PMSM_to_BLDC_SPITransmit_a_Term
 *fill*         0x08002f9e        0x2 
 .text.PMSM_to_BLDC__IfActionSubsystem
                0x08002fa0       0xc8 PMSM_to_BLDC_mod1.c.o
                0x08002fa0                PMSM_to_BLDC__IfActionSubsystem
 .text.PMSM_to_BLDC_IfActionSubsystem1
                0x08003068       0xc8 PMSM_to_BLDC_mod1.c.o
                0x08003068                PMSM_to_BLDC_IfActionSubsystem1
 .text.rt_modd_snf
                0x08003130      0x28c PMSM_to_BLDC_mod1.c.o
                0x08003130                rt_modd_snf
 .text.PMSM_to_BL_SystemCore_setup_oxg
                0x080033bc       0xbc PMSM_to_BLDC_mod1.c.o
 .text.PMSM_to_SPIDrvBlock_setupImpl_o
                0x08003478       0xa8 PMSM_to_BLDC_mod1.c.o
 .text.PMSM_to_B_SystemCore_setup_oxgk
                0x08003520       0xbc PMSM_to_BLDC_mod1.c.o
 .text.PMSM_to_BLDC_SystemCore_setup_o
                0x080035dc       0x84 PMSM_to_BLDC_mod1.c.o
 .text.PMSM_to_BLD_SystemCore_setup_ox
                0x08003660       0x84 PMSM_to_BLDC_mod1.c.o
 .text.PMSM_to_BLD_PWMOutput_setupImpl
                0x080036e4       0x84 PMSM_to_BLDC_mod1.c.o
 .text.PMSM_to__SystemCore_setup_oxgkf
                0x08003768       0x84 PMSM_to_BLDC_mod1.c.o
 *fill*         0x080037ec        0x4 
 .text.PMSM_to_BLDC_mod1_step
                0x080037f0     0x59cc PMSM_to_BLDC_mod1.c.o
                0x080037f0                PMSM_to_BLDC_mod1_step
 *fill*         0x080091bc        0x4 
 .text.PMSM_to_BLDC_mod1_derivatives
                0x080091c0      0x1e4 PMSM_to_BLDC_mod1.c.o
                0x080091c0                PMSM_to_BLDC_mod1_derivatives
 *fill*         0x080093a4        0x4 
 .text.PMSM_to_BLDC_mod1_initialize
                0x080093a8      0x8f0 PMSM_to_BLDC_mod1.c.o
                0x080093a8                PMSM_to_BLDC_mod1_initialize
 .text.PMSM_to_BLDC_mod1_terminate
                0x08009c98      0x294 PMSM_to_BLDC_mod1.c.o
                0x08009c98                PMSM_to_BLDC_mod1_terminate
 .text.rt_OneStep
                0x08009f2c       0x4c ert_main.c.o
                0x08009f2c                rt_OneStep
 .text.main     0x08009f78      0x194 ert_main.c.o
                0x08009f78                main
 .text.rtIsInf  0x0800a10c       0x5c rt_nonfinite.c.o
                0x0800a10c                rtIsInf
 .text.rtIsInfF
                0x0800a168       0x44 rt_nonfinite.c.o
                0x0800a168                rtIsInfF
 .text.rtIsNaN  0x0800a1ac       0x2a rt_nonfinite.c.o
                0x0800a1ac                rtIsNaN
 .text.rtIsNaNF
                0x0800a1d6       0x2e rt_nonfinite.c.o
                0x0800a1d6                rtIsNaNF
 .text.LL_DMA_SetDataTransferDirection
                0x0800a204       0x48 spi.c.o
 .text.LL_DMA_SetMode
                0x0800a24c       0x48 spi.c.o
 .text.LL_DMA_SetPeriphIncMode
                0x0800a294       0x48 spi.c.o
 .text.LL_DMA_SetMemoryIncMode
                0x0800a2dc       0x48 spi.c.o
 .text.LL_DMA_SetPeriphSize
                0x0800a324       0x48 spi.c.o
 .text.LL_DMA_SetMemorySize
                0x0800a36c       0x48 spi.c.o
 .text.LL_DMA_SetStreamPriorityLevel
                0x0800a3b4       0x48 spi.c.o
 .text.LL_DMA_SetChannelSelection
                0x0800a3fc       0x48 spi.c.o
 .text.LL_DMA_DisableFifoMode
                0x0800a444       0x40 spi.c.o
 .text.LL_AHB1_GRP1_EnableClock
                0x0800a484       0x30 spi.c.o
 .text.LL_APB1_GRP1_EnableClock
                0x0800a4b4       0x30 spi.c.o
 .text.LL_SPI_SetStandard
                0x0800a4e4       0x26 spi.c.o
 *fill*         0x0800a50a        0x2 
 .text.MX_SPI3_Init
                0x0800a50c      0x168 spi.c.o
                0x0800a50c                MX_SPI3_Init
 .text.LL_ADC_REG_SetSequencerRanks
                0x0800a674       0x7a adc.c.o
 .text.LL_ADC_REG_SetFlagEndOfConversion
                0x0800a6ee       0x26 adc.c.o
 .text.LL_ADC_SetChannelSamplingTime
                0x0800a714       0xc2 adc.c.o
 *fill*         0x0800a7d6        0x2 
 .text.LL_AHB1_GRP1_EnableClock
                0x0800a7d8       0x30 adc.c.o
 .text.LL_APB2_GRP1_EnableClock
                0x0800a808       0x30 adc.c.o
 .text.MX_ADC1_Init
                0x0800a838       0xec adc.c.o
                0x0800a838                MX_ADC1_Init
 .text.MX_ADC2_Init
                0x0800a924       0xc4 adc.c.o
                0x0800a924                MX_ADC2_Init
 .text.MX_ADC3_Init
                0x0800a9e8       0xc4 adc.c.o
                0x0800a9e8                MX_ADC3_Init
 .text.__NVIC_GetPriorityGrouping
                0x0800aaac       0x1c dma.c.o
 .text.__NVIC_EnableIRQ
                0x0800aac8       0x3c dma.c.o
 .text.__NVIC_SetPriority
                0x0800ab04       0x54 dma.c.o
 .text.NVIC_EncodePriority
                0x0800ab58       0x66 dma.c.o
 *fill*         0x0800abbe        0x2 
 .text.LL_AHB1_GRP1_EnableClock
                0x0800abc0       0x30 dma.c.o
 .text.MX_DMA_Init
                0x0800abf0       0x90 dma.c.o
                0x0800abf0                MX_DMA_Init
 .text.LL_AHB1_GRP1_EnableClock
                0x0800ac80       0x30 gpio.c.o
 .text.LL_GPIO_ResetOutputPin
                0x0800acb0       0x1e gpio.c.o
 *fill*         0x0800acce        0x2 
 .text.MX_GPIO_Init
                0x0800acd0       0x94 gpio.c.o
                0x0800acd0                MX_GPIO_Init
 .text.LL_AHB1_GRP1_EnableClock
                0x0800ad64       0x30 tim.c.o
 .text.LL_APB2_GRP1_EnableClock
                0x0800ad94       0x30 tim.c.o
 .text.LL_TIM_DisableARRPreload
                0x0800adc4       0x20 tim.c.o
 .text.LL_TIM_OC_DisableFast
                0x0800ade4       0x8c tim.c.o
 .text.LL_TIM_OC_EnablePreload
                0x0800ae70       0x88 tim.c.o
 .text.LL_TIM_SetTriggerOutput
                0x0800aef8       0x26 tim.c.o
 .text.LL_TIM_DisableMasterSlaveMode
                0x0800af1e       0x20 tim.c.o
 *fill*         0x0800af3e        0x2 
 .text.MX_TIM8_Init
                0x0800af40      0x1c4 tim.c.o
                0x0800af40                MX_TIM8_Init
 .text.LL_DMA_SetDataTransferDirection
                0x0800b104       0x48 usart.c.o
 .text.LL_DMA_SetMode
                0x0800b14c       0x48 usart.c.o
 .text.LL_DMA_SetPeriphIncMode
                0x0800b194       0x48 usart.c.o
 .text.LL_DMA_SetMemoryIncMode
                0x0800b1dc       0x48 usart.c.o
 .text.LL_DMA_SetPeriphSize
                0x0800b224       0x48 usart.c.o
 .text.LL_DMA_SetMemorySize
                0x0800b26c       0x48 usart.c.o
 .text.LL_DMA_SetStreamPriorityLevel
                0x0800b2b4       0x48 usart.c.o
 .text.LL_DMA_SetChannelSelection
                0x0800b2fc       0x48 usart.c.o
 .text.LL_DMA_DisableFifoMode
                0x0800b344       0x40 usart.c.o
 .text.LL_AHB1_GRP1_EnableClock
                0x0800b384       0x30 usart.c.o
 .text.LL_APB1_GRP1_EnableClock
                0x0800b3b4       0x30 usart.c.o
 .text.LL_USART_Enable
                0x0800b3e4       0x20 usart.c.o
 .text.LL_USART_ConfigAsyncMode
                0x0800b404       0x2c usart.c.o
 .text.MX_USART2_UART_Init
                0x0800b430      0x15c usart.c.o
                0x0800b430                MX_USART2_UART_Init
 .text.xcp_void_printf
                0x0800b58c       0x12 xcp_ext_common.c.o
                0x0800b58c                xcp_void_printf
 .text.xcpCopyTimeValue
                0x0800b59e       0x26 xcp_ext_common.c.o
 *fill*         0x0800b5c4        0x4 
 .text.xcpExtModeUpdateTime
                0x0800b5c8      0x13c xcp_ext_common.c.o
                0x0800b5c8                xcpExtModeUpdateTime
 *fill*         0x0800b704        0x4 
 .text.xcpExtModeGetUpdatedTimestamp
                0x0800b708       0x84 xcp_ext_common.c.o
                0x0800b708                xcpExtModeGetUpdatedTimestamp
 .text.xcpExtModeInit
                0x0800b78c       0xb0 xcp_ext_common.c.o
                0x0800b78c                xcpExtModeInit
 .text.xcpExtModeRunBackground
                0x0800b83c      0x13c xcp_ext_common.c.o
                0x0800b83c                xcpExtModeRunBackground
 .text.xcpExtModeReset
                0x0800b978      0x128 xcp_ext_common.c.o
                0x0800b978                xcpExtModeReset
 .text.sampleSignalTrigger
                0x0800baa0      0x1b4 xcp_ext_classic_trigger.c.o
 .text.updateTriggerStatus
                0x0800bc54      0x2b8 xcp_ext_classic_trigger.c.o
 .text.xcpExtModeClassicTriggerInit
                0x0800bf0c       0x68 xcp_ext_classic_trigger.c.o
                0x0800bf0c                xcpExtModeClassicTriggerInit
 .text.xcpExtModeClassicTriggerEnabled
                0x0800bf74      0x100 xcp_ext_classic_trigger.c.o
                0x0800bf74                xcpExtModeClassicTriggerEnabled
 .text.xcpExtModeClassicTriggerReset
                0x0800c074       0xf4 xcp_ext_classic_trigger.c.o
                0x0800c074                xcpExtModeClassicTriggerReset
 .text.xcpExtModeClassicTriggerForceEnableStatusUpdate
                0x0800c168       0x78 xcp_ext_classic_trigger.c.o
                0x0800c168                xcpExtModeClassicTriggerForceEnableStatusUpdate
 .text.msgBufferRealloc
                0x0800c1e0       0x72 xcp.c.o
 *fill*         0x0800c252        0x2 
 .text.discardInputPacketHandler
                0x0800c254       0x3c xcp.c.o
 .text.unknownInputPacketHandler
                0x0800c290       0x34 xcp.c.o
 .text.xcpGetPacketGroupID
                0x0800c2c4       0x74 xcp.c.o
 .text.xcpGetPacketHandlers
                0x0800c338      0x124 xcp.c.o
 .text.xcpStatusSet
                0x0800c45c       0x20 xcp.c.o
                0x0800c45c                xcpStatusSet
 .text.xcpSessionStatusGet
                0x0800c47c       0x18 xcp.c.o
                0x0800c47c                xcpSessionStatusGet
 .text.xcpSessionStatusSetMask
                0x0800c494       0x28 xcp.c.o
                0x0800c494                xcpSessionStatusSetMask
 .text.xcpSessionStatusClearMask
                0x0800c4bc       0x34 xcp.c.o
                0x0800c4bc                xcpSessionStatusClearMask
 .text.xcpResourceProtectionStatusGet
                0x0800c4f0       0x18 xcp.c.o
                0x0800c4f0                xcpResourceProtectionStatusGet
 .text.xcpSessionConfigurationIdGet
                0x0800c508       0x18 xcp.c.o
                0x0800c508                xcpSessionConfigurationIdGet
 .text.genericOutputPacketHandler
                0x0800c520      0x11c xcp.c.o
                0x0800c520                genericOutputPacketHandler
 .text.xcpFindPacket
                0x0800c63c       0x6e xcp.c.o
                0x0800c63c                xcpFindPacket
 *fill*         0x0800c6aa        0x2 
 .text.xcpInit  0x0800c6ac       0x64 xcp.c.o
                0x0800c6ac                xcpInit
 .text.xcpRun   0x0800c710      0x194 xcp.c.o
                0x0800c710                xcpRun
 .text.xcpEventExternalTimestamp
                0x0800c8a4       0x48 xcp.c.o
                0x0800c8a4                xcpEventExternalTimestamp
 .text.xcpGetStatus
                0x0800c8ec       0x18 xcp.c.o
                0x0800c8ec                xcpGetStatus
 .text.xcpReset
                0x0800c904       0x40 xcp.c.o
                0x0800c904                xcpReset
 .text.xcpPackedModeEventsFlush
                0x0800c944       0x1e xcp.c.o
                0x0800c944                xcpPackedModeEventsFlush
 .text.xcpPackedModeEventReset
                0x0800c962       0x2a xcp.c.o
                0x0800c962                xcpPackedModeEventReset
 .text.isValidUploadSize
                0x0800c98c       0x30 xcp_standard.c.o
 .text.xcpMemcpyFromMTA
                0x0800c9bc       0x38 xcp_standard.c.o
 .text.connectInputPacketHandler
                0x0800c9f4       0xa4 xcp_standard.c.o
 .text.connectOutputPacketHandler
                0x0800ca98       0xd4 xcp_standard.c.o
 .text.disconnectInputPacketHandler
                0x0800cb6c       0x54 xcp_standard.c.o
 .text.getStatusInputPacketHandler
                0x0800cbc0       0x28 xcp_standard.c.o
 .text.getStatusOutputPacketHandler
                0x0800cbe8       0x80 xcp_standard.c.o
 .text.synchInputPacketHandler
                0x0800cc68       0x44 xcp_standard.c.o
 .text.setMTAInputPacketHandler
                0x0800ccac       0x78 xcp_standard.c.o
 .text.uploadInputPacketHandler
                0x0800cd24       0x98 xcp_standard.c.o
 .text.uploadOutputPacketHandler
                0x0800cdbc       0x9c xcp_standard.c.o
 .text.shortUploadInputPacketHandler
                0x0800ce58       0xa4 xcp_standard.c.o
 .text.shortUploadOutputPacketHandler
                0x0800cefc       0x9c xcp_standard.c.o
 .text.getPacket
                0x0800cf98       0x24 xcp_standard.c.o
 .text.xcpStandardInit
                0x0800cfbc       0x18 xcp_standard.c.o
                0x0800cfbc                xcpStandardInit
 .text.xcpStandardGetPacketLookup
                0x0800cfd4       0x18 xcp_standard.c.o
                0x0800cfd4                xcpStandardGetPacketLookup
 .text.xcpStandardSetPacketLookup
                0x0800cfec       0x20 xcp_standard.c.o
                0x0800cfec                xcpStandardSetPacketLookup
 .text.xcpStandardReset
                0x0800d00c       0x12 xcp_standard.c.o
                0x0800d00c                xcpStandardReset
 *fill*         0x0800d01e        0x2 
 .text.xcpStandardGetAddressFromMta
                0x0800d020       0x18 xcp_standard.c.o
                0x0800d020                xcpStandardGetAddressFromMta
 .text.xcpStandardSetMta
                0x0800d038       0x3c xcp_standard.c.o
                0x0800d038                xcpStandardSetMta
 .text.xcpStandardIncrementMta
                0x0800d074       0x28 xcp_standard.c.o
                0x0800d074                xcpStandardIncrementMta
 .text.xcpStandardExtendedInit
                0x0800d09c        0xe xcp_standard.c.o
                0x0800d09c                xcpStandardExtendedInit
 .text.xcpStandardExtendedReset
                0x0800d0aa        0xe xcp_standard.c.o
                0x0800d0aa                xcpStandardExtendedReset
 .text.xcpDaqWriteLock
                0x0800d0b8       0x4c xcp_daq.c.o
 .text.xcpDaqWriteUnlock
                0x0800d104       0x20 xcp_daq.c.o
 .text.xcpDaqReadLock
                0x0800d124       0x38 xcp_daq.c.o
 .text.xcpDaqReadUnlock
                0x0800d15c       0x38 xcp_daq.c.o
 .text.isActiveDaqList
                0x0800d194       0x50 xcp_daq.c.o
 .text.noActiveDaqLists
                0x0800d1e4       0x50 xcp_daq.c.o
 .text.isValidDaqPtr
                0x0800d234       0xb8 xcp_daq.c.o
 .text.isValidDaqEntry
                0x0800d2ec       0x36 xcp_daq.c.o
 .text.isSupportedDaqListMode
                0x0800d322       0x26 xcp_daq.c.o
 .text.isValidStartStopMode
                0x0800d348       0x32 xcp_daq.c.o
 .text.isValidStartStopSynchMode
                0x0800d37a       0x32 xcp_daq.c.o
 .text.absoluteOdtNumberIdentification
                0x0800d3ac       0x10 xcp_daq.c.o
 .text.isDaqPackedModeEnabled
                0x0800d3bc       0x6c xcp_daq.c.o
 .text.odtPacketSize
                0x0800d428       0x54 xcp_daq.c.o
 .text.createDaqReservedPool
                0x0800d47c       0x88 xcp_daq.c.o
 .text.destroyDaqReservedPool
                0x0800d504       0x2c xcp_daq.c.o
 .text.setDaqPtrInputPacketHandler
                0x0800d530       0xdc xcp_daq.c.o
 .text.writeDaqInputPacketHandler
                0x0800d60c      0x198 xcp_daq.c.o
 .text.setDaqListModeInputPacketHandler
                0x0800d7a4      0x1c8 xcp_daq.c.o
 .text.startStopDaqListInputPacketHandler
                0x0800d96c      0x3f4 xcp_daq.c.o
 .text.startStopDaqListOutputPacketHandler
                0x0800dd60       0x5c xcp_daq.c.o
 .text.startStopSynchInputPacketHandler
                0x0800ddbc      0x328 xcp_daq.c.o
 .text.getDaqProcessorInfoInputPacketHandler
                0x0800e0e4       0x28 xcp_daq.c.o
 .text.getDaqProcessorInfoOutputPacketHandler
                0x0800e10c       0xac xcp_daq.c.o
 .text.getDaqResolutionInfoInputPacketHandler
                0x0800e1b8       0x28 xcp_daq.c.o
 .text.getDaqResolutionInfoOutputPacketHandler
                0x0800e1e0       0xb8 xcp_daq.c.o
 .text.freeDaqInputPacketHandler
                0x0800e298       0x5c xcp_daq.c.o
 .text.allocDaqInputPacketHandler
                0x0800e2f4      0x18c xcp_daq.c.o
 .text.allocOdtInputPacketHandler
                0x0800e480      0x1c0 xcp_daq.c.o
 .text.allocOdtEntryInputPacketHandler
                0x0800e640      0x270 xcp_daq.c.o
 .text.getDaqClockInputPacketHandler
                0x0800e8b0       0x22 xcp_daq.c.o
 *fill*         0x0800e8d2        0x2 
 .text.setDaqPackedModeInputPacketHandler
                0x0800e8d4      0x21c xcp_daq.c.o
 .text.level1CommandInputPacketHandler
                0x0800eaf0       0x64 xcp_daq.c.o
 .text.getPacket
                0x0800eb54       0x24 xcp_daq.c.o
 .text.xcpDaqInit
                0x0800eb78       0x38 xcp_daq.c.o
                0x0800eb78                xcpDaqInit
 .text.xcpDaqGetPacketLookup
                0x0800ebb0       0x18 xcp_daq.c.o
                0x0800ebb0                xcpDaqGetPacketLookup
 .text.xcpDaqSetPacketLookup
                0x0800ebc8       0x20 xcp_daq.c.o
                0x0800ebc8                xcpDaqSetPacketLookup
 .text.xcpResetDaq
                0x0800ebe8       0xa4 xcp_daq.c.o
 .text.daqWriteXCPDataForOdt
                0x0800ec8c       0x7c xcp_daq.c.o
 .text.odtWriteEntries
                0x0800ed08       0x9c xcp_daq.c.o
 .text.xcpProcessDaq
                0x0800eda4      0x208 xcp_daq.c.o
 .text.xcpDaqEvent
                0x0800efac      0x108 xcp_daq.c.o
                0x0800efac                xcpDaqEvent
 .text.xcpDaqEventsFlush
                0x0800f0b4      0x284 xcp_daq.c.o
                0x0800f0b4                xcpDaqEventsFlush
 .text.xcpDaqLock
                0x0800f338       0x1e xcp_daq.c.o
                0x0800f338                xcpDaqLock
 .text.xcpDaqUnlock
                0x0800f356        0xe xcp_daq.c.o
                0x0800f356                xcpDaqUnlock
 .text.xcpResetDaqListStatus
                0x0800f364      0x19c xcp_daq.c.o
                0x0800f364                xcpResetDaqListStatus
 .text.xcpDaqReset
                0x0800f500       0x20 xcp_daq.c.o
                0x0800f500                xcpDaqReset
 .text.xcpDaqExtendedInit
                0x0800f520        0xe xcp_daq.c.o
                0x0800f520                xcpDaqExtendedInit
 .text.xcpDaqExtendedReset
                0x0800f52e        0xe xcp_daq.c.o
                0x0800f52e                xcpDaqExtendedReset
 .text.isValidShortDownloadSize
                0x0800f53c       0x34 xcp_calibration.c.o
 .text.isValidDownloadSize
                0x0800f570       0x3a xcp_calibration.c.o
 *fill*         0x0800f5aa        0x2 
 .text.xcpMemcpyToMTA
                0x0800f5ac       0x34 xcp_calibration.c.o
 .text.downloadInputPacketHandler
                0x0800f5e0       0xb0 xcp_calibration.c.o
 .text.shortDownloadInputPacketHandler
                0x0800f690       0xb8 xcp_calibration.c.o
 .text.getPacket
                0x0800f748       0x24 xcp_calibration.c.o
 .text.xcpCalibrationInit
                0x0800f76c       0x14 xcp_calibration.c.o
                0x0800f76c                xcpCalibrationInit
 .text.xcpCalibrationGetPacketLookup
                0x0800f780       0x18 xcp_calibration.c.o
                0x0800f780                xcpCalibrationGetPacketLookup
 .text.xcpCalibrationSetPacketLookup
                0x0800f798       0x20 xcp_calibration.c.o
                0x0800f798                xcpCalibrationSetPacketLookup
 .text.xcpCalibrationReset
                0x0800f7b8        0xe xcp_calibration.c.o
                0x0800f7b8                xcpCalibrationReset
 .text.xcpFifoInit
                0x0800f7c6       0x20 xcp_fifo.c.o
                0x0800f7c6                xcpFifoInit
 .text.xcpFifoEnqueue
                0x0800f7e6       0x2a xcp_fifo.c.o
                0x0800f7e6                xcpFifoEnqueue
 .text.xcpFifoDequeue
                0x0800f810       0x3e xcp_fifo.c.o
                0x0800f810                xcpFifoDequeue
 .text.xcpFifoEnqueueHead
                0x0800f84e       0x32 xcp_fifo.c.o
                0x0800f84e                xcpFifoEnqueueHead
 .text.xcpFifoReset
                0x0800f880       0x16 xcp_fifo.c.o
                0x0800f880                xcpFifoReset
 *fill*         0x0800f896        0x2 
 .text.xcpTransportEmptyTxFifo
                0x0800f898       0x6c xcp_transport.c.o
 .text.xcpTransportEmptyRxFifo
                0x0800f904       0x6c xcp_transport.c.o
 .text.xcpTransportInit
                0x0800f970      0x138 xcp_transport.c.o
                0x0800f970                xcpTransportInit
 .text.xcpTransportTxReady
                0x0800faa8       0x1a xcp_transport.c.o
                0x0800faa8                xcpTransportTxReady
 .text.xcpTransportTxTrigger
                0x0800fac2       0x1a xcp_transport.c.o
                0x0800fac2                xcpTransportTxTrigger
 .text.xcpTransportTxPacketSet
                0x0800fadc      0x144 xcp_transport.c.o
                0x0800fadc                xcpTransportTxPacketSet
 .text.xcpTransportTx
                0x0800fc20       0xec xcp_transport.c.o
                0x0800fc20                xcpTransportTx
 .text.xcpTransportRx
                0x0800fd0c       0x80 xcp_transport.c.o
                0x0800fd0c                xcpTransportRx
 .text.xcpTransportRxPacketGet
                0x0800fd8c      0x12c xcp_transport.c.o
                0x0800fd8c                xcpTransportRxPacketGet
 .text.xcpTransportPacketOffset
                0x0800feb8       0x20 xcp_transport.c.o
                0x0800feb8                xcpTransportPacketOffset
 .text.xcpTransportMsgBufferSize
                0x0800fed8       0x70 xcp_transport.c.o
                0x0800fed8                xcpTransportMsgBufferSize
 .text.xcpTransportMaxDtoSize
                0x0800ff48        0xe xcp_transport.c.o
                0x0800ff48                xcpTransportMaxDtoSize
 .text.xcpTransportMaxCtoSize
                0x0800ff56        0xe xcp_transport.c.o
                0x0800ff56                xcpTransportMaxCtoSize
 .text.xcpTransportRestart
                0x0800ff64       0x44 xcp_transport.c.o
                0x0800ff64                xcpTransportRestart
 .text.xcpTransportResynch
                0x0800ffa8       0x40 xcp_transport.c.o
                0x0800ffa8                xcpTransportResynch
 .text.xcpTransportCtoReservedMemPoolId
                0x0800ffe8       0x18 xcp_transport.c.o
                0x0800ffe8                xcpTransportCtoReservedMemPoolId
 .text.xcpTransportReset
                0x08010000       0xe4 xcp_transport.c.o
                0x08010000                xcpTransportReset
 .text.xcpInitializePoolMemoryArea
                0x080100e4       0x72 xcp_mem_default.c.o
 *fill*         0x08010156        0x2 
 .text.xcpMemInit
                0x08010158      0x1d4 xcp_mem_default.c.o
                0x08010158                xcpMemInit
 .text.xcpMemAlloc
                0x0801032c       0xe8 xcp_mem_default.c.o
                0x0801032c                xcpMemAlloc
 .text.xcpMemFree
                0x08010414      0x170 xcp_mem_default.c.o
                0x08010414                xcpMemFree
 .text.xcpMemReservedPoolCreate
                0x08010584      0x224 xcp_mem_default.c.o
                0x08010584                xcpMemReservedPoolCreate
 .text.xcpMemReservedPoolDestroy
                0x080107a8      0x158 xcp_mem_default.c.o
                0x080107a8                xcpMemReservedPoolDestroy
 .text.xcpMemCustomPoolCreate
                0x08010900       0xbc xcp_mem_default.c.o
                0x08010900                xcpMemCustomPoolCreate
 .text.xcpMemCustomPoolDestroy
                0x080109bc       0x64 xcp_mem_default.c.o
                0x080109bc                xcpMemCustomPoolDestroy
 .text.xcpMemAllocFromPool
                0x08010a20      0x170 xcp_mem_default.c.o
                0x08010a20                xcpMemAllocFromPool
 .text.xcpMemReset
                0x08010b90       0x54 xcp_mem_default.c.o
                0x08010b90                xcpMemReset
 .text.xcpDrvOpen
                0x08010be4       0x64 xcp_drv_rtiostream.c.o
                0x08010be4                xcpDrvOpen
 .text.xcpDrvIoctl
                0x08010c48       0x4c xcp_drv_rtiostream.c.o
                0x08010c48                xcpDrvIoctl
 .text.xcpDrvSend
                0x08010c94      0x14c xcp_drv_rtiostream.c.o
                0x08010c94                xcpDrvSend
 .text.xcpDrvRecv
                0x08010de0      0x14c xcp_drv_rtiostream.c.o
                0x08010de0                xcpDrvRecv
 .text.xcpDrvClose
                0x08010f2c       0x5c xcp_drv_rtiostream.c.o
                0x08010f2c                xcpDrvClose
 .text.xcpSortArray
                0x08010f88       0xcc xcp_utils.c.o
                0x08010f88                xcpSortArray
 .text.xcpSxiHtons
                0x08011054       0x18 xcp_frame_serial.c.o
 .text.xcpSxiNtohs
                0x0801106c       0x1c xcp_frame_serial.c.o
 .text.xcpSxiChecksum
                0x08011088       0x3e xcp_frame_serial.c.o
                0x08011088                xcpSxiChecksum
 *fill*         0x080110c6        0x2 
 .text.xcpFrameInit
                0x080110c8       0x70 xcp_frame_serial.c.o
                0x080110c8                xcpFrameInit
 .text.xcpFrameMsgSend
                0x08011138      0x188 xcp_frame_serial.c.o
                0x08011138                xcpFrameMsgSend
 .text.xcpFrameMsgRecv
                0x080112c0      0x180 xcp_frame_serial.c.o
                0x080112c0                xcpFrameMsgRecv
 .text.xcpFrameCreateMsg
                0x08011440       0x94 xcp_frame_serial.c.o
                0x08011440                xcpFrameCreateMsg
 .text.xcpFrameExtractPacket
                0x080114d4      0x158 xcp_frame_serial.c.o
                0x080114d4                xcpFrameExtractPacket
 .text.xcpFrameHeaderSize
                0x0801162c       0x10 xcp_frame_serial.c.o
                0x0801162c                xcpFrameHeaderSize
 .text.xcpFrameTailSize
                0x0801163c       0x10 xcp_frame_serial.c.o
                0x0801163c                xcpFrameTailSize
 .text.xcpFrameMaxDtoSize
                0x0801164c       0x12 xcp_frame_serial.c.o
                0x0801164c                xcpFrameMaxDtoSize
 .text.xcpFrameMaxCtoSize
                0x0801165e       0x10 xcp_frame_serial.c.o
                0x0801165e                xcpFrameMaxCtoSize
 *fill*         0x0801166e        0x2 
 .text.xcpFrameRestart
                0x08011670       0x30 xcp_frame_serial.c.o
                0x08011670                xcpFrameRestart
 .text.xcpFrameSetCtoReservedMemPoolId
                0x080116a0       0x20 xcp_frame_serial.c.o
                0x080116a0                xcpFrameSetCtoReservedMemPoolId
 .text.xcpFrameReset
                0x080116c0       0x70 xcp_frame_serial.c.o
                0x080116c0                xcpFrameReset
 .text.xcpTransportGetInitParameters
                0x08011730       0x2e xcp_ext_param_default_serial.c.o
                0x08011730                xcpTransportGetInitParameters
 .text.xcpGetInitParameters
                0x0801175e       0x2e xcp_ext_param_default_serial.c.o
                0x0801175e                xcpGetInitParameters
 .text.HAL_Delay
                0x0801178c       0x2e overrideHALDelay.c.o
                0x0801178c                HAL_Delay
 *fill*         0x080117ba        0x2 
 .text.PeriphCommonClock_Config
                0x080117bc       0x10 platform_timer.c.o
                0x080117bc                PeriphCommonClock_Config
 .text.getCurrentTimestampInMicros
                0x080117cc       0x40 platform_timer.c.o
                0x080117cc                getCurrentTimestampInMicros
 .text.returnTimeElapsed
                0x0801180c       0x2c platform_timer.c.o
                0x0801180c                returnTimeElapsed
 .text.__NVIC_SetPriority
                0x08011838       0x54 SysTickScheduler.c.o
 .text.SysTick_Config
                0x0801188c       0x44 SysTickScheduler.c.o
 .text.SysTick_Isr
                0x080118d0       0x48 SysTickScheduler.c.o
 .text.SysTick_Handler
                0x08011918       0x20 SysTickScheduler.c.o
                0x08011918                SysTick_Handler
 .text.ARMCM_SysTick_Config
                0x08011938       0xb0 SysTickScheduler.c.o
                0x08011938                ARMCM_SysTick_Config
 .text.PendSV_Handler
                0x080119e8       0x44 m3m4m4f_multitasking.c.o
                0x080119e8                PendSV_Handler
 .text.SVC_Handler
                0x08011a2c       0x58 m3m4m4f_multitasking.c.o
                0x08011a2c                SVC_Handler
 .text.rtIOStreamOpen
                0x08011a84       0x58 rtiostream_serial.c.o
                0x08011a84                rtIOStreamOpen
 .text.rtIOStreamSend
                0x08011adc       0x34 rtiostream_serial.c.o
                0x08011adc                rtIOStreamSend
 .text.rtIOStreamRecv
                0x08011b10       0x48 rtiostream_serial.c.o
                0x08011b10                rtIOStreamRecv
 .text.rtIOStreamClose
                0x08011b58       0x20 rtiostream_serial.c.o
                0x08011b58                rtIOStreamClose
 .text.__NVIC_GetPriorityGrouping
                0x08011b78       0x1c stm_usart.c.o
 .text.__NVIC_EnableIRQ
                0x08011b94       0x3c stm_usart.c.o
 .text.__NVIC_SetPriority
                0x08011bd0       0x54 stm_usart.c.o
 .text.NVIC_EncodePriority
                0x08011c24       0x66 stm_usart.c.o
 *fill*         0x08011c8a        0x2 
 .text.LL_DMA_EnableStream
                0x08011c8c       0x40 stm_usart.c.o
 .text.LL_DMA_DisableStream
                0x08011ccc       0x40 stm_usart.c.o
 .text.LL_DMA_GetMode
                0x08011d0c       0x30 stm_usart.c.o
 .text.LL_DMA_SetDataLength
                0x08011d3c       0x48 stm_usart.c.o
 .text.LL_DMA_GetDataLength
                0x08011d84       0x2c stm_usart.c.o
 .text.LL_DMA_ConfigAddresses
                0x08011db0       0x78 stm_usart.c.o
 .text.LL_DMA_SetMemoryAddress
                0x08011e28       0x30 stm_usart.c.o
 .text.LL_DMA_IsActiveFlag_TC5
                0x08011e58       0x28 stm_usart.c.o
 .text.LL_DMA_IsActiveFlag_TC6
                0x08011e80       0x28 stm_usart.c.o
 .text.LL_DMA_ClearFlag_TC5
                0x08011ea8       0x1c stm_usart.c.o
 .text.LL_DMA_ClearFlag_TC6
                0x08011ec4       0x1c stm_usart.c.o
 .text.LL_DMA_EnableIT_TC
                0x08011ee0       0x40 stm_usart.c.o
 .text.LL_DMA_DisableIT_TC
                0x08011f20       0x40 stm_usart.c.o
 .text.LL_DMA_IsEnabledIT_TC
                0x08011f60       0x38 stm_usart.c.o
 .text.LL_USART_Enable
                0x08011f98       0x20 stm_usart.c.o
 .text.LL_USART_Disable
                0x08011fb8       0x20 stm_usart.c.o
 .text.LL_USART_IsActiveFlag_PE
                0x08011fd8       0x26 stm_usart.c.o
 .text.LL_USART_IsActiveFlag_FE
                0x08011ffe       0x26 stm_usart.c.o
 .text.LL_USART_IsActiveFlag_NE
                0x08012024       0x26 stm_usart.c.o
 .text.LL_USART_IsActiveFlag_ORE
                0x0801204a       0x26 stm_usart.c.o
 .text.LL_USART_ClearFlag_PE
                0x08012070       0x24 stm_usart.c.o
 .text.LL_USART_ClearFlag_ORE
                0x08012094       0x24 stm_usart.c.o
 .text.LL_USART_EnableIT_RXNE
                0x080120b8       0x46 stm_usart.c.o
 .text.LL_USART_EnableIT_PE
                0x080120fe       0x46 stm_usart.c.o
 .text.LL_USART_EnableIT_ERROR
                0x08012144       0x46 stm_usart.c.o
 .text.LL_USART_DisableIT_IDLE
                0x0801218a       0x46 stm_usart.c.o
 .text.LL_USART_DisableIT_RXNE
                0x080121d0       0x46 stm_usart.c.o
 .text.LL_USART_DisableIT_TXE
                0x08012216       0x46 stm_usart.c.o
 .text.LL_USART_DisableIT_PE
                0x0801225c       0x46 stm_usart.c.o
 .text.LL_USART_DisableIT_ERROR
                0x080122a2       0x46 stm_usart.c.o
 .text.LL_USART_EnableDMAReq_RX
                0x080122e8       0x46 stm_usart.c.o
 .text.LL_USART_DisableDMAReq_RX
                0x0801232e       0x46 stm_usart.c.o
 .text.LL_USART_EnableDMAReq_TX
                0x08012374       0x46 stm_usart.c.o
 .text.LL_USART_DisableDMAReq_TX
                0x080123ba       0x46 stm_usart.c.o
 .text.LL_USART_DMA_GetRegAddr
                0x08012400       0x18 stm_usart.c.o
 .text.LL_USART_ReceiveData8
                0x08012418       0x1a stm_usart.c.o
 .text.checkIfTransmitBufferFull
                0x08012432       0x64 stm_usart.c.o
                0x08012432                checkIfTransmitBufferFull
 .text.copyToTransmitBuffer
                0x08012496       0xf4 stm_usart.c.o
                0x08012496                copyToTransmitBuffer
 .text.getAvailableDataInBuffer
                0x0801258a       0xcc stm_usart.c.o
                0x0801258a                getAvailableDataInBuffer
 .text.getBytesToBeReadFromBuffer
                0x08012656       0x6e stm_usart.c.o
                0x08012656                getBytesToBeReadFromBuffer
 .text.readDataFromBuffer
                0x080126c4       0xcc stm_usart.c.o
                0x080126c4                readDataFromBuffer
 .text.UART_RXDMAInterruptHandler
                0x08012790       0xd4 stm_usart.c.o
                0x08012790                UART_RXDMAInterruptHandler
 .text.UART_TXDMAInterruptHandler
                0x08012864      0x164 stm_usart.c.o
                0x08012864                UART_TXDMAInterruptHandler
 .text.UART_IsActiveFlagError
                0x080129c8       0xe0 stm_usart.c.o
                0x080129c8                UART_IsActiveFlagError
 .text.USART2_IRQHandler
                0x08012aa8       0x14 stm_usart.c.o
                0x08012aa8                USART2_IRQHandler
 .text.DMA1_Stream6_IRQHandler
                0x08012abc       0x20 stm_usart.c.o
                0x08012abc                DMA1_Stream6_IRQHandler
 .text.DMA1_Stream5_IRQHandler
                0x08012adc       0x20 stm_usart.c.o
                0x08012adc                DMA1_Stream5_IRQHandler
 .text.UART_ConfigureReceiveDMA
                0x08012afc       0x88 stm_usart.c.o
                0x08012afc                UART_ConfigureReceiveDMA
 .text.UART_ConfigureTransmitDMA
                0x08012b84       0x54 stm_usart.c.o
                0x08012b84                UART_ConfigureTransmitDMA
 .text.getReadErrorStatus
                0x08012bd8       0xc8 stm_usart.c.o
                0x08012bd8                getReadErrorStatus
 .text.MW_UART_Initialize
                0x08012ca0      0x198 stm_usart.c.o
                0x08012ca0                MW_UART_Initialize
 .text.MW_UART_ReceiveUsingBuffer
                0x08012e38       0x5c stm_usart.c.o
                0x08012e38                MW_UART_ReceiveUsingBuffer
 .text.MW_UART_TransmitUsingDMA
                0x08012e94       0xfc stm_usart.c.o
                0x08012e94                MW_UART_TransmitUsingDMA
 .text.MW_UART_DeInit
                0x08012f90       0xaa stm_usart.c.o
                0x08012f90                MW_UART_DeInit
 .text.sys_arch_protect_arm
                0x0801303a       0x22 sys_arch_arm.c.o
                0x0801303a                sys_arch_protect_arm
 .text.sys_arch_unprotect_arm
                0x0801305c       0x20 sys_arch_arm.c.o
                0x0801305c                sys_arch_unprotect_arm
 .text.LL_RCC_HSE_Enable
                0x0801307c       0x20 main.c.o
 .text.LL_RCC_HSE_IsReady
                0x0801309c       0x28 main.c.o
 .text.LL_RCC_SetSysClkSource
                0x080130c4       0x28 main.c.o
 .text.LL_RCC_GetSysClkSource
                0x080130ec       0x1c main.c.o
 .text.LL_RCC_SetAHBPrescaler
                0x08013108       0x28 main.c.o
 .text.LL_RCC_SetAPB1Prescaler
                0x08013130       0x28 main.c.o
 .text.LL_RCC_SetAPB2Prescaler
                0x08013158       0x28 main.c.o
 .text.LL_RCC_PLL_Enable
                0x08013180       0x20 main.c.o
 .text.LL_RCC_PLL_IsReady
                0x080131a0       0x28 main.c.o
 .text.LL_RCC_PLL_ConfigDomain_SYS
                0x080131c8       0x4c main.c.o
 .text.LL_FLASH_SetLatency
                0x08013214       0x28 main.c.o
 .text.LL_FLASH_GetLatency
                0x0801323c       0x1c main.c.o
 .text.LL_PWR_SetRegulVoltageScaling
                0x08013258       0x28 main.c.o
 .text.LL_PWR_IsActiveFlag_VOS
                0x08013280       0x28 main.c.o
 .text.SystemClock_Config
                0x080132a8       0xa0 main.c.o
                0x080132a8                SystemClock_Config
 .text.HAL_TIM_PeriodElapsedCallback
                0x08013348       0x24 main.c.o
                0x08013348                HAL_TIM_PeriodElapsedCallback
 .text.Error_Handler
                0x0801336c        0xc main.c.o
                0x0801336c                Error_Handler
 .text.NMI_Handler
                0x08013378        0x8 stm32f4xx_it.c.o
                0x08013378                NMI_Handler
 .text.HardFault_Handler
                0x08013380        0x8 stm32f4xx_it.c.o
                0x08013380                HardFault_Handler
 .text.MemManage_Handler
                0x08013388        0x8 stm32f4xx_it.c.o
                0x08013388                MemManage_Handler
 .text.BusFault_Handler
                0x08013390        0x8 stm32f4xx_it.c.o
                0x08013390                BusFault_Handler
 .text.UsageFault_Handler
                0x08013398        0x8 stm32f4xx_it.c.o
                0x08013398                UsageFault_Handler
 .text.DebugMon_Handler
                0x080133a0        0xe stm32f4xx_it.c.o
                0x080133a0                DebugMon_Handler
 .text.DMA1_Stream0_IRQHandler
                0x080133ae        0xe stm32f4xx_it.c.o
                0x080133ae                DMA1_Stream0_IRQHandler
 .text.TIM1_UP_TIM10_IRQHandler
                0x080133bc       0x14 stm32f4xx_it.c.o
                0x080133bc                TIM1_UP_TIM10_IRQHandler
 .text.DMA1_Stream7_IRQHandler
                0x080133d0        0xe stm32f4xx_it.c.o
                0x080133d0                DMA1_Stream7_IRQHandler
 *fill*         0x080133de        0x2 
 .text.HAL_MspInit
                0x080133e0       0x50 stm32f4xx_hal_msp.c.o
                0x080133e0                HAL_MspInit
 .text.HAL_InitTick
                0x08013430       0xe8 stm32f4xx_hal_timebase_tim.c.o
                0x08013430                HAL_InitTick
 .text.HAL_TIM_Base_Init
                0x08013518       0x9e stm32f4xx_hal_tim.c.o
                0x08013518                HAL_TIM_Base_Init
 .text.HAL_TIM_Base_MspInit
                0x080135b6       0x14 stm32f4xx_hal_tim.c.o
                0x080135b6                HAL_TIM_Base_MspInit
 *fill*         0x080135ca        0x2 
 .text.HAL_TIM_Base_Start_IT
                0x080135cc       0xe0 stm32f4xx_hal_tim.c.o
                0x080135cc                HAL_TIM_Base_Start_IT
 .text.HAL_TIM_IRQHandler
                0x080136ac      0x1e0 stm32f4xx_hal_tim.c.o
                0x080136ac                HAL_TIM_IRQHandler
 .text.HAL_TIM_OC_DelayElapsedCallback
                0x0801388c       0x14 stm32f4xx_hal_tim.c.o
                0x0801388c                HAL_TIM_OC_DelayElapsedCallback
 .text.HAL_TIM_IC_CaptureCallback
                0x080138a0       0x14 stm32f4xx_hal_tim.c.o
                0x080138a0                HAL_TIM_IC_CaptureCallback
 .text.HAL_TIM_PWM_PulseFinishedCallback
                0x080138b4       0x14 stm32f4xx_hal_tim.c.o
                0x080138b4                HAL_TIM_PWM_PulseFinishedCallback
 .text.HAL_TIM_TriggerCallback
                0x080138c8       0x14 stm32f4xx_hal_tim.c.o
                0x080138c8                HAL_TIM_TriggerCallback
 .text.TIM_Base_SetConfig
                0x080138dc      0x158 stm32f4xx_hal_tim.c.o
                0x080138dc                TIM_Base_SetConfig
 .text.HAL_TIMEx_CommutCallback
                0x08013a34       0x14 stm32f4xx_hal_tim_ex.c.o
                0x08013a34                HAL_TIMEx_CommutCallback
 .text.HAL_TIMEx_BreakCallback
                0x08013a48       0x14 stm32f4xx_hal_tim_ex.c.o
                0x08013a48                HAL_TIMEx_BreakCallback
 .text.LL_GPIO_SetPinMode
                0x08013a5c       0x7a stm32f4xx_ll_gpio.c.o
 .text.LL_GPIO_SetPinOutputType
                0x08013ad6       0x30 stm32f4xx_ll_gpio.c.o
 .text.LL_GPIO_SetPinSpeed
                0x08013b06       0x7a stm32f4xx_ll_gpio.c.o
 .text.LL_GPIO_SetPinPull
                0x08013b80       0x7a stm32f4xx_ll_gpio.c.o
 .text.LL_GPIO_SetAFPin_0_7
                0x08013bfa       0x7a stm32f4xx_ll_gpio.c.o
 .text.LL_GPIO_SetAFPin_8_15
                0x08013c74       0x7e stm32f4xx_ll_gpio.c.o
 .text.LL_GPIO_Init
                0x08013cf2      0x102 stm32f4xx_ll_gpio.c.o
                0x08013cf2                LL_GPIO_Init
 .text.LL_ADC_REG_SetSequencerLength
                0x08013df4       0x26 stm32f4xx_ll_adc.c.o
 .text.LL_ADC_IsEnabled
                0x08013e1a       0x26 stm32f4xx_ll_adc.c.o
 .text.LL_ADC_CommonInit
                0x08013e40       0x90 stm32f4xx_ll_adc.c.o
                0x08013e40                LL_ADC_CommonInit
 .text.LL_ADC_Init
                0x08013ed0       0x58 stm32f4xx_ll_adc.c.o
                0x08013ed0                LL_ADC_Init
 .text.LL_ADC_REG_Init
                0x08013f28       0x84 stm32f4xx_ll_adc.c.o
                0x08013f28                LL_ADC_REG_Init
 .text.LL_RCC_GetSysClkSource
                0x08013fac       0x1c stm32f4xx_ll_rcc.c.o
 .text.LL_RCC_GetAHBPrescaler
                0x08013fc8       0x1c stm32f4xx_ll_rcc.c.o
 .text.LL_RCC_GetAPB1Prescaler
                0x08013fe4       0x1c stm32f4xx_ll_rcc.c.o
 .text.LL_RCC_GetAPB2Prescaler
                0x08014000       0x1c stm32f4xx_ll_rcc.c.o
 .text.LL_RCC_PLL_GetMainSource
                0x0801401c       0x1c stm32f4xx_ll_rcc.c.o
 .text.LL_RCC_PLL_GetN
                0x08014038       0x1c stm32f4xx_ll_rcc.c.o
 .text.LL_RCC_PLL_GetP
                0x08014054       0x1c stm32f4xx_ll_rcc.c.o
 .text.LL_RCC_PLL_GetDivider
                0x08014070       0x1c stm32f4xx_ll_rcc.c.o
 .text.LL_RCC_GetSystemClocksFreq
                0x0801408c       0x4a stm32f4xx_ll_rcc.c.o
                0x0801408c                LL_RCC_GetSystemClocksFreq
 *fill*         0x080140d6        0x2 
 .text.RCC_GetSystemClockFreq
                0x080140d8       0x50 stm32f4xx_ll_rcc.c.o
                0x080140d8                RCC_GetSystemClockFreq
 .text.RCC_GetHCLKClockFreq
                0x08014128       0x2c stm32f4xx_ll_rcc.c.o
                0x08014128                RCC_GetHCLKClockFreq
 .text.RCC_GetPCLK1ClockFreq
                0x08014154       0x28 stm32f4xx_ll_rcc.c.o
                0x08014154                RCC_GetPCLK1ClockFreq
 .text.RCC_GetPCLK2ClockFreq
                0x0801417c       0x28 stm32f4xx_ll_rcc.c.o
                0x0801417c                RCC_GetPCLK2ClockFreq
 .text.RCC_PLL_GetFreqDomain_SYS
                0x080141a4       0x7c stm32f4xx_ll_rcc.c.o
                0x080141a4                RCC_PLL_GetFreqDomain_SYS
 .text.LL_SetSystemCoreClock
                0x08014220       0x20 stm32f4xx_ll_utils.c.o
                0x08014220                LL_SetSystemCoreClock
 .text.HAL_RCC_GetHCLKFreq
                0x08014240       0x18 stm32f4xx_hal_rcc.c.o
                0x08014240                HAL_RCC_GetHCLKFreq
 .text.HAL_RCC_GetPCLK2Freq
                0x08014258       0x28 stm32f4xx_hal_rcc.c.o
                0x08014258                HAL_RCC_GetPCLK2Freq
 .text.HAL_RCC_GetClockConfig
                0x08014280       0x64 stm32f4xx_hal_rcc.c.o
                0x08014280                HAL_RCC_GetClockConfig
 .text.__NVIC_SetPriorityGrouping
                0x080142e4       0x48 stm32f4xx_hal_cortex.c.o
 .text.__NVIC_GetPriorityGrouping
                0x0801432c       0x1c stm32f4xx_hal_cortex.c.o
 .text.__NVIC_EnableIRQ
                0x08014348       0x3c stm32f4xx_hal_cortex.c.o
 .text.__NVIC_SetPriority
                0x08014384       0x54 stm32f4xx_hal_cortex.c.o
 .text.NVIC_EncodePriority
                0x080143d8       0x66 stm32f4xx_hal_cortex.c.o
 .text.HAL_NVIC_SetPriorityGrouping
                0x0801443e       0x16 stm32f4xx_hal_cortex.c.o
                0x0801443e                HAL_NVIC_SetPriorityGrouping
 .text.HAL_NVIC_SetPriority
                0x08014454       0x38 stm32f4xx_hal_cortex.c.o
                0x08014454                HAL_NVIC_SetPriority
 .text.HAL_NVIC_EnableIRQ
                0x0801448c       0x1c stm32f4xx_hal_cortex.c.o
                0x0801448c                HAL_NVIC_EnableIRQ
 .text.HAL_Init
                0x080144a8       0x44 stm32f4xx_hal.c.o
                0x080144a8                HAL_Init
 .text.HAL_IncTick
                0x080144ec       0x28 stm32f4xx_hal.c.o
                0x080144ec                HAL_IncTick
 .text.HAL_GetTick
                0x08014514       0x18 stm32f4xx_hal.c.o
                0x08014514                HAL_GetTick
 .text.LL_SPI_IsEnabled
                0x0801452c       0x26 stm32f4xx_ll_spi.c.o
 .text.LL_SPI_SetCRCPolynomial
                0x08014552       0x20 stm32f4xx_ll_spi.c.o
 .text.LL_SPI_Init
                0x08014572       0xa4 stm32f4xx_ll_spi.c.o
                0x08014572                LL_SPI_Init
 .text.LL_TIM_SetPrescaler
                0x08014616       0x1c stm32f4xx_ll_tim.c.o
 .text.LL_TIM_SetAutoReload
                0x08014632       0x1c stm32f4xx_ll_tim.c.o
 .text.LL_TIM_SetRepetitionCounter
                0x0801464e       0x1c stm32f4xx_ll_tim.c.o
 .text.LL_TIM_OC_SetCompareCH1
                0x0801466a       0x1c stm32f4xx_ll_tim.c.o
 .text.LL_TIM_OC_SetCompareCH2
                0x08014686       0x1c stm32f4xx_ll_tim.c.o
 .text.LL_TIM_OC_SetCompareCH3
                0x080146a2       0x1c stm32f4xx_ll_tim.c.o
 .text.LL_TIM_OC_SetCompareCH4
                0x080146be       0x1c stm32f4xx_ll_tim.c.o
 .text.LL_TIM_GenerateEvent_UPDATE
                0x080146da       0x20 stm32f4xx_ll_tim.c.o
 *fill*         0x080146fa        0x2 
 .text.LL_TIM_Init
                0x080146fc      0x134 stm32f4xx_ll_tim.c.o
                0x080146fc                LL_TIM_Init
 .text.LL_TIM_OC_Init
                0x08014830       0x82 stm32f4xx_ll_tim.c.o
                0x08014830                LL_TIM_OC_Init
 .text.LL_TIM_BDTR_Init
                0x080148b2       0x84 stm32f4xx_ll_tim.c.o
                0x080148b2                LL_TIM_BDTR_Init
 *fill*         0x08014936        0x2 
 .text.OC1Config
                0x08014938       0xd8 stm32f4xx_ll_tim.c.o
 .text.OC2Config
                0x08014a10       0xe0 stm32f4xx_ll_tim.c.o
 .text.OC3Config
                0x08014af0       0xe0 stm32f4xx_ll_tim.c.o
 .text.OC4Config
                0x08014bd0       0xb0 stm32f4xx_ll_tim.c.o
 .text.LL_USART_IsEnabled
                0x08014c80       0x28 stm32f4xx_ll_usart.c.o
 .text.LL_USART_SetStopBitsLength
                0x08014ca8       0x26 stm32f4xx_ll_usart.c.o
 .text.LL_USART_SetHWFlowCtrl
                0x08014cce       0x26 stm32f4xx_ll_usart.c.o
 .text.LL_USART_SetBaudRate
                0x08014cf4      0x45c stm32f4xx_ll_usart.c.o
 .text.LL_USART_Init
                0x08015150      0x100 stm32f4xx_ll_usart.c.o
                0x08015150                LL_USART_Init
 .text.SystemInit
                0x08015250       0x24 system_stm32f4xx.c.o
                0x08015250                SystemInit
 .text.Reset_Handler
                0x08015274       0x50 startup_stm32f405rgtx.s.o
                0x08015274                Reset_Handler
 .text.Default_Handler
                0x080152c4        0x2 startup_stm32f405rgtx.s.o
                0x080152c4                RTC_Alarm_IRQHandler
                0x080152c4                HASH_RNG_IRQHandler
                0x080152c4                EXTI2_IRQHandler
                0x080152c4                TIM8_CC_IRQHandler
                0x080152c4                TIM1_CC_IRQHandler
                0x080152c4                DMA2_Stream5_IRQHandler
                0x080152c4                PVD_IRQHandler
                0x080152c4                SDIO_IRQHandler
                0x080152c4                TAMP_STAMP_IRQHandler
                0x080152c4                CAN2_RX1_IRQHandler
                0x080152c4                EXTI3_IRQHandler
                0x080152c4                TIM8_TRG_COM_TIM14_IRQHandler
                0x080152c4                TIM8_UP_TIM13_IRQHandler
                0x080152c4                I2C3_ER_IRQHandler
                0x080152c4                EXTI0_IRQHandler
                0x080152c4                I2C2_EV_IRQHandler
                0x080152c4                DMA1_Stream2_IRQHandler
                0x080152c4                CAN1_RX0_IRQHandler
                0x080152c4                FPU_IRQHandler
                0x080152c4                OTG_HS_WKUP_IRQHandler
                0x080152c4                CAN2_SCE_IRQHandler
                0x080152c4                DMA2_Stream2_IRQHandler
                0x080152c4                SPI1_IRQHandler
                0x080152c4                TIM6_DAC_IRQHandler
                0x080152c4                TIM1_BRK_TIM9_IRQHandler
                0x080152c4                CAN2_RX0_IRQHandler
                0x080152c4                DMA2_Stream3_IRQHandler
                0x080152c4                USART6_IRQHandler
                0x080152c4                USART3_IRQHandler
                0x080152c4                CAN1_RX1_IRQHandler
                0x080152c4                UART5_IRQHandler
                0x080152c4                DMA2_Stream0_IRQHandler
                0x080152c4                TIM4_IRQHandler
                0x080152c4                I2C1_EV_IRQHandler
                0x080152c4                DMA1_Stream1_IRQHandler
                0x080152c4                UART4_IRQHandler
                0x080152c4                TIM3_IRQHandler
                0x080152c4                RCC_IRQHandler
                0x080152c4                TIM8_BRK_TIM12_IRQHandler
                0x080152c4                Default_Handler
                0x080152c4                EXTI15_10_IRQHandler
                0x080152c4                TIM7_IRQHandler
                0x080152c4                CAN2_TX_IRQHandler
                0x080152c4                TIM5_IRQHandler
                0x080152c4                DMA2_Stream7_IRQHandler
                0x080152c4                I2C3_EV_IRQHandler
                0x080152c4                EXTI9_5_IRQHandler
                0x080152c4                RTC_WKUP_IRQHandler
                0x080152c4                SPI2_IRQHandler
                0x080152c4                OTG_HS_EP1_IN_IRQHandler
                0x080152c4                CAN1_TX_IRQHandler
                0x080152c4                EXTI4_IRQHandler
                0x080152c4                FSMC_IRQHandler
                0x080152c4                OTG_HS_EP1_OUT_IRQHandler
                0x080152c4                WWDG_IRQHandler
                0x080152c4                TIM2_IRQHandler
                0x080152c4                OTG_FS_WKUP_IRQHandler
                0x080152c4                TIM1_TRG_COM_TIM11_IRQHandler
                0x080152c4                OTG_HS_IRQHandler
                0x080152c4                EXTI1_IRQHandler
                0x080152c4                I2C2_ER_IRQHandler
                0x080152c4                DMA2_Stream1_IRQHandler
                0x080152c4                CAN1_SCE_IRQHandler
                0x080152c4                FLASH_IRQHandler
                0x080152c4                DMA2_Stream4_IRQHandler
                0x080152c4                USART1_IRQHandler
                0x080152c4                OTG_FS_IRQHandler
                0x080152c4                SPI3_IRQHandler
                0x080152c4                DMA1_Stream4_IRQHandler
                0x080152c4                I2C1_ER_IRQHandler
                0x080152c4                DMA2_Stream6_IRQHandler
                0x080152c4                DMA1_Stream3_IRQHandler
 .text.LL_TIM_GetCounterMode
                0x080152c6       0x30 stm_timer_ll.c.o
 .text.LL_TIM_GetRepetitionCounter
                0x080152f6       0x18 stm_timer_ll.c.o
 .text.LL_TIM_CC_EnableChannel
                0x0801530e       0x22 stm_timer_ll.c.o
 .text.LL_TIM_CC_DisableChannel
                0x08015330       0x24 stm_timer_ll.c.o
 .text.LL_TIM_EnableAllOutputs
                0x08015354       0x20 stm_timer_ll.c.o
 .text.LL_TIM_EnableIT_UPDATE
                0x08015374       0x20 stm_timer_ll.c.o
 .text.LL_TIM_DisableIT_UPDATE
                0x08015394       0x20 stm_timer_ll.c.o
 .text.LL_TIM_IsEnabledIT_UPDATE
                0x080153b4       0x26 stm_timer_ll.c.o
 .text.LL_TIM_EnableIT_CC1
                0x080153da       0x20 stm_timer_ll.c.o
 .text.LL_TIM_DisableIT_CC1
                0x080153fa       0x20 stm_timer_ll.c.o
 .text.LL_TIM_IsEnabledIT_CC1
                0x0801541a       0x26 stm_timer_ll.c.o
 .text.LL_TIM_EnableIT_CC2
                0x08015440       0x20 stm_timer_ll.c.o
 .text.LL_TIM_DisableIT_CC2
                0x08015460       0x20 stm_timer_ll.c.o
 .text.LL_TIM_IsEnabledIT_CC2
                0x08015480       0x26 stm_timer_ll.c.o
 .text.LL_TIM_EnableIT_CC3
                0x080154a6       0x20 stm_timer_ll.c.o
 .text.LL_TIM_DisableIT_CC3
                0x080154c6       0x20 stm_timer_ll.c.o
 .text.LL_TIM_IsEnabledIT_CC3
                0x080154e6       0x26 stm_timer_ll.c.o
 .text.LL_TIM_EnableIT_CC4
                0x0801550c       0x20 stm_timer_ll.c.o
 .text.LL_TIM_DisableIT_CC4
                0x0801552c       0x20 stm_timer_ll.c.o
 .text.LL_TIM_IsEnabledIT_CC4
                0x0801554c       0x26 stm_timer_ll.c.o
 .text.LL_TIM_EnableIT_COM
                0x08015572       0x20 stm_timer_ll.c.o
 .text.LL_TIM_DisableIT_COM
                0x08015592       0x20 stm_timer_ll.c.o
 .text.LL_TIM_IsEnabledIT_COM
                0x080155b2       0x26 stm_timer_ll.c.o
 .text.LL_TIM_EnableIT_TRIG
                0x080155d8       0x20 stm_timer_ll.c.o
 .text.LL_TIM_DisableIT_TRIG
                0x080155f8       0x20 stm_timer_ll.c.o
 .text.LL_TIM_IsEnabledIT_TRIG
                0x08015618       0x26 stm_timer_ll.c.o
 .text.LL_TIM_EnableIT_BRK
                0x0801563e       0x20 stm_timer_ll.c.o
 .text.LL_TIM_DisableIT_BRK
                0x0801565e       0x20 stm_timer_ll.c.o
 .text.LL_TIM_IsEnabledIT_BRK
                0x0801567e       0x26 stm_timer_ll.c.o
 .text.enableTimerInterrupts
                0x080156a4      0x134 stm_timer_ll.c.o
                0x080156a4                enableTimerInterrupts
 .text.disableTimerInterrupts
                0x080157d8      0x134 stm_timer_ll.c.o
                0x080157d8                disableTimerInterrupts
 .text.enableTimerChannel1
                0x0801590c       0x78 stm_timer_ll.c.o
                0x0801590c                enableTimerChannel1
 .text.disableTimerChannel1
                0x08015984       0x78 stm_timer_ll.c.o
                0x08015984                disableTimerChannel1
 .text.enableTimerChannel2
                0x080159fc       0x78 stm_timer_ll.c.o
                0x080159fc                enableTimerChannel2
 .text.disableTimerChannel2
                0x08015a74       0x78 stm_timer_ll.c.o
                0x08015a74                disableTimerChannel2
 .text.enableTimerChannel3
                0x08015aec       0x80 stm_timer_ll.c.o
                0x08015aec                enableTimerChannel3
 .text.disableTimerChannel3
                0x08015b6c       0x80 stm_timer_ll.c.o
                0x08015b6c                disableTimerChannel3
 .text.Timer_Handle_Init
                0x08015bec       0xa4 stm_timer_ll.c.o
                0x08015bec                Timer_Handle_Init
 .text.checkFrequencyAndDutyCycleLimits
                0x08015c90       0x44 stm_timer_ll.c.o
                0x08015c90                checkFrequencyAndDutyCycleLimits
 .text.LL_ADC_REG_IsTriggerSourceSWStart
                0x08015cd4       0x26 stm_adc_ll.c.o
 .text.LL_ADC_REG_SetSequencerLength
                0x08015cfa       0x26 stm_adc_ll.c.o
 .text.LL_ADC_REG_SetDMATransfer
                0x08015d20       0x26 stm_adc_ll.c.o
 .text.LL_ADC_Enable
                0x08015d46       0x20 stm_adc_ll.c.o
 .text.LL_ADC_Disable
                0x08015d66       0x20 stm_adc_ll.c.o
 .text.LL_ADC_IsEnabled
                0x08015d86       0x26 stm_adc_ll.c.o
 .text.LL_ADC_REG_StartConversionSWStart
                0x08015dac       0x20 stm_adc_ll.c.o
 .text.LL_ADC_REG_ReadConversionData12
                0x08015dcc       0x1a stm_adc_ll.c.o
 .text.LL_ADC_IsActiveFlag_EOCS
                0x08015de6       0x26 stm_adc_ll.c.o
 .text.LL_ADC_IsActiveFlag_OVR
                0x08015e0c       0x26 stm_adc_ll.c.o
 .text.LL_ADC_ClearFlag_EOCS
                0x08015e32       0x1c stm_adc_ll.c.o
 .text.LL_ADC_ClearFlag_OVR
                0x08015e4e       0x1c stm_adc_ll.c.o
 .text.LL_ADC_EnableIT_EOCS
                0x08015e6a       0x20 stm_adc_ll.c.o
 .text.LL_ADC_EnableIT_JEOS
                0x08015e8a       0x20 stm_adc_ll.c.o
 .text.LL_ADC_DisableIT_EOCS
                0x08015eaa       0x20 stm_adc_ll.c.o
 .text.LL_ADC_DisableIT_OVR
                0x08015eca       0x20 stm_adc_ll.c.o
 .text.LL_ADC_DisableIT_JEOS
                0x08015eea       0x20 stm_adc_ll.c.o
 .text.LL_ADC_DisableIT_AWD1
                0x08015f0a       0x20 stm_adc_ll.c.o
 .text.LL_ADC_IsEnabledIT_OVR
                0x08015f2a       0x28 stm_adc_ll.c.o
 .text.LL_ADC_IsEnabledIT_AWD1
                0x08015f52       0x26 stm_adc_ll.c.o
 .text.regularADCTrigger
                0x08015f78       0x86 stm_adc_ll.c.o
 .text.configure_ADCs_DMA
                0x08015ffe       0x1a stm_adc_ll.c.o
 .text.deconfigure_ADCs_DMA
                0x08016018       0x18 stm_adc_ll.c.o
 .text.ADC_IsActiveFlagOVR
                0x08016030       0x42 stm_adc_ll.c.o
                0x08016030                ADC_IsActiveFlagOVR
 .text.ADC_IRQHandler
                0x08016072        0xe stm_adc_ll.c.o
                0x08016072                ADC_IRQHandler
 .text.startADCConversionForExternalTrigger
                0x08016080       0x18 stm_adc_ll.c.o
                0x08016080                startADCConversionForExternalTrigger
 .text.ADC_Handle_Init
                0x08016098      0x150 stm_adc_ll.c.o
                0x08016098                ADC_Handle_Init
 .text.enableADC
                0x080161e8       0x2a stm_adc_ll.c.o
                0x080161e8                enableADC
 .text.regularReadADCNormal
                0x08016212      0x10a stm_adc_ll.c.o
                0x08016212                regularReadADCNormal
 .text.ADC_Handle_Deinit
                0x0801631c      0x100 stm_adc_ll.c.o
                0x0801631c                ADC_Handle_Deinit
 .text.fmod     0x0801641c       0x6c C:/ProgramData/MATLAB/SupportPackages/R2025b/3P.instrset/gnuarm-armcortex.instrset/win/bin/../lib/gcc/arm-none-eabi/13.2.1/thumb/v7e-m+fp/hard\libm.a(libm_a-w_fmod.o)
                0x0801641c                fmod
 .text.sqrt     0x08016488       0x68 C:/ProgramData/MATLAB/SupportPackages/R2025b/3P.instrset/gnuarm-armcortex.instrset/win/bin/../lib/gcc/arm-none-eabi/13.2.1/thumb/v7e-m+fp/hard\libm.a(libm_a-w_sqrt.o)
                0x08016488                sqrt
 .text.cos      0x080164f0       0x88 C:/ProgramData/MATLAB/SupportPackages/R2025b/3P.instrset/gnuarm-armcortex.instrset/win/bin/../lib/gcc/arm-none-eabi/13.2.1/thumb/v7e-m+fp/hard\libm.a(libm_a-s_cos.o)
                0x080164f0                cos
 .text.sin      0x08016578       0x90 C:/ProgramData/MATLAB/SupportPackages/R2025b/3P.instrset/gnuarm-armcortex.instrset/win/bin/../lib/gcc/arm-none-eabi/13.2.1/thumb/v7e-m+fp/hard\libm.a(libm_a-s_sin.o)
                0x08016578                sin
 .text.fmodf    0x08016608       0x48 C:/ProgramData/MATLAB/SupportPackages/R2025b/3P.instrset/gnuarm-armcortex.instrset/win/bin/../lib/gcc/arm-none-eabi/13.2.1/thumb/v7e-m+fp/hard\libm.a(libm_a-wf_fmod.o)
                0x08016608                fmodf
 .text.fmax     0x08016650       0x50 C:/ProgramData/MATLAB/SupportPackages/R2025b/3P.instrset/gnuarm-armcortex.instrset/win/bin/../lib/gcc/arm-none-eabi/13.2.1/thumb/v7e-m+fp/hard\libm.a(libm_a-s_fmax.o)
                0x08016650                fmax
 .text.fmin     0x080166a0       0x50 C:/ProgramData/MATLAB/SupportPackages/R2025b/3P.instrset/gnuarm-armcortex.instrset/win/bin/../lib/gcc/arm-none-eabi/13.2.1/thumb/v7e-m+fp/hard\libm.a(libm_a-s_fmin.o)
                0x080166a0                fmin
 .text.__fpclassifyd
                0x080166f0       0x5c C:/ProgramData/MATLAB/SupportPackages/R2025b/3P.instrset/gnuarm-armcortex.instrset/win/bin/../lib/gcc/arm-none-eabi/13.2.1/thumb/v7e-m+fp/hard\libm.a(libm_a-s_fpclassify.o)
                0x080166f0                __fpclassifyd
 .text.__ieee754_sqrt
                0x0801674c      0x1f4 C:/ProgramData/MATLAB/SupportPackages/R2025b/3P.instrset/gnuarm-armcortex.instrset/win/bin/../lib/gcc/arm-none-eabi/13.2.1/thumb/v7e-m+fp/hard\libm.a(libm_a-e_sqrt.o)
                0x0801674c                __ieee754_sqrt
 .text.floor    0x08016940      0x108 C:/ProgramData/MATLAB/SupportPackages/R2025b/3P.instrset/gnuarm-armcortex.instrset/win/bin/../lib/gcc/arm-none-eabi/13.2.1/thumb/v7e-m+fp/hard\libm.a(libm_a-s_floor.o)
                0x08016940                floor
 .text.trunc    0x08016a48       0x70 C:/ProgramData/MATLAB/SupportPackages/R2025b/3P.instrset/gnuarm-armcortex.instrset/win/bin/../lib/gcc/arm-none-eabi/13.2.1/thumb/v7e-m+fp/hard\libm.a(libm_a-s_trunc.o)
                0x08016a48                trunc
 .text.floorf   0x08016ab8       0x94 C:/ProgramData/MATLAB/SupportPackages/R2025b/3P.instrset/gnuarm-armcortex.instrset/win/bin/../lib/gcc/arm-none-eabi/13.2.1/thumb/v7e-m+fp/hard\libm.a(libm_a-sf_floor.o)
                0x08016ab8                floorf
 .text.truncf   0x08016b4c       0x3c C:/ProgramData/MATLAB/SupportPackages/R2025b/3P.instrset/gnuarm-armcortex.instrset/win/bin/../lib/gcc/arm-none-eabi/13.2.1/thumb/v7e-m+fp/hard\libm.a(libm_a-sf_trunc.o)
                0x08016b4c                truncf
 .text.__kernel_cos
                0x08016b88      0x26c C:/ProgramData/MATLAB/SupportPackages/R2025b/3P.instrset/gnuarm-armcortex.instrset/win/bin/../lib/gcc/arm-none-eabi/13.2.1/thumb/v7e-m+fp/hard\libm.a(libm_a-k_cos.o)
                0x08016b88                __kernel_cos
 *fill*         0x08016df4        0x4 
 .text.__kernel_sin
                0x08016df8      0x17c C:/ProgramData/MATLAB/SupportPackages/R2025b/3P.instrset/gnuarm-armcortex.instrset/win/bin/../lib/gcc/arm-none-eabi/13.2.1/thumb/v7e-m+fp/hard\libm.a(libm_a-k_sin.o)
                0x08016df8                __kernel_sin
 .text.__ieee754_fmod
                0x08016f74      0x30c C:/ProgramData/MATLAB/SupportPackages/R2025b/3P.instrset/gnuarm-armcortex.instrset/win/bin/../lib/gcc/arm-none-eabi/13.2.1/thumb/v7e-m+fp/hard\libm.a(libm_a-e_fmod.o)
                0x08016f74                __ieee754_fmod
 .text.__ieee754_rem_pio2
                0x08017280      0x424 C:/ProgramData/MATLAB/SupportPackages/R2025b/3P.instrset/gnuarm-armcortex.instrset/win/bin/../lib/gcc/arm-none-eabi/13.2.1/thumb/v7e-m+fp/hard\libm.a(libm_a-e_rem_pio2.o)
                0x08017280                __ieee754_rem_pio2
 .text.fabs     0x080176a4       0x10 C:/ProgramData/MATLAB/SupportPackages/R2025b/3P.instrset/gnuarm-armcortex.instrset/win/bin/../lib/gcc/arm-none-eabi/13.2.1/thumb/v7e-m+fp/hard\libm.a(libm_a-s_fabs.o)
                0x080176a4                fabs
 .text.__ieee754_fmodf
                0x080176b4      0x140 C:/ProgramData/MATLAB/SupportPackages/R2025b/3P.instrset/gnuarm-armcortex.instrset/win/bin/../lib/gcc/arm-none-eabi/13.2.1/thumb/v7e-m+fp/hard\libm.a(libm_a-ef_fmod.o)
                0x080176b4                __ieee754_fmodf
 *fill*         0x080177f4        0x4 
 .text.__kernel_rem_pio2
                0x080177f8      0x82c C:/ProgramData/MATLAB/SupportPackages/R2025b/3P.instrset/gnuarm-armcortex.instrset/win/bin/../lib/gcc/arm-none-eabi/13.2.1/thumb/v7e-m+fp/hard\libm.a(libm_a-k_rem_pio2.o)
                0x080177f8                __kernel_rem_pio2
 *fill*         0x08018024        0x4 
 .text.scalbn   0x08018028      0x114 C:/ProgramData/MATLAB/SupportPackages/R2025b/3P.instrset/gnuarm-armcortex.instrset/win/bin/../lib/gcc/arm-none-eabi/13.2.1/thumb/v7e-m+fp/hard\libm.a(libm_a-s_scalbn.o)
                0x08018028                scalbn
 .text.__udivmoddi4
                0x0801813c      0x2bc C:/ProgramData/MATLAB/SupportPackages/R2025b/3P.instrset/gnuarm-armcortex.instrset/win/bin/../lib/gcc/arm-none-eabi/13.2.1/thumb/v7e-m+fp/hard\libgcc.a(_udivmoddi4.o)
                0x0801813c                __udivmoddi4
 .text.memset   0x080183f8       0xa4 C:/ProgramData/MATLAB/SupportPackages/R2025b/3P.instrset/gnuarm-armcortex.instrset/win/bin/../lib/gcc/arm-none-eabi/13.2.1/thumb/v7e-m+fp/hard\libg.a(libc_a-memset.o)
                0x080183f8                memset
 .text.__errno  0x0801849c        0xc C:/ProgramData/MATLAB/SupportPackages/R2025b/3P.instrset/gnuarm-armcortex.instrset/win/bin/../lib/gcc/arm-none-eabi/13.2.1/thumb/v7e-m+fp/hard\libg.a(libc_a-errno.o)
                0x0801849c                __errno
 .text.__libc_init_array
                0x080184a8       0x50 C:/ProgramData/MATLAB/SupportPackages/R2025b/3P.instrset/gnuarm-armcortex.instrset/win/bin/../lib/gcc/arm-none-eabi/13.2.1/thumb/v7e-m+fp/hard\libg.a(libc_a-init.o)
                0x080184a8                __libc_init_array
 .text.__retarget_lock_acquire_recursive
                0x080184f8        0x4 C:/ProgramData/MATLAB/SupportPackages/R2025b/3P.instrset/gnuarm-armcortex.instrset/win/bin/../lib/gcc/arm-none-eabi/13.2.1/thumb/v7e-m+fp/hard\libg.a(libc_a-lock.o)
                0x080184f8                __retarget_lock_acquire_recursive
 .text.__retarget_lock_release_recursive
                0x080184fc        0x4 C:/ProgramData/MATLAB/SupportPackages/R2025b/3P.instrset/gnuarm-armcortex.instrset/win/bin/../lib/gcc/arm-none-eabi/13.2.1/thumb/v7e-m+fp/hard\libg.a(libc_a-lock.o)
                0x080184fc                __retarget_lock_release_recursive
 .text.startup.register_fini
                0x08018500       0x14 C:/ProgramData/MATLAB/SupportPackages/R2025b/3P.instrset/gnuarm-armcortex.instrset/win/bin/../lib/gcc/arm-none-eabi/13.2.1/thumb/v7e-m+fp/hard\libg.a(libc_a-__call_atexit.o)
 .text.atexit   0x08018514        0xc C:/ProgramData/MATLAB/SupportPackages/R2025b/3P.instrset/gnuarm-armcortex.instrset/win/bin/../lib/gcc/arm-none-eabi/13.2.1/thumb/v7e-m+fp/hard\libg.a(libc_a-atexit.o)
                0x08018514                atexit
 .text.__libc_fini_array
                0x08018520       0x28 C:/ProgramData/MATLAB/SupportPackages/R2025b/3P.instrset/gnuarm-armcortex.instrset/win/bin/../lib/gcc/arm-none-eabi/13.2.1/thumb/v7e-m+fp/hard\libg.a(libc_a-fini.o)
                0x08018520                __libc_fini_array
 .text.__register_exitproc
                0x08018548       0x80 C:/ProgramData/MATLAB/SupportPackages/R2025b/3P.instrset/gnuarm-armcortex.instrset/win/bin/../lib/gcc/arm-none-eabi/13.2.1/thumb/v7e-m+fp/hard\libg.a(libc_a-__atexit.o)
                0x08018548                __register_exitproc
 *(.glue_7)
 .glue_7        0x080185c8        0x0 linker stubs
 *(.glue_7t)
 .glue_7t       0x080185c8        0x0 linker stubs
 *(.eh_frame)
 .eh_frame      0x080185c8        0x0 C:/ProgramData/MATLAB/SupportPackages/R2025b/3P.instrset/gnuarm-armcortex.instrset/win/bin/../lib/gcc/arm-none-eabi/13.2.1/thumb/v7e-m+fp/hard/crtbegin.o
 *(.init)
 .init          0x080185c8        0x4 C:/ProgramData/MATLAB/SupportPackages/R2025b/3P.instrset/gnuarm-armcortex.instrset/win/bin/../lib/gcc/arm-none-eabi/13.2.1/thumb/v7e-m+fp/hard/crti.o
                0x080185c8                _init
 .init          0x080185cc        0x8 C:/ProgramData/MATLAB/SupportPackages/R2025b/3P.instrset/gnuarm-armcortex.instrset/win/bin/../lib/gcc/arm-none-eabi/13.2.1/thumb/v7e-m+fp/hard/crtn.o
 *(.fini)
 .fini          0x080185d4        0x4 C:/ProgramData/MATLAB/SupportPackages/R2025b/3P.instrset/gnuarm-armcortex.instrset/win/bin/../lib/gcc/arm-none-eabi/13.2.1/thumb/v7e-m+fp/hard/crti.o
                0x080185d4                _fini
 .fini          0x080185d8        0x8 C:/ProgramData/MATLAB/SupportPackages/R2025b/3P.instrset/gnuarm-armcortex.instrset/win/bin/../lib/gcc/arm-none-eabi/13.2.1/thumb/v7e-m+fp/hard/crtn.o
                0x080185e0                        . = ALIGN (0x4)
                0x080185e0                        _etext = .

.vfp11_veneer   0x080185e0        0x0
 .vfp11_veneer  0x080185e0        0x0 linker stubs

.v4_bx          0x080185e0        0x0
 .v4_bx         0x080185e0        0x0 linker stubs

.iplt           0x080185e0        0x0
 .iplt          0x080185e0        0x0 C:/ProgramData/MATLAB/SupportPackages/R2025b/3P.instrset/gnuarm-armcortex.instrset/win/bin/../lib/gcc/arm-none-eabi/13.2.1/thumb/v7e-m+fp/hard/crtbegin.o

.rodata         0x080185e0     0x5c10
                0x080185e0                        . = ALIGN (0x4)
 *(.rodata)
 .rodata        0x080185e0      0x2b9 xcp_ext_mode.c.o
 *fill*         0x08018899        0x7 
 .rodata        0x080188a0       0x18 PMSM_to_BLDC_mod1.c.o
 .rodata        0x080188b8      0x12e xcp_ext_common.c.o
 *fill*         0x080189e6        0x2 
 .rodata        0x080189e8       0x4c xcp_ext_classic_trigger.c.o
 .rodata        0x08018a34      0x278 xcp.c.o
 .rodata        0x08018cac      0x3a9 xcp_standard.c.o
 *fill*         0x08019055        0x3 
 .rodata        0x08019058     0x1010 xcp_daq.c.o
 .rodata        0x0801a068       0xdd xcp_calibration.c.o
 *fill*         0x0801a145        0x3 
 .rodata        0x0801a148      0x56e xcp_transport.c.o
 *fill*         0x0801a6b6        0x2 
 .rodata        0x0801a6b8       0xf5 xcp_mem_default.c.o
 *fill*         0x0801a7ad        0x3 
 .rodata        0x0801a7b0      0x228 xcp_drv_rtiostream.c.o
 .rodata        0x0801a9d8      0x4aa xcp_frame_serial.c.o
 *(.rodata*)
 *fill*         0x0801ae82        0x2 
 .rodata.STREAM_OFFSET_TAB
                0x0801ae84        0x8 mw_stm32_spi_ll.c.o
 .rodata.PMSM_to_BLDC_mod1_M
                0x0801ae8c        0x4 PMSM_to_BLDC_mod1.c.o
                0x0801ae8c                PMSM_to_BLDC_mod1_M
 .rodata.rt_ODE3_B.4
                0x0801ae90       0x48 PMSM_to_BLDC_mod1.c.o
 .rodata.rt_ODE3_A.3
                0x0801aed8       0x18 PMSM_to_BLDC_mod1.c.o
 .rodata.rtAlwaysEnabled.0
                0x0801aef0        0x1 PMSM_to_BLDC_mod1.c.o
 *fill*         0x0801aef1        0x7 
 .rodata.PMSM_to_BLDC_mod1_ConstB
                0x0801aef8       0xb8 PMSM_to_BLDC_mod1_data.c.o
                0x0801aef8                PMSM_to_BLDC_mod1_ConstB
 .rodata.PMSM_to_BLDC_mod1_ConstP
                0x0801afb0     0x2ef8 PMSM_to_BLDC_mod1_data.c.o
                0x0801afb0                PMSM_to_BLDC_mod1_ConstP
 .rodata.STREAM_OFFSET_TAB
                0x0801dea8        0x8 spi.c.o
 .rodata.OFFSET_TAB_CCMRx
                0x0801deb0        0x7 tim.c.o
 *fill*         0x0801deb7        0x1 
 .rodata.SHIFT_TAB_OCxx
                0x0801deb8        0x7 tim.c.o
 *fill*         0x0801debf        0x1 
 .rodata.STREAM_OFFSET_TAB
                0x0801dec0        0x8 usart.c.o
 .rodata.standardSupportedRxPacket
                0x0801dec8       0x54 xcp_standard.c.o
 .rodata.daqSupportedRxPacket
                0x0801df1c       0x9c xcp_daq.c.o
 .rodata.calibrationSupportedRxPacket
                0x0801dfb8       0x18 xcp_calibration.c.o
 .rodata.STREAM_OFFSET_TAB