Archive member included to satisfy reference by file (symbol)

C:/ProgramData/MATLAB/SupportPackages/R2025b/3P.instrset/gnuarm-armcortex.instrset/win/bin/../lib/gcc/arm-none-eabi/13.2.1/thumb/v7e-m+fp/hard\libm.a(libm_a-w_fmod.o)
                              xcp_ext_common.c.o (fmod)
C:/ProgramData/MATLAB/SupportPackages/R2025b/3P.instrset/gnuarm-armcortex.instrset/win/bin/../lib/gcc/arm-none-eabi/13.2.1/thumb/v7e-m+fp/hard\libm.a(libm_a-s_floor.o)
                              PMSM_to_BLDC_mod1.c.o (floor)
C:/ProgramData/MATLAB/SupportPackages/R2025b/3P.instrset/gnuarm-armcortex.instrset/win/bin/../lib/gcc/arm-none-eabi/13.2.1/thumb/v7e-m+fp/hard\libm.a(libm_a-e_fmod.o)
                              C:/ProgramData/MATLAB/SupportPackages/R2025b/3P.instrset/gnuarm-armcortex.instrset/win/bin/../lib/gcc/arm-none-eabi/13.2.1/thumb/v7e-m+fp/hard\libm.a(libm_a-w_fmod.o) (__ieee754_fmod)
C:/ProgramData/MATLAB/SupportPackages/R2025b/3P.instrset/gnuarm-armcortex.instrset/win/bin/../lib/gcc/arm-none-eabi/13.2.1/thumb/v7e-m+fp/hard\libgcc.a(_arm_muldf3.o)
                              PMSM_to_BLDC_mod1.c.o (__aeabi_dmul)
C:/ProgramData/MATLAB/SupportPackages/R2025b/3P.instrset/gnuarm-armcortex.instrset/win/bin/../lib/gcc/arm-none-eabi/13.2.1/thumb/v7e-m+fp/hard\libgcc.a(_arm_addsubdf3.o)
                              PMSM_to_BLDC_mod1.c.o (__aeabi_dsub)
C:/ProgramData/MATLAB/SupportPackages/R2025b/3P.instrset/gnuarm-armcortex.instrset/win/bin/../lib/gcc/arm-none-eabi/13.2.1/thumb/v7e-m+fp/hard\libgcc.a(_arm_muldivdf3.o)
                              PMSM_to_BLDC_mod1.c.o (__aeabi_ddiv)
C:/ProgramData/MATLAB/SupportPackages/R2025b/3P.instrset/gnuarm-armcortex.instrset/win/bin/../lib/gcc/arm-none-eabi/13.2.1/thumb/v7e-m+fp/hard\libgcc.a(_arm_cmpdf2.o)
                              xcp_ext_mode.c.o (__aeabi_dcmpeq)
C:/ProgramData/MATLAB/SupportPackages/R2025b/3P.instrset/gnuarm-armcortex.instrset/win/bin/../lib/gcc/arm-none-eabi/13.2.1/thumb/v7e-m+fp/hard\libgcc.a(_arm_unorddf2.o)
                              C:/ProgramData/MATLAB/SupportPackages/R2025b/3P.instrset/gnuarm-armcortex.instrset/win/bin/../lib/gcc/arm-none-eabi/13.2.1/thumb/v7e-m+fp/hard\libm.a(libm_a-w_fmod.o) (__aeabi_dcmpun)
C:/ProgramData/MATLAB/SupportPackages/R2025b/3P.instrset/gnuarm-armcortex.instrset/win/bin/../lib/gcc/arm-none-eabi/13.2.1/thumb/v7e-m+fp/hard\libgcc.a(_arm_fixunsdfsi.o)
                              xcp_ext_common.c.o (__aeabi_d2uiz)
C:/ProgramData/MATLAB/SupportPackages/R2025b/3P.instrset/gnuarm-armcortex.instrset/win/bin/../lib/gcc/arm-none-eabi/13.2.1/thumb/v7e-m+fp/hard\libgcc.a(_aeabi_uldivmod.o)
                              stm32f4xx_hal_rcc.c.o (__aeabi_uldivmod)
C:/ProgramData/MATLAB/SupportPackages/R2025b/3P.instrset/gnuarm-armcortex.instrset/win/bin/../lib/gcc/arm-none-eabi/13.2.1/thumb/v7e-m+fp/hard\libgcc.a(_udivmoddi4.o)
                              C:/ProgramData/MATLAB/SupportPackages/R2025b/3P.instrset/gnuarm-armcortex.instrset/win/bin/../lib/gcc/arm-none-eabi/13.2.1/thumb/v7e-m+fp/hard\libgcc.a(_aeabi_uldivmod.o) (__udivmoddi4)
C:/ProgramData/MATLAB/SupportPackages/R2025b/3P.instrset/gnuarm-armcortex.instrset/win/bin/../lib/gcc/arm-none-eabi/13.2.1/thumb/v7e-m+fp/hard\libgcc.a(_dvmd_tls.o)
                              C:/ProgramData/MATLAB/SupportPackages/R2025b/3P.instrset/gnuarm-armcortex.instrset/win/bin/../lib/gcc/arm-none-eabi/13.2.1/thumb/v7e-m+fp/hard\libgcc.a(_aeabi_uldivmod.o) (__aeabi_ldiv0)
C:/ProgramData/MATLAB/SupportPackages/R2025b/3P.instrset/gnuarm-armcortex.instrset/win/bin/../lib/gcc/arm-none-eabi/13.2.1/thumb/v7e-m+fp/hard\libg.a(libc_a-exit.o)
                              C:/ProgramData/MATLAB/SupportPackages/R2025b/3P.instrset/gnuarm-armcortex.instrset/win/bin/../lib/gcc/arm-none-eabi/13.2.1/thumb/v7e-m+fp/hard/crt0.o (exit)
C:/ProgramData/MATLAB/SupportPackages/R2025b/3P.instrset/gnuarm-armcortex.instrset/win/bin/../lib/gcc/arm-none-eabi/13.2.1/thumb/v7e-m+fp/hard\libg.a(libc_a-findfp.o)
                              C:/ProgramData/MATLAB/SupportPackages/R2025b/3P.instrset/gnuarm-armcortex.instrset/win/bin/../lib/gcc/arm-none-eabi/13.2.1/thumb/v7e-m+fp/hard\libg.a(libc_a-exit.o) (__stdio_exit_handler)
C:/ProgramData/MATLAB/SupportPackages/R2025b/3P.instrset/gnuarm-armcortex.instrset/win/bin/../lib/gcc/arm-none-eabi/13.2.1/thumb/v7e-m+fp/hard\libg.a(libc_a-fwalk.o)
                              C:/ProgramData/MATLAB/SupportPackages/R2025b/3P.instrset/gnuarm-armcortex.instrset/win/bin/../lib/gcc/arm-none-eabi/13.2.1/thumb/v7e-m+fp/hard\libg.a(libc_a-findfp.o) (_fwalk_sglue)
C:/ProgramData/MATLAB/SupportPackages/R2025b/3P.instrset/gnuarm-armcortex.instrset/win/bin/../lib/gcc/arm-none-eabi/13.2.1/thumb/v7e-m+fp/hard\libg.a(libc_a-stdio.o)
                              C:/ProgramData/MATLAB/SupportPackages/R2025b/3P.instrset/gnuarm-armcortex.instrset/win/bin/../lib/gcc/arm-none-eabi/13.2.1/thumb/v7e-m+fp/hard\libg.a(libc_a-findfp.o) (__sread)
[...]
Memory Configuration

Name             Origin             Length             Attributes
CCMRAM           0x10000000         0x00010000         xrw
RAM              0x20000000         0x00020000         xrw
FLASH            0x08000000         0x00100000         xr
*default*        0x00000000         0xffffffff

Linker script and memory map

LOAD C:/ProgramData/MATLAB/SupportPackages/R2025b/3P.instrset/gnuarm-armcortex.instrset/win/bin/../lib/gcc/arm-none-eabi/13.2.1/thumb/v7e-m+fp/hard/crti.o
LOAD C:/ProgramData/MATLAB/SupportPackages/R2025b/3P.instrset/gnuarm-armcortex.instrset/win/bin/../lib/gcc/arm-none-eabi/13.2.1/thumb/v7e-m+fp/hard/crtbegin.o
LOAD C:/ProgramData/MATLAB/SupportPackages/R2025b/3P.instrset/gnuarm-armcortex.instrset/win/bin/../lib/gcc/arm-none-eabi/13.2.1/thumb/v7e-m+fp/hard/crt0.o
LOAD mw_stm32_spi_ll.c.o
LOAD xcp_ext_mode.c.o
LOAD PMSM_to_BLDC_mod1.c.o
LOAD PMSM_to_BLDC_mod1_data.c.o
LOAD ert_main.c.o
LOAD xcp_ext_common.c.o
LOAD xcp_ext_classic_trigger.c.o
LOAD xcp.c.o
LOAD xcp_standard.c.o
LOAD xcp_daq.c.o
LOAD xcp_calibration.c.o
LOAD xcp_fifo.c.o
LOAD xcp_transport.c.o
LOAD xcp_mem_default.c.o
LOAD xcp_drv_rtiostream.c.o
LOAD xcp_utils.c.o
LOAD xcp_frame_serial.c.o
LOAD xcp_ext_param_default_serial.c.o
LOAD overrideHALDelay.c.o
LOAD platform_timer.c.o
LOAD SysTickScheduler.c.o
LOAD m3m4m4f_multitasking.c.o
LOAD rtiostream_serial.c.o
LOAD stm_usart.c.o
LOAD sys_arch_arm.c.o
LOAD main.c.o
LOAD stm32f4xx_it.c.o
LOAD stm32f4xx_hal_msp.c.o
LOAD stm32f4xx_hal_timebase_tim.c.o
LOAD stm32f4xx_hal_tim.c.o
LOAD stm32f4xx_hal_tim_ex.c.o
LOAD stm32f4xx_ll_gpio.c.o
LOAD stm32f4xx_ll_adc.c.o
LOAD stm32f4xx_ll_dma.c.o
LOAD stm32f4xx_ll_rcc.c.o
LOAD stm32f4xx_ll_utils.c.o
LOAD stm32f4xx_ll_exti.c.o
LOAD stm32f4xx_hal_rcc.c.o
LOAD stm32f4xx_hal_rcc_ex.c.o
LOAD stm32f4xx_hal_flash.c.o
LOAD stm32f4xx_hal_flash_ex.c.o
LOAD stm32f4xx_hal_flash_ramfunc.c.o
LOAD stm32f4xx_hal_gpio.c.o
LOAD stm32f4xx_hal_dma_ex.c.o
LOAD stm32f4xx_hal_dma.c.o
LOAD stm32f4xx_hal_pwr.c.o
LOAD stm32f4xx_hal_pwr_ex.c.o
LOAD stm32f4xx_hal_cortex.c.o
LOAD stm32f4xx_hal.c.o
LOAD stm32f4xx_hal_exti.c.o
LOAD stm32f4xx_ll_spi.c.o
LOAD stm32f4xx_ll_tim.c.o
LOAD stm32f4xx_ll_usart.c.o
LOAD system_stm32f4xx.c.o
LOAD syscalls.c.o
LOAD sysmem.c.o
LOAD startup_stm32f405rgtx.s.o
LOAD C:/ProgramData/MATLAB/SupportPackages/R2025b/3P.instrset/cmsis_dsp.instrset/Lib/GCC/arm_cortexm4ldfsp_math/libCMSISDSP.a
LOAD C:/ProgramData/MATLAB/SupportPackages/R2025b/toolbox/shared/supportpackages/stm32/lib/GCC/libmw_pdmfilter_m4_spfp.lib
LOAD C:/ProgramData/MATLAB/SupportPackages/R2025b/3P.instrset/gnuarm-armcortex.instrset/win/bin/../lib/gcc/arm-none-eabi/13.2.1/thumb/v7e-m+fp/hard\libstdc++.a
LOAD C:/ProgramData/MATLAB/SupportPackages/R2025b/3P.instrset/gnuarm-armcortex.instrset/win/bin/../lib/gcc/arm-none-eabi/13.2.1/thumb/v7e-m+fp/hard\libm.a
START GROUP
LOAD C:/ProgramData/MATLAB/SupportPackages/R2025b/3P.instrset/gnuarm-armcortex.instrset/win/bin/../lib/gcc/arm-none-eabi/13.2.1/thumb/v7e-m+fp/hard\libgcc.a
LOAD C:/ProgramData/MATLAB/SupportPackages/R2025b/3P.instrset/gnuarm-armcortex.instrset/win/bin/../lib/gcc/arm-none-eabi/13.2.1/thumb/v7e-m+fp/hard\libg.a
LOAD C:/ProgramData/MATLAB/SupportPackages/R2025b/3P.instrset/gnuarm-armcortex.instrset/win/bin/../lib/gcc/arm-none-eabi/13.2.1/thumb/v7e-m+fp/hard\libc.a
END GROUP
START GROUP
LOAD C:/ProgramData/MATLAB/SupportPackages/R2025b/3P.instrset/gnuarm-armcortex.instrset/win/bin/../lib/gcc/arm-none-eabi/13.2.1/thumb/v7e-m+fp/hard\libgcc.a
LOAD C:/ProgramData/MATLAB/SupportPackages/R2025b/3P.instrset/gnuarm-armcortex.instrset/win/bin/../lib/gcc/arm-none-eabi/13.2.1/thumb/v7e-m+fp/hard\libc.a
LOAD C:/ProgramData/MATLAB/SupportPackages/R2025b/3P.instrset/gnuarm-armcortex.instrset/win/bin/../lib/gcc/arm-none-eabi/13.2.1/thumb/v7e-m+fp/hard\libnosys.a
END GROUP
LOAD C:/ProgramData/MATLAB/SupportPackages/R2025b/3P.instrset/gnuarm-armcortex.instrset/win/bin/../lib/gcc/arm-none-eabi/13.2.1/thumb/v7e-m+fp/hard/crtend.o
LOAD C:/ProgramData/MATLAB/SupportPackages/R2025b/3P.instrset/gnuarm-armcortex.instrset/win/bin/../lib/gcc/arm-none-eabi/13.2.1/thumb/v7e-m+fp/hard/crtn.o
                0x20020000                        _estack = (ORIGIN (RAM) + LENGTH (RAM))
                0x00000200                        _Min_Heap_Size = 0x200
                0x00000400                        _Min_Stack_Size = 0x400

.isr_vector     0x08000000      0x188
                0x08000000                        . = ALIGN (0x4)
 *(.isr_vector)
 .isr_vector    0x08000000      0x188 startup_stm32f405rgtx.s.o
                0x08000000                g_pfnVectors
                0x08000188                        . = ALIGN (0x4)

.text           0x08000188     0xe0d8
                0x08000188                        . = ALIGN (0x4)
 *(.text)
 .text          0x08000188      0x378 C:/ProgramData/MATLAB/SupportPackages/R2025b/3P.instrset/gnuarm-armcortex.instrset/win/bin/../lib/gcc/arm-none-eabi/13.2.1/thumb/v7e-m+fp/hard\libgcc.a(_arm_addsubdf3.o)
                0x08000188                __aeabi_drsub
                0x08000190                __aeabi_dsub
                0x08000190                __subdf3
                0x08000194                __aeabi_dadd
                0x08000194                __adddf3
                0x0800040c                __floatunsidf
                0x0800040c                __aeabi_ui2d
                0x0800042c                __floatsidf
                0x0800042c                __aeabi_i2d
                0x08000450                __aeabi_f2d
                0x08000450                __extendsfdf2
                0x08000494                __floatundidf
                0x08000494                __aeabi_ul2d
                0x080004a4                __floatdidf
                0x080004a4                __aeabi_l2d
 .text          0x08000500      0x424 C:/ProgramData/MATLAB/SupportPackages/R2025b/3P.instrset/gnuarm-armcortex.instrset/win/bin/../lib/gcc/arm-none-eabi/13.2.1/thumb/v7e-m+fp/hard\libgcc.a(_arm_muldivdf3.o)
                0x08000500                __aeabi_dmul
                0x08000500                __muldf3
                0x08000754                __divdf3
                0x08000754                __aeabi_ddiv
 .text          0x08000924      0x110 C:/ProgramData/MATLAB/SupportPackages/R2025b/3P.instrset/gnuarm-armcortex.instrset/win/bin/../lib/gcc/arm-none-eabi/13.2.1/thumb/v7e-m+fp/hard\libgcc.a(_arm_cmpdf2.o)
                0x08000924                __gtdf2
                0x08000924                __gedf2
                0x0800092c                __ltdf2
                0x0800092c                __ledf2
                0x08000934                __nedf2
                0x08000934                __eqdf2
                0x08000934                __cmpdf2
                0x080009b0                __aeabi_cdrcmple
                0x080009c0                __aeabi_cdcmpeq
                0x080009c0                __aeabi_cdcmple
                0x080009d0                __aeabi_dcmpeq
                0x080009e4                __aeabi_dcmplt
                0x080009f8                __aeabi_dcmple
                0x08000a0c                __aeabi_dcmpge
                0x08000a20                __aeabi_dcmpgt
 .text          0x08000a34       0x2c C:/ProgramData/MATLAB/SupportPackages/R2025b/3P.instrset/gnuarm-armcortex.instrset/win/bin/../lib/gcc/arm-none-eabi/13.2.1/thumb/v7e-m+fp/hard\libgcc.a(_arm_unorddf2.o)
                0x08000a34                __unorddf2
                0x08000a34                __aeabi_dcmpun
 .text          0x08000a60       0x40 C:/ProgramData/MATLAB/SupportPackages/R2025b/3P.instrset/gnuarm-armcortex.instrset/win/bin/../lib/gcc/arm-none-eabi/13.2.1/thumb/v7e-m+fp/hard\libgcc.a(_arm_fixunsdfsi.o)
                0x08000a60                __aeabi_d2uiz
                0x08000a60                __fixunsdfsi
 .text          0x08000aa0       0x30 C:/ProgramData/MATLAB/SupportPackages/R2025b/3P.instrset/gnuarm-armcortex.instrset/win/bin/../lib/gcc/arm-none-eabi/13.2.1/thumb/v7e-m+fp/hard\libgcc.a(_aeabi_uldivmod.o)
                0x08000aa0                __aeabi_uldivmod
 .text          0x08000ad0        0x4 C:/ProgramData/MATLAB/SupportPackages/R2025b/3P.instrset/gnuarm-armcortex.instrset/win/bin/../lib/gcc/arm-none-eabi/13.2.1/thumb/v7e-m+fp/hard\libgcc.a(_dvmd_tls.o)
                0x08000ad0                __aeabi_idiv0
                0x08000ad0                __aeabi_ldiv0
 .text          0x08000ad4      0x134 C:/ProgramData/MATLAB/SupportPackages/R2025b/3P.instrset/gnuarm-armcortex.instrset/win/bin/../lib/gcc/arm-none-eabi/13.2.1/thumb/v7e-m+fp/hard\libg.a(libc_a-memcpy.o)
                0x08000ad4                memcpy
 *(.text*)
 .text.deregister_tm_clones
                0x08000c08       0x1c C:/ProgramData/MATLAB/SupportPackages/R2025b/3P.instrset/gnuarm-armcortex.instrset/win/bin/../lib/gcc/arm-none-eabi/13.2.1/thumb/v7e-m+fp/hard/crtbegin.o
 .text.register_tm_clones
                0x08000c24       0x24 C:/ProgramData/MATLAB/SupportPackages/R2025b/3P.instrset/gnuarm-armcortex.instrset/win/bin/../lib/gcc/arm-none-eabi/13.2.1/thumb/v7e-m+fp/hard/crtbegin.o
 .text.__do_global_dtors_aux
                0x08000c48       0x28 C:/ProgramData/MATLAB/SupportPackages/R2025b/3P.instrset/gnuarm-armcortex.instrset/win/bin/../lib/gcc/arm-none-eabi/13.2.1/thumb/v7e-m+fp/hard/crtbegin.o
 .text.frame_dummy
                0x08000c70       0x24 C:/ProgramData/MATLAB/SupportPackages/R2025b/3P.instrset/gnuarm-armcortex.instrset/win/bin/../lib/gcc/arm-none-eabi/13.2.1/thumb/v7e-m+fp/hard/crtbegin.o
 .text.LL_DMA_EnableStream
                0x08000c94       0x40 mw_stm32_spi_ll.c.o
 .text.LL_DMA_SetDataLength
                0x08000cd4       0x48 mw_stm32_spi_ll.c.o
 .text.LL_DMA_ConfigAddresses
                0x08000d1c       0x78 mw_stm32_spi_ll.c.o
 .text.LL_DMA_EnableIT_TC
                0x08000d94       0x40 mw_stm32_spi_ll.c.o
 .text.LL_SPI_Enable
                0x08000dd4       0x20 mw_stm32_spi_ll.c.o
 .text.LL_SPI_Disable
                0x08000df4       0x20 mw_stm32_spi_ll.c.o
 .text.LL_SPI_IsEnabled
                0x08000e14       0x26 mw_stm32_spi_ll.c.o
 .text.LL_SPI_GetMode
                0x08000e3a       0x1c mw_stm32_spi_ll.c.o
 .text.LL_SPI_SetClockPhase
                0x08000e56       0x26 mw_stm32_spi_ll.c.o
 .text.LL_SPI_GetClockPhase
                0x08000e7c       0x1c mw_stm32_spi_ll.c.o
 .text.LL_SPI_SetClockPolarity
                0x08000e98       0x26 mw_stm32_spi_ll.c.o
 .text.LL_SPI_GetClockPolarity
                0x08000ebe       0x1c mw_stm32_spi_ll.c.o
 .text.LL_SPI_SetTransferDirection
                0x08000eda       0x26 mw_stm32_spi_ll.c.o
 .text.LL_SPI_GetTransferDirection
                0x08000f00       0x1c mw_stm32_spi_ll.c.o
 .text.LL_SPI_SetDataWidth
                0x08000f1c       0x26 mw_stm32_spi_ll.c.o
 .text.LL_SPI_GetDataWidth
                0x08000f42       0x1c mw_stm32_spi_ll.c.o
 .text.LL_SPI_IsActiveFlag_RXNE
                0x08000f5e       0x26 mw_stm32_spi_ll.c.o
 .text.LL_SPI_IsActiveFlag_TXE
                0x08000f84       0x26 mw_stm32_spi_ll.c.o
 .text.LL_SPI_IsActiveFlag_BSY
                0x08000faa       0x26 mw_stm32_spi_ll.c.o
 .text.LL_SPI_EnableIT_RXNE
                0x08000fd0       0x20 mw_stm32_spi_ll.c.o
 .text.LL_SPI_EnableDMAReq_RX
                0x08000ff0       0x20 mw_stm32_spi_ll.c.o
 .text.LL_SPI_EnableDMAReq_TX
                0x08001010       0x20 mw_stm32_spi_ll.c.o
 .text.LL_SPI_DMA_GetRegAddr
                0x08001030       0x18 mw_stm32_spi_ll.c.o
 .text.LL_SPI_ReceiveData8
                0x08001048       0x1c mw_stm32_spi_ll.c.o
 .text.LL_SPI_ReceiveData16
                0x08001064       0x1a mw_stm32_spi_ll.c.o
 .text.LL_SPI_TransmitData8
                0x0800107e       0x24 mw_stm32_spi_ll.c.o
 .text.LL_SPI_TransmitData16
                0x080010a2       0x24 mw_stm32_spi_ll.c.o
 *fill*         0x080010c6        0x2 
 .text.SPI_STM32_Init
                0x080010c8      0x1c4 mw_stm32_spi_ll.c.o
                0x080010c8                SPI_STM32_Init
 .text.MW_SPI_Direction_Set
                0x0800128c       0x60 mw_stm32_spi_ll.c.o
                0x0800128c                MW_SPI_Direction_Set
 .text.MW_STM32_SPI_SetFormat
                0x080012ec      0x1f6 mw_stm32_spi_ll.c.o
                0x080012ec                MW_STM32_SPI_SetFormat
 .text.MW_SPI_Write_Databits
                0x080014e2      0x13e mw_stm32_spi_ll.c.o
                0x080014e2                MW_SPI_Write_Databits
 .text.MW_SPI_ControllerWriteRead_Databits
                0x08001620      0x226 mw_stm32_spi_ll.c.o
                0x08001620                MW_SPI_ControllerWriteRead_Databits
 .text.SPI_ConfigureReceiveDMA
                0x08001846       0x82 mw_stm32_spi_ll.c.o
                0x08001846                SPI_ConfigureReceiveDMA
 .text.SPI_ConfigureTransmitDMA
                0x080018c8       0x58 mw_stm32_spi_ll.c.o
                0x080018c8                SPI_ConfigureTransmitDMA
 .text.MW_SPI_Disable
                0x08001920       0x76 mw_stm32_spi_ll.c.o
                0x08001920                MW_SPI_Disable
 .text.MW_SPI_Close
                0x08001996       0x1a mw_stm32_spi_ll.c.o
                0x08001996                MW_SPI_Close
 .text.errorHandle_WriteDataBits
                0x080019b0       0x16 mw_stm32_spi_ll.c.o
 .text.errorHandle_MasterWriteRead
                0x080019c6       0x36 mw_stm32_spi_ll.c.o
 .text.extmodeParseArgs
                0x080019fc       0x1e xcp_ext_mode.c.o
                0x080019fc                extmodeParseArgs
 *fill*         0x08001a1a        0x2 
 .text.extmodeInit
                0x08001a1c      0x128 xcp_ext_mode.c.o
                0x08001a1c                extmodeInit
 .text.extmodeWaitForHostRequest
                0x08001b44       0xcc xcp_ext_mode.c.o
                0x08001b44                extmodeWaitForHostRequest
 .text.extmodeEvent
                0x08001c10      0x100 xcp_ext_mode.c.o
                0x08001c10                extmodeEvent
 .text.extmodeBackgroundRun
                0x08001d10       0x20 xcp_ext_mode.c.o
                0x08001d10                extmodeBackgroundRun
 .text.extmodeReset
                0x08001d30       0x40 xcp_ext_mode.c.o
                0x08001d30                extmodeReset
 .text.extmodeStopRequested
                0x08001d70       0x18 xcp_ext_mode.c.o
                0x08001d70                extmodeStopRequested
 .text.extmodeSimulationComplete
                0x08001d88       0x18 xcp_ext_mode.c.o
                0x08001d88                extmodeSimulationComplete
 .text.LL_GPIO_SetOutputPin
                0x08001da0       0x1c PMSM_to_BLDC_mod1.c.o
 .text.LL_GPIO_ResetOutputPin
                0x08001dbc       0x1e PMSM_to_BLDC_mod1.c.o
 *fill*         0x08001dda        0x2 
 .text.PMSM_to_BLDC_mod1_SetEventsForThisBaseStep
                0x08001ddc       0x2c PMSM_to_BLDC_mod1.c.o
                0x08001ddc                PMSM_to_BLDC_mod1_SetEventsForThisBaseStep
 .text.rate_monotonic_scheduler
                0x08001e08       0x2c PMSM_to_BLDC_mod1.c.o
 .text.PMSM_to_BLDC__BitShift_Init
                0x08001e34       0x1c PMSM_to_BLDC_mod1.c.o
                0x08001e34                PMSM_to_BLDC__BitShift_Init
 .text.PMSM_to_BLDC_BitShift_Reset
                0x08001e50       0x1c PMSM_to_BLDC_mod1.c.o
                0x08001e50                PMSM_to_BLDC_BitShift_Reset
 .text.PMSM_to_BLDC_mod1_BitShift
                0x08001e6c       0x2c PMSM_to_BLDC_mod1.c.o
                0x08001e6c                PMSM_to_BLDC_mod1_BitShift
 .text.PMSM_to_BLDC_BitShift4_Init
                0x08001e98       0x1c PMSM_to_BLDC_mod1.c.o
                0x08001e98                PMSM_to_BLDC_BitShift4_Init
 .text.PMSM_to_BLD_BitShift4_Reset
                0x08001eb4       0x1c PMSM_to_BLDC_mod1.c.o
                0x08001eb4                PMSM_to_BLD_BitShift4_Reset
 .text.PMSM_to_BLDC_mod1_BitShift4
                0x08001ed0       0x2c PMSM_to_BLDC_mod1.c.o
                0x08001ed0                PMSM_to_BLDC_mod1_BitShift4
 .text.PMSM_to_B_SPIDrvBlock_setupImpl
                0x08001efc       0xa8 PMSM_to_BLDC_mod1.c.o
 .text.PMSM_to_SPIDrvBlock_setupImpl_o
                0x08001fa4       0xa8 PMSM_to_BLDC_mod1.c.o
 *fill*         0x0800204c        0x4 
 .text.PMSM_to_BLDC_mod1_step0
                0x08002050      0x368 PMSM_to_BLDC_mod1.c.o
                0x08002050                PMSM_to_BLDC_mod1_step0
 .text.PMSM_to_BLDC_mod1_step1
                0x080023b8      0x3ec PMSM_to_BLDC_mod1.c.o
                0x080023b8                PMSM_to_BLDC_mod1_step1
 *fill*         0x080027a4        0x4 
 .text.PMSM_to_BLDC_mod1_initialize
                0x080027a8      0x1b0 PMSM_to_BLDC_mod1.c.o
                0x080027a8                PMSM_to_BLDC_mod1_initialize
 .text.PMSM_to_BLDC_mod1_terminate
                0x08002958       0x98 PMSM_to_BLDC_mod1.c.o
                0x08002958                PMSM_to_BLDC_mod1_terminate
 .text.rt_OneStep
                0x080029f0      0x110 ert_main.c.o
                0x080029f0                rt_OneStep
 .text.main     0x08002b00      0x194 ert_main.c.o
                0x08002b00                main
 .text.xcp_void_printf
                0x08002c94       0x12 xcp_ext_common.c.o
                0x08002c94                xcp_void_printf
 .text.xcpCopyTimeValue
                0x08002ca6       0x26 xcp_ext_common.c.o
 *fill*         0x08002ccc        0x4 
 .text.xcpExtModeUpdateTime
                0x08002cd0      0x13c xcp_ext_common.c.o
                0x08002cd0                xcpExtModeUpdateTime
 *fill*         0x08002e0c        0x4 
 .text.xcpExtModeGetUpdatedTimestamp
                0x08002e10       0x84 xcp_ext_common.c.o
                0x08002e10                xcpExtModeGetUpdatedTimestamp
 .text.xcpExtModeInit
                0x08002e94       0xb0 xcp_ext_common.c.o
                0x08002e94                xcpExtModeInit
 .text.xcpExtModeRunBackground
                0x08002f44      0x13c xcp_ext_common.c.o
                0x08002f44                xcpExtModeRunBackground
 .text.xcpExtModeReset
                0x08003080      0x128 xcp_ext_common.c.o
                0x08003080                xcpExtModeReset
 .text.sampleSignalTrigger
                0x080031a8      0x1b4 xcp_ext_classic_trigger.c.o
 .text.updateTriggerStatus
                0x0800335c      0x2b8 xcp_ext_classic_trigger.c.o
 .text.xcpExtModeClassicTriggerInit
                0x08003614       0x68 xcp_ext_classic_trigger.c.o
                0x08003614                xcpExtModeClassicTriggerInit
 .text.xcpExtModeClassicTriggerEnabled
                0x0800367c      0x100 xcp_ext_classic_trigger.c.o
                0x0800367c                xcpExtModeClassicTriggerEnabled
 .text.xcpExtModeClassicTriggerReset
                0x0800377c       0xf4 xcp_ext_classic_trigger.c.o
                0x0800377c                xcpExtModeClassicTriggerReset
 .text.xcpExtModeClassicTriggerForceEnableStatusUpdate
                0x08003870       0x78 xcp_ext_classic_trigger.c.o
                0x08003870                xcpExtModeClassicTriggerForceEnableStatusUpdate
 .text.msgBufferRealloc
                0x080038e8       0x72 xcp.c.o
 *fill*         0x0800395a        0x2 
 .text.discardInputPacketHandler
                0x0800395c       0x3c xcp.c.o
 .text.unknownInputPacketHandler
                0x08003998       0x34 xcp.c.o
 .text.xcpGetPacketGroupID
                0x080039cc       0x74 xcp.c.o
 .text.xcpGetPacketHandlers
                0x08003a40      0x124 xcp.c.o
 .text.xcpStatusSet
                0x08003b64       0x20 xcp.c.o
                0x08003b64                xcpStatusSet
 .text.xcpSessionStatusGet
                0x08003b84       0x18 xcp.c.o
                0x08003b84                xcpSessionStatusGet
 .text.xcpSessionStatusSetMask
                0x08003b9c       0x28 xcp.c.o
                0x08003b9c                xcpSessionStatusSetMask
 .text.xcpSessionStatusClearMask
                0x08003bc4       0x34 xcp.c.o
                0x08003bc4                xcpSessionStatusClearMask
 .text.xcpResourceProtectionStatusGet
                0x08003bf8       0x18 xcp.c.o
                0x08003bf8                xcpResourceProtectionStatusGet
 .text.xcpSessionConfigurationIdGet
                0x08003c10       0x18 xcp.c.o
                0x08003c10                xcpSessionConfigurationIdGet
 .text.genericOutputPacketHandler
                0x08003c28      0x11c xcp.c.o
                0x08003c28                genericOutputPacketHandler
 .text.xcpFindPacket
                0x08003d44       0x6e xcp.c.o
                0x08003d44                xcpFindPacket
 *fill*         0x08003db2        0x2 
 .text.xcpInit  0x08003db4       0x64 xcp.c.o
                0x08003db4                xcpInit
 .text.xcpRun   0x08003e18      0x194 xcp.c.o
                0x08003e18                xcpRun
 .text.xcpEventExternalTimestamp
                0x08003fac       0x48 xcp.c.o
                0x08003fac                xcpEventExternalTimestamp
 .text.xcpGetStatus
                0x08003ff4       0x18 xcp.c.o
                0x08003ff4                xcpGetStatus
 .text.xcpReset
                0x0800400c       0x40 xcp.c.o
                0x0800400c                xcpReset
 .text.xcpPackedModeEventsFlush
                0x0800404c       0x1e xcp.c.o
                0x0800404c                xcpPackedModeEventsFlush
 .text.xcpPackedModeEventReset
                0x0800406a       0x2a xcp.c.o
                0x0800406a                xcpPackedModeEventReset
 .text.isValidUploadSize
                0x08004094       0x30 xcp_standard.c.o
 .text.xcpMemcpyFromMTA
                0x080040c4       0x38 xcp_standard.c.o
 .text.connectInputPacketHandler
                0x080040fc       0xa4 xcp_standard.c.o
 .text.connectOutputPacketHandler
                0x080041a0       0xd4 xcp_standard.c.o
 .text.disconnectInputPacketHandler
                0x08004274       0x54 xcp_standard.c.o
 .text.getStatusInputPacketHandler
                0x080042c8       0x28 xcp_standard.c.o
 .text.getStatusOutputPacketHandler
                0x080042f0       0x80 xcp_standard.c.o
 .text.synchInputPacketHandler
                0x08004370       0x44 xcp_standard.c.o
 .text.setMTAInputPacketHandler
                0x080043b4       0x78 xcp_standard.c.o
 .text.uploadInputPacketHandler
                0x0800442c       0x98 xcp_standard.c.o
 .text.uploadOutputPacketHandler
                0x080044c4       0x9c xcp_standard.c.o
 .text.shortUploadInputPacketHandler
                0x08004560       0xa4 xcp_standard.c.o
 .text.shortUploadOutputPacketHandler
                0x08004604       0x9c xcp_standard.c.o
 .text.getPacket
                0x080046a0       0x24 xcp_standard.c.o
 .text.xcpStandardInit
                0x080046c4       0x18 xcp_standard.c.o
                0x080046c4                xcpStandardInit
 .text.xcpStandardGetPacketLookup
                0x080046dc       0x18 xcp_standard.c.o
                0x080046dc                xcpStandardGetPacketLookup
 .text.xcpStandardSetPacketLookup
                0x080046f4       0x20 xcp_standard.c.o
                0x080046f4                xcpStandardSetPacketLookup
 .text.xcpStandardReset
                0x08004714       0x12 xcp_standard.c.o
                0x08004714                xcpStandardReset
 *fill*         0x08004726        0x2 
 .text.xcpStandardGetAddressFromMta
                0x08004728       0x18 xcp_standard.c.o
                0x08004728                xcpStandardGetAddressFromMta
 .text.xcpStandardSetMta
                0x08004740       0x3c xcp_standard.c.o
                0x08004740                xcpStandardSetMta
 .text.xcpStandardIncrementMta
                0x0800477c       0x28 xcp_standard.c.o
                0x0800477c                xcpStandardIncrementMta
 .text.xcpStandardExtendedInit
                0x080047a4        0xe xcp_standard.c.o
                0x080047a4                xcpStandardExtendedInit
 .text.xcpStandardExtendedReset
                0x080047b2        0xe xcp_standard.c.o
                0x080047b2                xcpStandardExtendedReset
 .text.xcpDaqWriteLock
                0x080047c0       0x4c xcp_daq.c.o
 .text.xcpDaqWriteUnlock
                0x0800480c       0x20 xcp_daq.c.o
 .text.xcpDaqReadLock
                0x0800482c       0x38 xcp_daq.c.o
 .text.xcpDaqReadUnlock
                0x08004864       0x38 xcp_daq.c.o
 .text.isActiveDaqList
                0x0800489c       0x50 xcp_daq.c.o
 .text.noActiveDaqLists
                0x080048ec       0x50 xcp_daq.c.o
 .text.isValidDaqPtr
                0x0800493c       0xb8 xcp_daq.c.o
 .text.isValidDaqEntry
                0x080049f4       0x36 xcp_daq.c.o
 .text.isSupportedDaqListMode
                0x08004a2a       0x26 xcp_daq.c.o
 .text.isValidStartStopMode
                0x08004a50       0x32 xcp_daq.c.o
 .text.isValidStartStopSynchMode
                0x08004a82       0x32 xcp_daq.c.o
 .text.absoluteOdtNumberIdentification
                0x08004ab4       0x10 xcp_daq.c.o
 .text.isDaqPackedModeEnabled
                0x08004ac4       0x6c xcp_daq.c.o
 .text.odtPacketSize
                0x08004b30       0x54 xcp_daq.c.o
 .text.createDaqReservedPool
                0x08004b84       0x88 xcp_daq.c.o
 .text.destroyDaqReservedPool
                0x08004c0c       0x2c xcp_daq.c.o
 .text.setDaqPtrInputPacketHandler
                0x08004c38       0xdc xcp_daq.c.o
 .text.writeDaqInputPacketHandler
                0x08004d14      0x198 xcp_daq.c.o
 .text.setDaqListModeInputPacketHandler
                0x08004eac      0x1c8 xcp_daq.c.o
 .text.startStopDaqListInputPacketHandler
                0x08005074      0x3f4 xcp_daq.c.o
 .text.startStopDaqListOutputPacketHandler
                0x08005468       0x5c xcp_daq.c.o
 .text.startStopSynchInputPacketHandler
                0x080054c4      0x328 xcp_daq.c.o
 .text.getDaqProcessorInfoInputPacketHandler
                0x080057ec       0x28 xcp_daq.c.o
 .text.getDaqProcessorInfoOutputPacketHandler
                0x08005814       0xac xcp_daq.c.o
 .text.getDaqResolutionInfoInputPacketHandler
                0x080058c0       0x28 xcp_daq.c.o
 .text.getDaqResolutionInfoOutputPacketHandler
                0x080058e8       0xb8 xcp_daq.c.o
 .text.freeDaqInputPacketHandler
                0x080059a0       0x5c xcp_daq.c.o
 .text.allocDaqInputPacketHandler
                0x080059fc      0x18c xcp_daq.c.o
 .text.allocOdtInputPacketHandler
                0x08005b88      0x1c0 xcp_daq.c.o
 .text.allocOdtEntryInputPacketHandler
                0x08005d48      0x270 xcp_daq.c.o
 .text.getDaqClockInputPacketHandler
                0x08005fb8       0x22 xcp_daq.c.o
 *fill*         0x08005fda        0x2 
 .text.setDaqPackedModeInputPacketHandler
                0x08005fdc      0x21c xcp_daq.c.o
 .text.level1CommandInputPacketHandler
                0x080061f8       0x64 xcp_daq.c.o
 .text.getPacket
                0x0800625c       0x24 xcp_daq.c.o
 .text.xcpDaqInit
                0x08006280       0x38 xcp_daq.c.o
                0x08006280                xcpDaqInit
 .text.xcpDaqGetPacketLookup
                0x080062b8       0x18 xcp_daq.c.o
                0x080062b8                xcpDaqGetPacketLookup
 .text.xcpDaqSetPacketLookup
                0x080062d0       0x20 xcp_daq.c.o
                0x080062d0                xcpDaqSetPacketLookup
 .text.xcpResetDaq
                0x080062f0       0xa4 xcp_daq.c.o
 .text.daqWriteXCPDataForOdt
                0x08006394       0x7c xcp_daq.c.o
 .text.odtWriteEntries
                0x08006410       0x9c xcp_daq.c.o
 .text.xcpProcessDaq
                0x080064ac      0x208 xcp_daq.c.o
 .text.xcpDaqEvent
                0x080066b4      0x108 xcp_daq.c.o
                0x080066b4                xcpDaqEvent
 .text.xcpDaqEventsFlush
                0x080067bc      0x284 xcp_daq.c.o
                0x080067bc                xcpDaqEventsFlush
 .text.xcpDaqLock
                0x08006a40       0x1e xcp_daq.c.o
                0x08006a40                xcpDaqLock
 .text.xcpDaqUnlock
                0x08006a5e        0xe xcp_daq.c.o
                0x08006a5e                xcpDaqUnlock
 .text.xcpResetDaqListStatus
                0x08006a6c      0x19c xcp_daq.c.o
                0x08006a6c                xcpResetDaqListStatus
 .text.xcpDaqReset
                0x08006c08       0x20 xcp_daq.c.o
                0x08006c08                xcpDaqReset
 .text.xcpDaqExtendedInit
                0x08006c28        0xe xcp_daq.c.o
                0x08006c28                xcpDaqExtendedInit
 .text.xcpDaqExtendedReset
                0x08006c36        0xe xcp_daq.c.o
                0x08006c36                xcpDaqExtendedReset
 .text.isValidShortDownloadSize
                0x08006c44       0x34 xcp_calibration.c.o
 .text.isValidDownloadSize
                0x08006c78       0x3a xcp_calibration.c.o
 *fill*         0x08006cb2        0x2 
 .text.xcpMemcpyToMTA
                0x08006cb4       0x34 xcp_calibration.c.o
 .text.downloadInputPacketHandler
                0x08006ce8       0xb0 xcp_calibration.c.o
 .text.shortDownloadInputPacketHandler
                0x08006d98       0xb8 xcp_calibration.c.o
 .text.getPacket
                0x08006e50       0x24 xcp_calibration.c.o
 .text.xcpCalibrationInit
                0x08006e74       0x14 xcp_calibration.c.o
                0x08006e74                xcpCalibrationInit
 .text.xcpCalibrationGetPacketLookup
                0x08006e88       0x18 xcp_calibration.c.o
                0x08006e88                xcpCalibrationGetPacketLookup
 .text.xcpCalibrationSetPacketLookup
                0x08006ea0       0x20 xcp_calibration.c.o
                0x08006ea0                xcpCalibrationSetPacketLookup
 .text.xcpCalibrationReset
                0x08006ec0        0xe xcp_calibration.c.o
                0x08006ec0                xcpCalibrationReset
 .text.xcpFifoInit
                0x08006ece       0x20 xcp_fifo.c.o
                0x08006ece                xcpFifoInit
 .text.xcpFifoEnqueue
                0x08006eee       0x2a xcp_fifo.c.o
                0x08006eee                xcpFifoEnqueue
 .text.xcpFifoDequeue
                0x08006f18       0x3e xcp_fifo.c.o
                0x08006f18                xcpFifoDequeue
 .text.xcpFifoEnqueueHead
                0x08006f56       0x32 xcp_fifo.c.o
                0x08006f56                xcpFifoEnqueueHead
 .text.xcpFifoReset
                0x08006f88       0x16 xcp_fifo.c.o
                0x08006f88                xcpFifoReset
 *fill*         0x08006f9e        0x2 
 .text.xcpTransportEmptyTxFifo
                0x08006fa0       0x6c xcp_transport.c.o
 .text.xcpTransportEmptyRxFifo
                0x0800700c       0x6c xcp_transport.c.o
 .text.xcpTransportInit
                0x08007078      0x138 xcp_transport.c.o
                0x08007078                xcpTransportInit
 .text.xcpTransportTxReady
                0x080071b0       0x1a xcp_transport.c.o
                0x080071b0                xcpTransportTxReady
 .text.xcpTransportTxTrigger
                0x080071ca       0x1a xcp_transport.c.o
                0x080071ca                xcpTransportTxTrigger
 .text.xcpTransportTxPacketSet
                0x080071e4      0x144 xcp_transport.c.o
                0x080071e4                xcpTransportTxPacketSet
 .text.xcpTransportTx
                0x08007328       0xec xcp_transport.c.o
                0x08007328                xcpTransportTx
 .text.xcpTransportRx
                0x08007414       0x80 xcp_transport.c.o
                0x08007414                xcpTransportRx
 .text.xcpTransportRxPacketGet
                0x08007494      0x12c xcp_transport.c.o
                0x08007494                xcpTransportRxPacketGet
 .text.xcpTransportPacketOffset
                0x080075c0       0x20 xcp_transport.c.o
                0x080075c0                xcpTransportPacketOffset
 .text.xcpTransportMsgBufferSize
                0x080075e0       0x70 xcp_transport.c.o
                0x080075e0                xcpTransportMsgBufferSize
 .text.xcpTransportMaxDtoSize
                0x08007650        0xe xcp_transport.c.o
                0x08007650                xcpTransportMaxDtoSize
 .text.xcpTransportMaxCtoSize
                0x0800765e        0xe xcp_transport.c.o
                0x0800765e                xcpTransportMaxCtoSize
 .text.xcpTransportRestart
                0x0800766c       0x44 xcp_transport.c.o
                0x0800766c                xcpTransportRestart
 .text.xcpTransportResynch
                0x080076b0       0x40 xcp_transport.c.o
                0x080076b0                xcpTransportResynch
 .text.xcpTransportCtoReservedMemPoolId
                0x080076f0       0x18 xcp_transport.c.o
                0x080076f0                xcpTransportCtoReservedMemPoolId
 .text.xcpTransportReset
                0x08007708       0xe4 xcp_transport.c.o
                0x08007708                xcpTransportReset
 .text.xcpInitializePoolMemoryArea
                0x080077ec       0x72 xcp_mem_default.c.o
 *fill*         0x0800785e        0x2 
 .text.xcpMemInit
                0x08007860      0x1d4 xcp_mem_default.c.o
                0x08007860                xcpMemInit
 .text.xcpMemAlloc
                0x08007a34       0xe8 xcp_mem_default.c.o
                0x08007a34                xcpMemAlloc
 .text.xcpMemFree
                0x08007b1c      0x170 xcp_mem_default.c.o
                0x08007b1c                xcpMemFree
 .text.xcpMemReservedPoolCreate
                0x08007c8c      0x224 xcp_mem_default.c.o
                0x08007c8c                xcpMemReservedPoolCreate
 .text.xcpMemReservedPoolDestroy
                0x08007eb0      0x158 xcp_mem_default.c.o
                0x08007eb0                xcpMemReservedPoolDestroy
 .text.xcpMemCustomPoolCreate
                0x08008008       0xbc xcp_mem_default.c.o
                0x08008008                xcpMemCustomPoolCreate
 .text.xcpMemCustomPoolDestroy
                0x080080c4       0x64 xcp_mem_default.c.o
                0x080080c4                xcpMemCustomPoolDestroy
 .text.xcpMemAllocFromPool
                0x08008128      0x170 xcp_mem_default.c.o
                0x08008128                xcpMemAllocFromPool
 .text.xcpMemReset
                0x08008298       0x50 xcp_mem_default.c.o
                0x08008298                xcpMemReset
 .text.xcpDrvOpen
                0x080082e8       0x64 xcp_drv_rtiostream.c.o
                0x080082e8                xcpDrvOpen
 .text.xcpDrvIoctl
                0x0800834c       0x4c xcp_drv_rtiostream.c.o
                0x0800834c                xcpDrvIoctl
 .text.xcpDrvSend
                0x08008398      0x14c xcp_drv_rtiostream.c.o
                0x08008398                xcpDrvSend
 .text.xcpDrvRecv
                0x080084e4      0x14c xcp_drv_rtiostream.c.o
                0x080084e4                xcpDrvRecv
 .text.xcpDrvClose
                0x08008630       0x5c xcp_drv_rtiostream.c.o
                0x08008630                xcpDrvClose
 .text.xcpSortArray
                0x0800868c       0xcc xcp_utils.c.o
                0x0800868c                xcpSortArray
 .text.xcpSxiHtons
                0x08008758       0x18 xcp_frame_serial.c.o
 .text.xcpSxiNtohs
                0x08008770       0x1c xcp_frame_serial.c.o
 .text.xcpSxiChecksum
                0x0800878c       0x3e xcp_frame_serial.c.o
                0x0800878c                xcpSxiChecksum
 *fill*         0x080087ca        0x2 
 .text.xcpFrameInit
                0x080087cc       0x70 xcp_frame_serial.c.o
                0x080087cc                xcpFrameInit
 .text.xcpFrameMsgSend
                0x0800883c      0x188 xcp_frame_serial.c.o
                0x0800883c                xcpFrameMsgSend
 .text.xcpFrameMsgRecv
                0x080089c4      0x180 xcp_frame_serial.c.o
                0x080089c4                xcpFrameMsgRecv
 .text.xcpFrameCreateMsg
                0x08008b44       0x94 xcp_frame_serial.c.o
                0x08008b44                xcpFrameCreateMsg
 .text.xcpFrameExtractPacket
                0x08008bd8      0x158 xcp_frame_serial.c.o
                0x08008bd8                xcpFrameExtractPacket
 .text.xcpFrameHeaderSize
                0x08008d30       0x10 xcp_frame_serial.c.o
                0x08008d30                xcpFrameHeaderSize
 .text.xcpFrameTailSize
                0x08008d40       0x10 xcp_frame_serial.c.o
                0x08008d40                xcpFrameTailSize
 .text.xcpFrameMaxDtoSize
                0x08008d50       0x12 xcp_frame_serial.c.o
                0x08008d50                xcpFrameMaxDtoSize
 .text.xcpFrameMaxCtoSize
                0x08008d62       0x10 xcp_frame_serial.c.o
                0x08008d62                xcpFrameMaxCtoSize
 *fill*         0x08008d72        0x2 
 .text.xcpFrameRestart
                0x08008d74       0x30 xcp_frame_serial.c.o
                0x08008d74                xcpFrameRestart
 .text.xcpFrameSetCtoReservedMemPoolId
                0x08008da4       0x20 xcp_frame_serial.c.o
                0x08008da4                xcpFrameSetCtoReservedMemPoolId
 .text.xcpFrameReset
                0x08008dc4       0x70 xcp_frame_serial.c.o
                0x08008dc4                xcpFrameReset
 .text.xcpTransportGetInitParameters
                0x08008e34       0x2e xcp_ext_param_default_serial.c.o
                0x08008e34                xcpTransportGetInitParameters
 .text.xcpGetInitParameters
                0x08008e62       0x2e xcp_ext_param_default_serial.c.o
                0x08008e62                xcpGetInitParameters
 .text.HAL_Delay
                0x08008e90       0x2e overrideHALDelay.c.o
                0x08008e90                HAL_Delay
 *fill*         0x08008ebe        0x2 
 .text.PeriphCommonClock_Config
                0x08008ec0       0x10 platform_timer.c.o
                0x08008ec0                PeriphCommonClock_Config
 .text.getCurrentTimestampInMicros
                0x08008ed0       0x40 platform_timer.c.o
                0x08008ed0                getCurrentTimestampInMicros
 .text.returnTimeElapsed
                0x08008f10       0x2c platform_timer.c.o
                0x08008f10                returnTimeElapsed
 .text.__NVIC_SetPriority
                0x08008f3c       0x54 SysTickScheduler.c.o
 .text.SysTick_Config
                0x08008f90       0x44 SysTickScheduler.c.o
 .text.SysTick_Isr
                0x08008fd4       0x48 SysTickScheduler.c.o
 .text.SysTick_Handler
                0x0800901c       0x20 SysTickScheduler.c.o
                0x0800901c                SysTick_Handler
 .text.ARMCM_SysTick_Config
                0x0800903c       0xb0 SysTickScheduler.c.o
                0x0800903c                ARMCM_SysTick_Config
 .text.PendSV_Handler
                0x080090ec       0x44 m3m4m4f_multitasking.c.o
                0x080090ec                PendSV_Handler
 .text.SVC_Handler
                0x08009130       0x58 m3m4m4f_multitasking.c.o
                0x08009130                SVC_Handler
 .text.rtIOStreamOpen
                0x08009188       0x58 rtiostream_serial.c.o
                0x08009188                rtIOStreamOpen
 .text.rtIOStreamSend
                0x080091e0       0x34 rtiostream_serial.c.o
                0x080091e0                rtIOStreamSend
 .text.rtIOStreamRecv
                0x08009214       0x48 rtiostream_serial.c.o
                0x08009214                rtIOStreamRecv
 .text.rtIOStreamClose
                0x0800925c       0x20 rtiostream_serial.c.o
                0x0800925c                rtIOStreamClose
 .text.__NVIC_GetPriorityGrouping
                0x0800927c       0x1c stm_usart.c.o
 .text.__NVIC_EnableIRQ
                0x08009298       0x3c stm_usart.c.o
 .text.__NVIC_SetPriority
                0x080092d4       0x54 stm_usart.c.o
 .text.NVIC_EncodePriority
                0x08009328       0x66 stm_usart.c.o
 *fill*         0x0800938e        0x2 
 .text.LL_DMA_EnableStream
                0x08009390       0x40 stm_usart.c.o
 .text.LL_DMA_DisableStream
                0x080093d0       0x40 stm_usart.c.o
 .text.LL_DMA_GetMode
                0x08009410       0x30 stm_usart.c.o
 .text.LL_DMA_SetDataLength
                0x08009440       0x48 stm_usart.c.o
 .text.LL_DMA_GetDataLength
                0x08009488       0x2c stm_usart.c.o
 .text.LL_DMA_ConfigAddresses
                0x080094b4       0x78 stm_usart.c.o
 .text.LL_DMA_SetMemoryAddress
                0x0800952c       0x30 stm_usart.c.o
 .text.LL_DMA_IsActiveFlag_TC5
                0x0800955c       0x28 stm_usart.c.o
 .text.LL_DMA_IsActiveFlag_TC6
                0x08009584       0x28 stm_usart.c.o
 .text.LL_DMA_ClearFlag_TC5
                0x080095ac       0x1c stm_usart.c.o
 .text.LL_DMA_ClearFlag_TC6
                0x080095c8       0x1c stm_usart.c.o
 .text.LL_DMA_EnableIT_TC
                0x080095e4       0x40 stm_usart.c.o
 .text.LL_DMA_DisableIT_TC
                0x08009624       0x40 stm_usart.c.o
 .text.LL_DMA_IsEnabledIT_TC
                0x08009664       0x38 stm_usart.c.o
 .text.LL_USART_Enable
                0x0800969c       0x20 stm_usart.c.o
 .text.LL_USART_Disable
                0x080096bc       0x20 stm_usart.c.o
 .text.LL_USART_IsActiveFlag_PE
                0x080096dc       0x26 stm_usart.c.o
 .text.LL_USART_IsActiveFlag_FE
                0x08009702       0x26 stm_usart.c.o
 .text.LL_USART_IsActiveFlag_NE
                0x08009728       0x26 stm_usart.c.o
 .text.LL_USART_IsActiveFlag_ORE
                0x0800974e       0x26 stm_usart.c.o
 .text.LL_USART_ClearFlag_PE
                0x08009774       0x24 stm_usart.c.o
 .text.LL_USART_ClearFlag_ORE
                0x08009798       0x24 stm_usart.c.o
 .text.LL_USART_EnableIT_RXNE
                0x080097bc       0x46 stm_usart.c.o
 .text.LL_USART_EnableIT_PE
                0x08009802       0x46 stm_usart.c.o
 .text.LL_USART_EnableIT_ERROR
                0x08009848       0x46 stm_usart.c.o
 .text.LL_USART_DisableIT_IDLE
                0x0800988e       0x46 stm_usart.c.o
 .text.LL_USART_DisableIT_RXNE
                0x080098d4       0x46 stm_usart.c.o
 .text.LL_USART_DisableIT_TXE
                0x0800991a       0x46 stm_usart.c.o
 .text.LL_USART_DisableIT_PE
                0x08009960       0x46 stm_usart.c.o
 .text.LL_USART_DisableIT_ERROR
                0x080099a6       0x46 stm_usart.c.o
 .text.LL_USART_EnableDMAReq_RX
                0x080099ec       0x46 stm_usart.c.o
 .text.LL_USART_DisableDMAReq_RX
                0x08009a32       0x46 stm_usart.c.o
 .text.LL_USART_EnableDMAReq_TX
                0x08009a78       0x46 stm_usart.c.o
 .text.LL_USART_DisableDMAReq_TX
                0x08009abe       0x46 stm_usart.c.o
 .text.LL_USART_DMA_GetRegAddr
                0x08009b04       0x18 stm_usart.c.o
 .text.LL_USART_ReceiveData8
                0x08009b1c       0x1a stm_usart.c.o
 .text.checkIfTransmitBufferFull
                0x08009b36       0x64 stm_usart.c.o
                0x08009b36                checkIfTransmitBufferFull
 .text.copyToTransmitBuffer
                0x08009b9a       0xf4 stm_usart.c.o
                0x08009b9a                copyToTransmitBuffer
 .text.getAvailableDataInBuffer
                0x08009c8e       0xcc stm_usart.c.o
                0x08009c8e                getAvailableDataInBuffer
 .text.getBytesToBeReadFromBuffer
                0x08009d5a       0x6e stm_usart.c.o
                0x08009d5a                getBytesToBeReadFromBuffer
 .text.readDataFromBuffer
                0x08009dc8       0xcc stm_usart.c.o
                0x08009dc8                readDataFromBuffer
 .text.UART_RXDMAInterruptHandler
                0x08009e94       0xd4 stm_usart.c.o
                0x08009e94                UART_RXDMAInterruptHandler
 .text.UART_TXDMAInterruptHandler
                0x08009f68      0x164 stm_usart.c.o
                0x08009f68                UART_TXDMAInterruptHandler
 .text.UART_IsActiveFlagError
                0x0800a0cc       0xe0 stm_usart.c.o
                0x0800a0cc                UART_IsActiveFlagError
 .text.USART2_IRQHandler
                0x0800a1ac       0x14 stm_usart.c.o
                0x0800a1ac                USART2_IRQHandler
 .text.DMA1_Stream6_IRQHandler
                0x0800a1c0       0x20 stm_usart.c.o
                0x0800a1c0                DMA1_Stream6_IRQHandler
 .text.DMA1_Stream5_IRQHandler
                0x0800a1e0       0x20 stm_usart.c.o
                0x0800a1e0                DMA1_Stream5_IRQHandler
 .text.UART_ConfigureReceiveDMA
                0x0800a200       0x88 stm_usart.c.o
                0x0800a200                UART_ConfigureReceiveDMA
 .text.UART_ConfigureTransmitDMA
                0x0800a288       0x54 stm_usart.c.o
                0x0800a288                UART_ConfigureTransmitDMA
 .text.getReadErrorStatus
                0x0800a2dc       0xc8 stm_usart.c.o
                0x0800a2dc                getReadErrorStatus
 .text.MW_UART_Initialize
                0x0800a3a4      0x198 stm_usart.c.o
                0x0800a3a4                MW_UART_Initialize
 .text.MW_UART_ReceiveUsingBuffer
                0x0800a53c       0x5c stm_usart.c.o
                0x0800a53c                MW_UART_ReceiveUsingBuffer
 .text.MW_UART_TransmitUsingDMA
                0x0800a598       0xfc stm_usart.c.o
                0x0800a598                MW_UART_TransmitUsingDMA
 .text.MW_UART_DeInit
                0x0800a694       0xaa stm_usart.c.o
                0x0800a694                MW_UART_DeInit
 .text.sys_arch_protect_arm
                0x0800a73e       0x22 sys_arch_arm.c.o
                0x0800a73e                sys_arch_protect_arm
 .text.sys_arch_unprotect_arm
                0x0800a760       0x20 sys_arch_arm.c.o
                0x0800a760                sys_arch_unprotect_arm
 .text.__NVIC_GetPriorityGrouping
                0x0800a780       0x1c main.c.o
 .text.__NVIC_EnableIRQ
                0x0800a79c       0x3c main.c.o
 .text.__NVIC_SetPriority
                0x0800a7d8       0x54 main.c.o
 .text.NVIC_EncodePriority
                0x0800a82c       0x66 main.c.o
 .text.LL_ADC_REG_SetSequencerRanks
                0x0800a892       0x7a main.c.o
 .text.LL_ADC_REG_SetFlagEndOfConversion
                0x0800a90c       0x26 main.c.o
 .text.LL_ADC_SetChannelSamplingTime
                0x0800a932       0xc2 main.c.o
 .text.LL_DMA_SetDataTransferDirection
                0x0800a9f4       0x48 main.c.o
 .text.LL_DMA_SetMode
                0x0800aa3c       0x48 main.c.o
 .text.LL_DMA_SetPeriphIncMode
                0x0800aa84       0x48 main.c.o
 .text.LL_DMA_SetMemoryIncMode
                0x0800aacc       0x48 main.c.o
 .text.LL_DMA_SetPeriphSize
                0x0800ab14       0x48 main.c.o
 .text.LL_DMA_SetMemorySize
                0x0800ab5c       0x48 main.c.o
 .text.LL_DMA_SetStreamPriorityLevel
                0x0800aba4       0x48 main.c.o
 .text.LL_DMA_SetChannelSelection
                0x0800abec       0x48 main.c.o
 .text.LL_DMA_DisableFifoMode
                0x0800ac34       0x40 main.c.o
 .text.LL_RCC_HSE_Enable
                0x0800ac74       0x20 main.c.o
 .text.LL_RCC_HSE_IsReady
                0x0800ac94       0x28 main.c.o
 .text.LL_RCC_SetSysClkSource
                0x0800acbc       0x28 main.c.o
 .text.LL_RCC_GetSysClkSource
                0x0800ace4       0x1c main.c.o
 .text.LL_RCC_SetAHBPrescaler
                0x0800ad00       0x28 main.c.o
 .text.LL_RCC_SetAPB1Prescaler
                0x0800ad28       0x28 main.c.o
 .text.LL_RCC_SetAPB2Prescaler
                0x0800ad50       0x28 main.c.o
 .text.LL_RCC_PLL_Enable
                0x0800ad78       0x20 main.c.o
 .text.LL_RCC_PLL_IsReady
                0x0800ad98       0x28 main.c.o
 .text.LL_RCC_PLL_ConfigDomain_SYS
                0x0800adc0       0x4c main.c.o
 .text.LL_AHB1_GRP1_EnableClock
                0x0800ae0c       0x30 main.c.o
 .text.LL_APB1_GRP1_EnableClock
                0x0800ae3c       0x30 main.c.o
 .text.LL_APB2_GRP1_EnableClock
                0x0800ae6c       0x30 main.c.o
 .text.LL_FLASH_SetLatency
                0x0800ae9c       0x28 main.c.o
 .text.LL_FLASH_GetLatency
                0x0800aec4       0x1c main.c.o
 .text.LL_PWR_SetRegulVoltageScaling
                0x0800aee0       0x28 main.c.o
 .text.LL_PWR_IsActiveFlag_VOS
                0x0800af08       0x28 main.c.o
 .text.LL_SPI_SetStandard
                0x0800af30       0x26 main.c.o
 .text.LL_TIM_DisableARRPreload
                0x0800af56       0x20 main.c.o
 *fill*         0x0800af76        0x2 
 .text.LL_TIM_OC_DisableFast
                0x0800af78       0x8c main.c.o
 .text.LL_TIM_OC_EnablePreload
                0x0800b004       0x88 main.c.o
 .text.LL_TIM_SetClockSource
                0x0800b08c       0x2a main.c.o
 .text.LL_TIM_SetTriggerOutput
                0x0800b0b6       0x26 main.c.o
 .text.LL_TIM_SetSlaveMode
                0x0800b0dc       0x26 main.c.o
 .text.LL_TIM_SetTriggerInput
                0x0800b102       0x26 main.c.o
 .text.LL_TIM_DisableMasterSlaveMode
                0x0800b128       0x20 main.c.o
 .text.LL_TIM_DisableIT_TRIG
                0x0800b148       0x20 main.c.o
 .text.LL_TIM_DisableDMAReq_TRIG
                0x0800b168       0x20 main.c.o
 .text.LL_USART_Enable
                0x0800b188       0x20 main.c.o
 .text.LL_USART_ConfigAsyncMode
                0x0800b1a8       0x2c main.c.o
 .text.LL_GPIO_ResetOutputPin
                0x0800b1d4       0x1e main.c.o
 *fill*         0x0800b1f2        0x2 
 .text.SystemClock_Config
                0x0800b1f4       0xa0 main.c.o
                0x0800b1f4                SystemClock_Config
 .text.MX_ADC1_Init
                0x0800b294       0xec main.c.o
                0x0800b294                MX_ADC1_Init
 .text.MX_ADC2_Init
                0x0800b380       0xc4 main.c.o
                0x0800b380                MX_ADC2_Init
 .text.MX_ADC3_Init
                0x0800b444       0xc4 main.c.o
                0x0800b444                MX_ADC3_Init
 .text.MX_SPI3_Init
                0x0800b508       0xa8 main.c.o
                0x0800b508                MX_SPI3_Init
 .text.MX_TIM8_Init
                0x0800b5b0      0x1e8 main.c.o
                0x0800b5b0                MX_TIM8_Init
 .text.MX_USART2_UART_Init
                0x0800b798      0x15c main.c.o
                0x0800b798                MX_USART2_UART_Init
 .text.MX_DMA_Init
                0x0800b8f4       0x50 main.c.o
                0x0800b8f4                MX_DMA_Init
 .text.MX_GPIO_Init
                0x0800b944       0x94 main.c.o
                0x0800b944                MX_GPIO_Init
 .text.HAL_TIM_PeriodElapsedCallback
                0x0800b9d8       0x24 main.c.o
                0x0800b9d8                HAL_TIM_PeriodElapsedCallback
 .text.Error_Handler
                0x0800b9fc        0xc main.c.o
                0x0800b9fc                Error_Handler
 .text.NMI_Handler
                0x0800ba08        0x8 stm32f4xx_it.c.o
                0x0800ba08                NMI_Handler
 .text.HardFault_Handler
                0x0800ba10        0x8 stm32f4xx_it.c.o
                0x0800ba10                HardFault_Handler
 .text.MemManage_Handler
                0x0800ba18        0x8 stm32f4xx_it.c.o
                0x0800ba18                MemManage_Handler
 .text.BusFault_Handler
                0x0800ba20        0x8 stm32f4xx_it.c.o
                0x0800ba20                BusFault_Handler
 .text.UsageFault_Handler
                0x0800ba28        0x8 stm32f4xx_it.c.o
                0x0800ba28                UsageFault_Handler
 .text.DebugMon_Handler
                0x0800ba30        0xe stm32f4xx_it.c.o
                0x0800ba30                DebugMon_Handler
 *fill*         0x0800ba3e        0x2 
 .text.TIM1_UP_TIM10_IRQHandler
                0x0800ba40       0x14 stm32f4xx_it.c.o
                0x0800ba40                TIM1_UP_TIM10_IRQHandler
 .text.HAL_MspInit
                0x0800ba54       0x50 stm32f4xx_hal_msp.c.o
                0x0800ba54                HAL_MspInit
 .text.HAL_InitTick
                0x0800baa4       0xe8 stm32f4xx_hal_timebase_tim.c.o
                0x0800baa4                HAL_InitTick
 .text.HAL_TIM_Base_Init
                0x0800bb8c       0x9e stm32f4xx_hal_tim.c.o
                0x0800bb8c                HAL_TIM_Base_Init
 .text.HAL_TIM_Base_MspInit
                0x0800bc2a       0x14 stm32f4xx_hal_tim.c.o
                0x0800bc2a                HAL_TIM_Base_MspInit
 *fill*         0x0800bc3e        0x2 
 .text.HAL_TIM_Base_Start_IT
                0x0800bc40       0xe0 stm32f4xx_hal_tim.c.o
                0x0800bc40                HAL_TIM_Base_Start_IT
 .text.HAL_TIM_IRQHandler
                0x0800bd20      0x1e0 stm32f4xx_hal_tim.c.o
                0x0800bd20                HAL_TIM_IRQHandler
 .text.HAL_TIM_OC_DelayElapsedCallback
                0x0800bf00       0x14 stm32f4xx_hal_tim.c.o
                0x0800bf00                HAL_TIM_OC_DelayElapsedCallback
 .text.HAL_TIM_IC_CaptureCallback
                0x0800bf14       0x14 stm32f4xx_hal_tim.c.o
                0x0800bf14                HAL_TIM_IC_CaptureCallback
 .text.HAL_TIM_PWM_PulseFinishedCallback
                0x0800bf28       0x14 stm32f4xx_hal_tim.c.o
                0x0800bf28                HAL_TIM_PWM_PulseFinishedCallback
 .text.HAL_TIM_TriggerCallback
                0x0800bf3c       0x14 stm32f4xx_hal_tim.c.o
                0x0800bf3c                HAL_TIM_TriggerCallback
 .text.TIM_Base_SetConfig
                0x0800bf50      0x158 stm32f4xx_hal_tim.c.o
                0x0800bf50                TIM_Base_SetConfig
 .text.HAL_TIMEx_CommutCallback
                0x0800c0a8       0x14 stm32f4xx_hal_tim_ex.c.o
                0x0800c0a8                HAL_TIMEx_CommutCallback
 .text.HAL_TIMEx_BreakCallback
                0x0800c0bc       0x14 stm32f4xx_hal_tim_ex.c.o
                0x0800c0bc                HAL_TIMEx_BreakCallback
 .text.LL_GPIO_SetPinMode
                0x0800c0d0       0x7a stm32f4xx_ll_gpio.c.o
 .text.LL_GPIO_SetPinOutputType
                0x0800c14a       0x30 stm32f4xx_ll_gpio.c.o
 .text.LL_GPIO_SetPinSpeed
                0x0800c17a       0x7a stm32f4xx_ll_gpio.c.o
 .text.LL_GPIO_SetPinPull
                0x0800c1f4       0x7a stm32f4xx_ll_gpio.c.o
 .text.LL_GPIO_SetAFPin_0_7
                0x0800c26e       0x7a stm32f4xx_ll_gpio.c.o
 .text.LL_GPIO_SetAFPin_8_15
                0x0800c2e8       0x7e stm32f4xx_ll_gpio.c.o
 .text.LL_GPIO_Init
                0x0800c366      0x102 stm32f4xx_ll_gpio.c.o
                0x0800c366                LL_GPIO_Init
 .text.LL_ADC_REG_SetSequencerLength
                0x0800c468       0x26 stm32f4xx_ll_adc.c.o
 .text.LL_ADC_IsEnabled
                0x0800c48e       0x26 stm32f4xx_ll_adc.c.o
 .text.LL_ADC_CommonInit
                0x0800c4b4       0x90 stm32f4xx_ll_adc.c.o
                0x0800c4b4                LL_ADC_CommonInit
 .text.LL_ADC_Init
                0x0800c544       0x58 stm32f4xx_ll_adc.c.o
                0x0800c544                LL_ADC_Init
 .text.LL_ADC_REG_Init
                0x0800c59c       0x84 stm32f4xx_ll_adc.c.o
                0x0800c59c                LL_ADC_REG_Init
 .text.LL_RCC_GetSysClkSource
                0x0800c620       0x1c stm32f4xx_ll_rcc.c.o
 .text.LL_RCC_GetAHBPrescaler
                0x0800c63c       0x1c stm32f4xx_ll_rcc.c.o
 .text.LL_RCC_GetAPB1Prescaler
                0x0800c658       0x1c stm32f4xx_ll_rcc.c.o
 .text.LL_RCC_GetAPB2Prescaler
                0x0800c674       0x1c stm32f4xx_ll_rcc.c.o
 .text.LL_RCC_PLL_GetMainSource
                0x0800c690       0x1c stm32f4xx_ll_rcc.c.o
 .text.LL_RCC_PLL_GetN
                0x0800c6ac       0x1c stm32f4xx_ll_rcc.c.o
 .text.LL_RCC_PLL_GetP
                0x0800c6c8       0x1c stm32f4xx_ll_rcc.c.o
 .text.LL_RCC_PLL_GetDivider
                0x0800c6e4       0x1c stm32f4xx_ll_rcc.c.o
 .text.LL_RCC_GetSystemClocksFreq
                0x0800c700       0x4a stm32f4xx_ll_rcc.c.o
                0x0800c700                LL_RCC_GetSystemClocksFreq
 *fill*         0x0800c74a        0x2 
 .text.RCC_GetSystemClockFreq
                0x0800c74c       0x50 stm32f4xx_ll_rcc.c.o
                0x0800c74c                RCC_GetSystemClockFreq
 .text.RCC_GetHCLKClockFreq
                0x0800c79c       0x2c stm32f4xx_ll_rcc.c.o
                0x0800c79c                RCC_GetHCLKClockFreq
 .text.RCC_GetPCLK1ClockFreq
                0x0800c7c8       0x28 stm32f4xx_ll_rcc.c.o
                0x0800c7c8                RCC_GetPCLK1ClockFreq
 .text.RCC_GetPCLK2ClockFreq
                0x0800c7f0       0x28 stm32f4xx_ll_rcc.c.o
                0x0800c7f0                RCC_GetPCLK2ClockFreq
 .text.RCC_PLL_GetFreqDomain_SYS
                0x0800c818       0x7c stm32f4xx_ll_rcc.c.o
                0x0800c818                RCC_PLL_GetFreqDomain_SYS
 .text.LL_SetSystemCoreClock
                0x0800c894       0x20 stm32f4xx_ll_utils.c.o
                0x0800c894                LL_SetSystemCoreClock
 .text.HAL_RCC_GetHCLKFreq
                0x0800c8b4       0x18 stm32f4xx_hal_rcc.c.o
                0x0800c8b4                HAL_RCC_GetHCLKFreq
 .text.HAL_RCC_GetPCLK2Freq
                0x0800c8cc       0x28 stm32f4xx_hal_rcc.c.o
                0x0800c8cc                HAL_RCC_GetPCLK2Freq
 .text.HAL_RCC_GetClockConfig
                0x0800c8f4       0x64 stm32f4xx_hal_rcc.c.o
                0x0800c8f4                HAL_RCC_GetClockConfig
 .text.__NVIC_SetPriorityGrouping
                0x0800c958       0x48 stm32f4xx_hal_cortex.c.o
 .text.__NVIC_GetPriorityGrouping
                0x0800c9a0       0x1c stm32f4xx_hal_cortex.c.o
 .text.__NVIC_EnableIRQ
                0x0800c9bc       0x3c stm32f4xx_hal_cortex.c.o
 .text.__NVIC_SetPriority
                0x0800c9f8       0x54 stm32f4xx_hal_cortex.c.o
 .text.NVIC_EncodePriority
                0x0800ca4c       0x66 stm32f4xx_hal_cortex.c.o
 .text.HAL_NVIC_SetPriorityGrouping
                0x0800cab2       0x16 stm32f4xx_hal_cortex.c.o
                0x0800cab2                HAL_NVIC_SetPriorityGrouping
 .text.HAL_NVIC_SetPriority
                0x0800cac8       0x38 stm32f4xx_hal_cortex.c.o
                0x0800cac8                HAL_NVIC_SetPriority
 .text.HAL_NVIC_EnableIRQ
                0x0800cb00       0x1c stm32f4xx_hal_cortex.c.o
                0x0800cb00                HAL_NVIC_EnableIRQ
 .text.HAL_Init
                0x0800cb1c       0x44 stm32f4xx_hal.c.o
                0x0800cb1c                HAL_Init
 .text.HAL_IncTick
                0x0800cb60       0x28 stm32f4xx_hal.c.o
                0x0800cb60                HAL_IncTick
 .text.HAL_GetTick
                0x0800cb88       0x18 stm32f4xx_hal.c.o
                0x0800cb88                HAL_GetTick
 .text.LL_SPI_IsEnabled
                0x0800cba0       0x26 stm32f4xx_ll_spi.c.o
 .text.LL_SPI_SetCRCPolynomial
                0x0800cbc6       0x20 stm32f4xx_ll_spi.c.o
 .text.LL_SPI_Init
                0x0800cbe6       0xa4 stm32f4xx_ll_spi.c.o
                0x0800cbe6                LL_SPI_Init
 .text.LL_TIM_SetPrescaler
                0x0800cc8a       0x1c stm32f4xx_ll_tim.c.o
 .text.LL_TIM_SetAutoReload
                0x0800cca6       0x1c stm32f4xx_ll_tim.c.o
 .text.LL_TIM_SetRepetitionCounter
                0x0800ccc2       0x1c stm32f4xx_ll_tim.c.o
 .text.LL_TIM_OC_SetCompareCH1
                0x0800ccde       0x1c stm32f4xx_ll_tim.c.o
 .text.LL_TIM_OC_SetCompareCH2
                0x0800ccfa       0x1c stm32f4xx_ll_tim.c.o
 .text.LL_TIM_OC_SetCompareCH3
                0x0800cd16       0x1c stm32f4xx_ll_tim.c.o
 .text.LL_TIM_OC_SetCompareCH4
                0x0800cd32       0x1c stm32f4xx_ll_tim.c.o
 .text.LL_TIM_GenerateEvent_UPDATE
                0x0800cd4e       0x20 stm32f4xx_ll_tim.c.o
 *fill*         0x0800cd6e        0x2 
 .text.LL_TIM_Init
                0x0800cd70      0x134 stm32f4xx_ll_tim.c.o
                0x0800cd70                LL_TIM_Init
 .text.LL_TIM_OC_Init
                0x0800cea4       0x82 stm32f4xx_ll_tim.c.o
                0x0800cea4                LL_TIM_OC_Init
 .text.LL_TIM_BDTR_Init
                0x0800cf26       0x84 stm32f4xx_ll_tim.c.o
                0x0800cf26                LL_TIM_BDTR_Init
 *fill*         0x0800cfaa        0x2 
 .text.OC1Config
                0x0800cfac       0xd8 stm32f4xx_ll_tim.c.o
 .text.OC2Config
                0x0800d084       0xe0 stm32f4xx_ll_tim.c.o
 .text.OC3Config
                0x0800d164       0xe0 stm32f4xx_ll_tim.c.o
 .text.OC4Config
                0x0800d244       0xb0 stm32f4xx_ll_tim.c.o
 .text.LL_USART_IsEnabled
                0x0800d2f4       0x28 stm32f4xx_ll_usart.c.o
 .text.LL_USART_SetStopBitsLength
                0x0800d31c       0x26 stm32f4xx_ll_usart.c.o
 .text.LL_USART_SetHWFlowCtrl
                0x0800d342       0x26 stm32f4xx_ll_usart.c.o
 .text.LL_USART_SetBaudRate
                0x0800d368      0x45c stm32f4xx_ll_usart.c.o
 .text.LL_USART_Init
                0x0800d7c4      0x100 stm32f4xx_ll_usart.c.o
                0x0800d7c4                LL_USART_Init
 .text.SystemInit
                0x0800d8c4       0x24 system_stm32f4xx.c.o
                0x0800d8c4                SystemInit
 .text.Reset_Handler
                0x0800d8e8       0x50 startup_stm32f405rgtx.s.o
                0x0800d8e8                Reset_Handler
 .text.Default_Handler
                0x0800d938        0x2 startup_stm32f405rgtx.s.o
                0x0800d938                RTC_Alarm_IRQHandler
                0x0800d938                HASH_RNG_IRQHandler
                0x0800d938                EXTI2_IRQHandler
                0x0800d938                TIM8_CC_IRQHandler
                0x0800d938                TIM1_CC_IRQHandler
                0x0800d938                DMA2_Stream5_IRQHandler
                0x0800d938                PVD_IRQHandler
                0x0800d938                SDIO_IRQHandler
                0x0800d938                TAMP_STAMP_IRQHandler
                0x0800d938                CAN2_RX1_IRQHandler
                0x0800d938                EXTI3_IRQHandler
                0x0800d938                TIM8_TRG_COM_TIM14_IRQHandler
                0x0800d938                TIM8_UP_TIM13_IRQHandler
                0x0800d938                I2C3_ER_IRQHandler
                0x0800d938                EXTI0_IRQHandler
                0x0800d938                I2C2_EV_IRQHandler
                0x0800d938                DMA1_Stream2_IRQHandler
                0x0800d938                CAN1_RX0_IRQHandler
                0x0800d938                FPU_IRQHandler
                0x0800d938                OTG_HS_WKUP_IRQHandler
                0x0800d938                CAN2_SCE_IRQHandler
                0x0800d938                DMA2_Stream2_IRQHandler
                0x0800d938                SPI1_IRQHandler
                0x0800d938                TIM6_DAC_IRQHandler
                0x0800d938                TIM1_BRK_TIM9_IRQHandler
                0x0800d938                CAN2_RX0_IRQHandler
                0x0800d938                DMA2_Stream3_IRQHandler
                0x0800d938                USART6_IRQHandler
                0x0800d938                USART3_IRQHandler
                0x0800d938                CAN1_RX1_IRQHandler
                0x0800d938                UART5_IRQHandler
                0x0800d938                DMA2_Stream0_IRQHandler
                0x0800d938                TIM4_IRQHandler
                0x0800d938                I2C1_EV_IRQHandler
                0x0800d938                DMA1_Stream1_IRQHandler
                0x0800d938                UART4_IRQHandler
                0x0800d938                TIM3_IRQHandler
                0x0800d938                RCC_IRQHandler
                0x0800d938                TIM8_BRK_TIM12_IRQHandler
                0x0800d938                Default_Handler
                0x0800d938                EXTI15_10_IRQHandler
                0x0800d938                ADC_IRQHandler
                0x0800d938                DMA1_Stream7_IRQHandler
                0x0800d938                TIM7_IRQHandler
                0x0800d938                CAN2_TX_IRQHandler
                0x0800d938                TIM5_IRQHandler
                0x0800d938                DMA2_Stream7_IRQHandler
                0x0800d938                I2C3_EV_IRQHandler
                0x0800d938                EXTI9_5_IRQHandler
                0x0800d938                RTC_WKUP_IRQHandler
                0x0800d938                SPI2_IRQHandler
                0x0800d938                OTG_HS_EP1_IN_IRQHandler
                0x0800d938                DMA1_Stream0_IRQHandler
                0x0800d938                CAN1_TX_IRQHandler
                0x0800d938                EXTI4_IRQHandler
                0x0800d938                FSMC_IRQHandler
                0x0800d938                OTG_HS_EP1_OUT_IRQHandler
                0x0800d938                WWDG_IRQHandler
                0x0800d938                TIM2_IRQHandler
                0x0800d938                OTG_FS_WKUP_IRQHandler
                0x0800d938                TIM1_TRG_COM_TIM11_IRQHandler
                0x0800d938                OTG_HS_IRQHandler
                0x0800d938                EXTI1_IRQHandler
                0x0800d938                I2C2_ER_IRQHandler
                0x0800d938                DMA2_Stream1_IRQHandler
                0x0800d938                CAN1_SCE_IRQHandler
                0x0800d938                FLASH_IRQHandler
                0x0800d938                DMA2_Stream4_IRQHandler
                0x0800d938                USART1_IRQHandler
                0x0800d938                OTG_FS_IRQHandler
                0x0800d938                SPI3_IRQHandler
                0x0800d938                DMA1_Stream4_IRQHandler
                0x0800d938                I2C1_ER_IRQHandler
                0x0800d938                DMA2_Stream6_IRQHandler
                0x0800d938                DMA1_Stream3_IRQHandler
 *fill*         0x0800d93a        0x2 
 .text.fmod     0x0800d93c       0x6c C:/ProgramData/MATLAB/SupportPackages/R2025b/3P.instrset/gnuarm-armcortex.instrset/win/bin/../lib/gcc/arm-none-eabi/13.2.1/thumb/v7e-m+fp/hard\libm.a(libm_a-w_fmod.o)
                0x0800d93c                fmod
 .text.floor    0x0800d9a8      0x108 C:/ProgramData/MATLAB/SupportPackages/R2025b/3P.instrset/gnuarm-armcortex.instrset/win/bin/../lib/gcc/arm-none-eabi/13.2.1/thumb/v7e-m+fp/hard\libm.a(libm_a-s_floor.o)
                0x0800d9a8                floor
 .text.__ieee754_fmod
                0x0800dab0      0x30c C:/ProgramData/MATLAB/SupportPackages/R2025b/3P.instrset/gnuarm-armcortex.instrset/win/bin/../lib/gcc/arm-none-eabi/13.2.1/thumb/v7e-m+fp/hard\libm.a(libm_a-e_fmod.o)
                0x0800dab0                __ieee754_fmod
 .text.__udivmoddi4
                0x0800ddbc      0x2bc C:/ProgramData/MATLAB/SupportPackages/R2025b/3P.instrset/gnuarm-armcortex.instrset/win/bin/../lib/gcc/arm-none-eabi/13.2.1/thumb/v7e-m+fp/hard\libgcc.a(_udivmoddi4.o)
                0x0800ddbc                __udivmoddi4
 .text.memset   0x0800e078       0xa4 C:/ProgramData/MATLAB/SupportPackages/R2025b/3P.instrset/gnuarm-armcortex.instrset/win/bin/../lib/gcc/arm-none-eabi/13.2.1/thumb/v7e-m+fp/hard\libg.a(libc_a-memset.o)
                0x0800e078                memset
 .text.__errno  0x0800e11c        0xc C:/ProgramData/MATLAB/SupportPackages/R2025b/3P.instrset/gnuarm-armcortex.instrset/win/bin/../lib/gcc/arm-none-eabi/13.2.1/thumb/v7e-m+fp/hard\libg.a(libc_a-errno.o)
                0x0800e11c                __errno
 .text.__libc_init_array
                0x0800e128       0x50 C:/ProgramData/MATLAB/SupportPackages/R2025b/3P.instrset/gnuarm-armcortex.instrset/win/bin/../lib/gcc/arm-none-eabi/13.2.1/thumb/v7e-m+fp/hard\libg.a(libc_a-init.o)
                0x0800e128                __libc_init_array
 .text.__retarget_lock_acquire_recursive
                0x0800e178        0x4 C:/ProgramData/MATLAB/SupportPackages/R2025b/3P.instrset/gnuarm-armcortex.instrset/win/bin/../lib/gcc/arm-none-eabi/13.2.1/thumb/v7e-m+fp/hard\libg.a(libc_a-lock.o)
                0x0800e178                __retarget_lock_acquire_recursive
 .text.__retarget_lock_release_recursive
                0x0800e17c        0x4 C:/ProgramData/MATLAB/SupportPackages/R2025b/3P.instrset/gnuarm-armcortex.instrset/win/bin/../lib/gcc/arm-none-eabi/13.2.1/thumb/v7e-m+fp/hard\libg.a(libc_a-lock.o)
                0x0800e17c                __retarget_lock_release_recursive
 .text.startup.register_fini
                0x0800e180       0x14 C:/ProgramData/MATLAB/SupportPackages/R2025b/3P.instrset/gnuarm-armcortex.instrset/win/bin/../lib/gcc/arm-none-eabi/13.2.1/thumb/v7e-m+fp/hard\libg.a(libc_a-__call_atexit.o)
 .text.atexit   0x0800e194        0xc C:/ProgramData/MATLAB/SupportPackages/R2025b/3P.instrset/gnuarm-armcortex.instrset/win/bin/../lib/gcc/arm-none-eabi/13.2.1/thumb/v7e-m+fp/hard\libg.a(libc_a-atexit.o)
                0x0800e194                atexit
 .text.__libc_fini_array
                0x0800e1a0       0x28 C:/ProgramData/MATLAB/SupportPackages/R2025b/3P.instrset/gnuarm-armcortex.instrset/win/bin/../lib/gcc/arm-none-eabi/13.2.1/thumb/v7e-m+fp/hard\libg.a(libc_a-fini.o)
                0x0800e1a0                __libc_fini_array
 .text.__register_exitproc
                0x0800e1c8       0x80 C:/ProgramData/MATLAB/SupportPackages/R2025b/3P.instrset/gnuarm-armcortex.instrset/win/bin/../lib/gcc/arm-none-eabi/13.2.1/thumb/v7e-m+fp/hard\libg.a(libc_a-__atexit.o)
                0x0800e1c8                __register_exitproc
 *(.glue_7)
 .glue_7        0x0800e248        0x0 linker stubs
 *(.glue_7t)
 .glue_7t       0x0800e248        0x0 linker stubs
 *(.eh_frame)
 .eh_frame      0x0800e248        0x0 C:/ProgramData/MATLAB/SupportPackages/R2025b/3P.instrset/gnuarm-armcortex.instrset/win/bin/../lib/gcc/arm-none-eabi/13.2.1/thumb/v7e-m+fp/hard/crtbegin.o
 *(.init)
 .init          0x0800e248        0x4 C:/ProgramData/MATLAB/SupportPackages/R2025b/3P.instrset/gnuarm-armcortex.instrset/win/bin/../lib/gcc/arm-none-eabi/13.2.1/thumb/v7e-m+fp/hard/crti.o
                0x0800e248                _init
 .init          0x0800e24c        0x8 C:/ProgramData/MATLAB/SupportPackages/R2025b/3P.instrset/gnuarm-armcortex.instrset/win/bin/../lib/gcc/arm-none-eabi/13.2.1/thumb/v7e-m+fp/hard/crtn.o
 *(.fini)
 .fini          0x0800e254        0x4 C:/ProgramData/MATLAB/SupportPackages/R2025b/3P.instrset/gnuarm-armcortex.instrset/win/bin/../lib/gcc/arm-none-eabi/13.2.1/thumb/v7e-m+fp/hard/crti.o
                0x0800e254                _fini
 .fini          0x0800e258        0x8 C:/ProgramData/MATLAB/SupportPackages/R2025b/3P.instrset/gnuarm-armcortex.instrset/win/bin/../lib/gcc/arm-none-eabi/13.2.1/thumb/v7e-m+fp/hard/crtn.o
                0x0800e260                        . = ALIGN (0x4)
                0x0800e260                        _etext = .

.vfp11_veneer   0x0800e260        0x0
 .vfp11_veneer  0x0800e260        0x0 linker stubs

.v4_bx          0x0800e260        0x0
 .v4_bx         0x0800e260        0x0 linker stubs

.iplt           0x0800e260        0x0
 .iplt          0x0800e260        0x0 C:/ProgramData/MATLAB/SupportPackages/R2025b/3P.instrset/gnuarm-armcortex.instrset/win/bin/../lib/gcc/arm-none-eabi/13.2.1/thumb/v7e-m+fp/hard/crtbegin.o

.rodata         0x0800e260     0x29f0
                0x0800e260                        . = ALIGN (0x4)
 *(.rodata)
 .rodata        0x0800e260      0x2b9 xcp_ext_mode.c.o
 *fill*         0x0800e519        0x3 
 .rodata        0x0800e51c      0x12e xcp_ext_common.c.o
 *fill*         0x0800e64a        0x2 
 .rodata        0x0800e64c       0x4c xcp_ext_classic_trigger.c.o
 .rodata        0x0800e698      0x278 xcp.c.o
 .rodata        0x0800e910      0x3a9 xcp_standard.c.o
 *fill*         0x0800ecb9        0x3 
 .rodata        0x0800ecbc     0x1010 xcp_daq.c.o
 .rodata        0x0800fccc       0xdd xcp_calibration.c.o
 *fill*         0x0800fda9        0x3 
 .rodata        0x0800fdac      0x56e xcp_transport.c.o
 *fill*         0x0801031a        0x2 
 .rodata        0x0801031c       0xf5 xcp_mem_default.c.o
 *fill*         0x08010411        0x3 
 .rodata        0x08010414      0x228 xcp_drv_rtiostream.c.o
 .rodata        0x0801063c      0x4aa xcp_frame_serial.c.o
 *(.rodata*)
 *fill*         0x08010ae6        0x2 
 .rodata.STREAM_OFFSET_TAB
                0x08010ae8        0x8 mw_stm32_spi_ll.c.o
 .rodata.PMSM_to_BLDC_mod1_M
                0x08010af0        0x4 PMSM_to_BLDC_mod1.c.o
                0x08010af0                PMSM_to_BLDC_mod1_M
 .rodata.rtAlwaysEnabled.0
                0x08010af4        0x1 PMSM_to_BLDC_mod1.c.o
 *fill*         0x08010af5        0x3 
 .rodata.PMSM_to_BLDC_mod1_ConstB
                0x08010af8        0x4 PMSM_to_BLDC_mod1_data.c.o
                0x08010af8                PMSM_to_BLDC_mod1_ConstB
 .rodata.standardSupportedRxPacket
                0x08010afc       0x54 xcp_standard.c.o
 .rodata.daqSupportedRxPacket
                0x08010b50       0x9c xcp_daq.c.o
 .rodata.calibrationSupportedRxPacket
                0x08010bec       0x18 xcp_calibration.c.o
 .rodata.STREAM_OFFSET_TAB
                0x08010c04        0x8 stm_usart.c.o
 .rodata.STREAM_OFFSET_TAB
                0x08010c0c        0x8 main.c.o
 .rodata.OFFSET_TAB_CCMRx
                0x08010c14        0x7 main.c.o
 *fill*         0x08010c1b        0x1 
 .rodata.SHIFT_TAB_OCxx
                0x08010c1c        0x7 main.c.o
 *fill*         0x08010c23        0x1 
 .rodata.AHBPrescTable
                0x08010c24       0x10 system_stm32f4xx.c.o
                0x08010c24                AHBPrescTable
 .rodata.APBPrescTable
                0x08010c34        0x8 system_stm32f4xx.c.o
                0x08010c34                APBPrescTable
 *fill*         0x08010c3c        0x4 
 .rodata.Zero   0x08010c40       0x10 C:/ProgramData/MATLAB/SupportPackages/R2025b/3P.instrset/gnuarm-armcortex.instrset/win/bin/../lib/gcc/arm-none-eabi/13.2.1/thumb/v7e-m+fp/hard\libm.a(libm_a-e_fmod.o)
                0x08010c50                        . = ALIGN (0x4)

.ARM.extab      0x08010c50        0x0
                0x08010c50                        . = ALIGN (0x4)
 *(.ARM.extab* .gnu.linkonce.armextab.*)
                0x08010c50                        . = ALIGN (0x4)

.ARM            0x08010c50        0x8
                0x08010c50                        . = ALIGN (0x4)
                0x08010c50                        __exidx_start = .
 *(.ARM.exidx*)
 .ARM.exidx     0x08010c50        0x8 C:/ProgramData/MATLAB/SupportPackages/R2025b/3P.instrset/gnuarm-armcortex.instrset/win/bin/../lib/gcc/arm-none-eabi/13.2.1/thumb/v7e-m+fp/hard\libg.a(libc_a-memcpy.o)
 .ARM.exidx.text.__udivmoddi4
                0x08010c58        0x0 C:/ProgramData/MATLAB/SupportPackages/R2025b/3P.instrset/gnuarm-armcortex.instrset/win/bin/../lib/gcc/arm-none-eabi/13.2.1/thumb/v7e-m+fp/hard\libgcc.a(_udivmoddi4.o)
                                  0x8 (size before relaxing)
                0x08010c58                        __exidx_end = .
                0x08010c58                        . = ALIGN (0x4)

.preinit_array  0x08010c58        0x0
                0x08010c58                        . = ALIGN (0x4)
                0x08010c58                        PROVIDE (__preinit_array_start = .)
 *(.preinit_array*)
                0x08010c58                        PROVIDE (__preinit_array_end = .)
                0x08010c58                        . = ALIGN (0x4)

.init_array     0x08010c58        0x8
                0x08010c58                        . = ALIGN (0x4)
                0x08010c58                        PROVIDE (__init_array_start = .)
 *(SORT_BY_NAME(.init_array.*))
 .init_array.00000
                0x08010c58        0x4 C:/ProgramData/MATLAB/SupportPackages/R2025b/3P.instrset/gnuarm-armcortex.instrset/win/bin/../lib/gcc/arm-none-eabi/13.2.1/thumb/v7e-m+fp/hard\libg.a(libc_a-__call_atexit.o)
 *(.init_array*)
 .init_array    0x08010c5c        0x4 C:/ProgramData/MATLAB/SupportPackages/R2025b/3P.instrset/gnuarm-armcortex.instrset/win/bin/../lib/gcc/arm-none-eabi/13.2.1/thumb/v7e-m+fp/hard/crtbegin.o
                0x08010c60                        PROVIDE (__init_array_end = .)
                0x08010c60                        . = ALIGN (0x4)

.fini_array     0x08010c60        0x4
                0x08010c60                        . = ALIGN (0x4)
                0x08010c60                        PROVIDE (__fini_array_start = .)
 *(SORT_BY_NAME(.fini_array.*))
 *(.fini_array*)
 .fini_array    0x08010c60        0x4 C:/ProgramData/MATLAB/SupportPackages/R2025b/3P.instrset/gnuarm-armcortex.instrset/win/bin/../lib/gcc/arm-none-eabi/13.2.1/thumb/v7e-m+fp/hard/crtbegin.o
                0x08010c64                        PROVIDE (__fini_array_end = .)
                0x08010c64                        . = ALIGN (0x4)
                0x08010c64                        _sidata = LOADADDR (.data)

.rel.dyn        0x08010c64        0x0
 .rel.iplt      0x08010c64        0x0 C:/ProgramData/MATLAB/SupportPackages/R2025b/3P.instrset/gnuarm-armcortex.instrset/win/bin/../lib/gcc/arm-none-eabi/13.2.1/thumb/v7e-m+fp/hard/crtbegin.o

.data           0x20000000      0x1bc load address 0x08010c64
                0x20000000                        . = ALIGN (0x4)
                0x20000000                        _sdata = .
 *(.data)
 *(.data*)
 .data.xcpExtmodeFinalSimulationTime
                0x20000000        0x8 xcp_ext_common.c.o
                0x20000000                xcpExtmodeFinalSimulationTime
 .data.xcpClassicTriggerDuration
                0x20000008        0x4 xcp_ext_classic_trigger.c.o
                0x20000008                xcpClassicTriggerDuration
 .data.xcpClassicTriggerArmRequest
                0x2000000c        0x1 xcp_ext_classic_trigger.c.o
                0x2000000c                xcpClassicTriggerArmRequest
 *fill*         0x2000000d        0x3 
 .data.startStopDaqListId
                0x20000010        0x4 xcp_daq.c.o
 .data.xcpCurrentDaq
                0x20000014        0x4 xcp_daq.c.o
 .data.xcpEventCustomMemoryManager
                0x20000018        0xc xcp_daq.c.o
 .data.xcpCtoReservedMemPoolId
                0x20000024        0x4 xcp_transport.c.o
 .data.xcpMemMainBlockSizes
                0x20000028        0xc xcp_mem_default.c.o
 .data.xcpMemMainBlocksNumber
                0x20000034        0xc xcp_mem_default.c.o
 .data.drvID    0x20000040        0x4 xcp_drv_rtiostream.c.o
 .data.xcpCtoReservedMemPoolId
                0x20000044        0x4 xcp_frame_serial.c.o
 .data.uartObj  0x20000048       0x40 rtiostream_serial.c.o
                0x20000048                uartObj
 .data.uwTickPrio
                0x20000088        0x4 stm32f4xx_hal.c.o
                0x20000088                uwTickPrio
 .data.uwTickFreq
                0x2000008c        0x1 stm32f4xx_hal.c.o
                0x2000008c                uwTickFreq
 *fill*         0x2000008d        0x3 
 .data.SystemCoreClock
                0x20000090        0x4 system_stm32f4xx.c.o
                0x20000090                SystemCoreClock
 .data._impure_ptr
                0x20000094        0x4 C:/ProgramData/MATLAB/SupportPackages/R2025b/3P.instrset/gnuarm-armcortex.instrset/win/bin/../lib/gcc/arm-none-eabi/13.2.1/thumb/v7e-m+fp/hard\libg.a(libc_a-impure.o)
                0x20000094                _impure_ptr
 .data._impure_data
                0x20000098      0x120 C:/ProgramData/MATLAB/SupportPackages/R2025b/3P.instrset/gnuarm-armcortex.instrset/win/bin/../lib/gcc/arm-none-eabi/13.2.1/thumb/v7e-m+fp/hard\libg.a(libc_a-impure.o)
                0x20000098                _impure_data
 .data.__atexit_recursive_mutex
                0x200001b8        0x4 C:/ProgramData/MATLAB/SupportPackages/R2025b/3P.instrset/gnuarm-armcortex.instrset/win/bin/../lib/gcc/arm-none-eabi/13.2.1/thumb/v7e-m+fp/hard\libg.a(libc_a-__call_atexit.o)
                0x200001b8                __atexit_recursive_mutex
 *(.RamFunc)
 *(.RamFunc*)
                0x200001bc                        . = ALIGN (0x4)
                0x200001bc                        _edata = .
                0x08010e20                        _siccmram = LOADADDR (.ccmram)

.tm_clone_table
                0x200001bc        0x0 load address 0x08010e20
 .tm_clone_table
                0x200001bc        0x0 C:/ProgramData/MATLAB/SupportPackages/R2025b/3P.instrset/gnuarm-armcortex.instrset/win/bin/../lib/gcc/arm-none-eabi/13.2.1/thumb/v7e-m+fp/hard/crtbegin.o
 .tm_clone_table
                0x200001bc        0x0 C:/ProgramData/MATLAB/SupportPackages/R2025b/3P.instrset/gnuarm-armcortex.instrset/win/bin/../lib/gcc/arm-none-eabi/13.2.1/thumb/v7e-m+fp/hard/crtend.o

.igot.plt       0x200001bc        0x0 load address 0x08010e20
 .igot.plt      0x200001bc        0x0 C:/ProgramData/MATLAB/SupportPackages/R2025b/3P.instrset/gnuarm-armcortex.instrset/win/bin/../lib/gcc/arm-none-eabi/13.2.1/thumb/v7e-m+fp/hard/crtbegin.o

.ccmram         0x10000000        0x0 load address 0x08010e20
                0x10000000                        . = ALIGN (0x4)
                0x10000000                        _sccmram = .
 *(.ccmram)
 *(.ccmram*)
                0x10000000                        . = ALIGN (0x4)
                0x10000000                        _eccmram = .
                0x10000000                        . = ALIGN (0x4)

.bss            0x200001c0     0x19c0
                0x200001c0                        _sbss = .
                0x200001c0                        __bss_start__ = _sbss
 *(.bss)
 *(.bss*)
 .bss.completed.1
                0x200001c0        0x1 C:/ProgramData/MATLAB/SupportPackages/R2025b/3P.instrset/gnuarm-armcortex.instrset/win/bin/../lib/gcc/arm-none-eabi/13.2.1/thumb/v7e-m+fp/hard/crtbegin.o
 *fill*         0x200001c1        0x3 
 .bss.object.0  0x200001c4       0x18 C:/ProgramData/MATLAB/SupportPackages/R2025b/3P.instrset/gnuarm-armcortex.instrset/win/bin/../lib/gcc/arm-none-eabi/13.2.1/thumb/v7e-m+fp/hard/crtbegin.o
 .bss.mw_spi3   0x200001dc       0x58 mw_stm32_spi_ll.c.o
                0x200001dc                mw_spi3
 .bss.xcpCustomTriggerFunction
                0x20000234        0xc xcp_ext_mode.c.o
 .bss.PMSM_to_BLDC_mod1_B
                0x20000240       0x28 PMSM_to_BLDC_mod1.c.o
                0x20000240                PMSM_to_BLDC_mod1_B
 .bss.PMSM_to_BLDC_mod1_DW
                0x20000268       0xd0 PMSM_to_BLDC_mod1.c.o
                0x20000268                PMSM_to_BLDC_mod1_DW
 .bss.PMSM_to_BLDC_mod1_M_
                0x20000338       0x50 PMSM_to_BLDC_mod1.c.o
 .bss.rt_ExtModeInfo.2
                0x20000388       0x14 PMSM_to_BLDC_mod1.c.o
 .bss.systemRan.1
                0x2000039c       0x40 PMSM_to_BLDC_mod1.c.o
 .bss.IsrOverrun
                0x200003dc        0x4 ert_main.c.o
                0x200003dc                IsrOverrun
 .bss.isRateRunning
                0x200003e0        0x2 ert_main.c.o
                0x200003e0                isRateRunning
 *fill*         0x200003e2        0x2 
 .bss.need2runFlags
                0x200003e4        0x2 ert_main.c.o
                0x200003e4                need2runFlags
 .bss.stopRequested
                0x200003e6        0x1 ert_main.c.o
                0x200003e6                stopRequested
 .bss.runModel  0x200003e7        0x1 ert_main.c.o
                0x200003e7                runModel
 .bss.xcpModelStartRequest
                0x200003e8        0x1 xcp_ext_common.c.o
                0x200003e8                xcpModelStartRequest
 .bss.xcpModelStopRequest
                0x200003e9        0x1 xcp_ext_common.c.o
                0x200003e9                xcpModelStopRequest
 .bss.xcpModelStatus
                0x200003ea        0x1 xcp_ext_common.c.o
                0x200003ea                xcpModelStatus
 *fill*         0x200003eb        0x1 
 .bss.xcpModelChecksum0
                0x200003ec        0x4 xcp_ext_common.c.o
                0x200003ec                xcpModelChecksum0
 .bss.xcpModelChecksum1
                0x200003f0        0x4 xcp_ext_common.c.o
                0x200003f0                xcpModelChecksum1
 .bss.xcpModelChecksum2
                0x200003f4        0x4 xcp_ext_common.c.o
                0x200003f4                xcpModelChecksum2
 .bss.xcpModelChecksum3
                0x200003f8        0x4 xcp_ext_common.c.o
                0x200003f8                xcpModelChecksum3
 .bss.xcpModelIntegerCode
                0x200003fc        0x4 xcp_ext_common.c.o
                0x200003fc                xcpModelIntegerCode
 .bss.xcpExtmodeSimulationComplete
                0x20000400        0x1 xcp_ext_common.c.o
                0x20000400                xcpExtmodeSimulationComplete
 *fill*         0x20000401        0x7 
 .bss.xcpDummyDoubleVariable
                0x20000408        0x8 xcp_ext_common.c.o
                0x20000408                xcpDummyDoubleVariable
 .bss.xcpDummyUint64Variable
                0x20000410        0x8 xcp_ext_common.c.o
                0x20000410                xcpDummyUint64Variable
 .bss.xcpCurrentSimulationTimeInMs
                0x20000418        0x8 xcp_ext_common.c.o
                0x20000418                xcpCurrentSimulationTimeInMs
 .bss.xcpBaseRateSimulationTime
                0x20000420        0x8 xcp_ext_common.c.o
 .bss.xcpClassicTriggerEventId
                0x20000428        0x2 xcp_ext_classic_trigger.c.o
                0x20000428                xcpClassicTriggerEventId
 *fill*         0x2000042a        0x2 
 .bss.xcpClassicTriggerSignalAddress
                0x2000042c        0x4 xcp_ext_classic_trigger.c.o
                0x2000042c                xcpClassicTriggerSignalAddress
 .bss.xcpClassicTriggerSignalAddressExtension
                0x20000430        0x1 xcp_ext_classic_trigger.c.o
                0x20000430                xcpClassicTriggerSignalAddressExtension
 *fill*         0x20000431        0x7 
 .bss.xcpClassicTriggerLevel
                0x20000438        0x8 xcp_ext_classic_trigger.c.o
                0x20000438                xcpClassicTriggerLevel
 .bss.xcpClassicTriggerHoldOff
                0x20000440        0x4 xcp_ext_classic_trigger.c.o
                0x20000440                xcpClassicTriggerHoldOff
 .bss.xcpClassicTriggerDelay
                0x20000444        0x4 xcp_ext_classic_trigger.c.o
                0x20000444                xcpClassicTriggerDelay
 .bss.xcpClassicTriggerDirection
                0x20000448        0x1 xcp_ext_classic_trigger.c.o
                0x20000448                xcpClassicTriggerDirection
 .bss.xcpClassicTriggerCancelRequest
                0x20000449        0x1 xcp_ext_classic_trigger.c.o
                0x20000449                xcpClassicTriggerCancelRequest
 .bss.xcpClassicTriggerSource
                0x2000044a        0x1 xcp_ext_classic_trigger.c.o
                0x2000044a                xcpClassicTriggerSource
 .bss.xcpClassicTriggerMode
                0x2000044b        0x1 xcp_ext_classic_trigger.c.o
                0x2000044b                xcpClassicTriggerMode
 .bss.xcpClassicTriggerStatus
                0x2000044c        0x1 xcp_ext_classic_trigger.c.o
                0x2000044c                xcpClassicTriggerStatus
 *fill*         0x2000044d        0x3 
 .bss.xcpOldSignalValue
                0x20000450        0x8 xcp_ext_classic_trigger.c.o
 .bss.xcpOldSignalValueAvailable
                0x20000458        0x1 xcp_ext_classic_trigger.c.o
 .bss.xcpOldClassicTriggerSource
                0x20000459        0x1 xcp_ext_classic_trigger.c.o
 .bss.xcpTriggerEnabled
                0x2000045a        0x1 xcp_ext_classic_trigger.c.o
 .bss.xcpSignalTriggerFired
                0x2000045b        0x1 xcp_ext_classic_trigger.c.o
 .bss.xcpTriggerCount
                0x2000045c        0x4 xcp_ext_classic_trigger.c.o
 .bss.xcpForcedTriggerEnabled
                0x20000460        0x1 xcp_ext_classic_trigger.c.o
 .bss.xcpForceTriggerEnableRequest
                0x20000461        0x1 xcp_ext_classic_trigger.c.o
 .bss.initialized
                0x20000462        0x1 xcp.c.o
 .bss.xcpStatus
                0x20000463        0x1 xcp.c.o
 .bss.xcpSessionStatus
                0x20000464        0x1 xcp.c.o
 .bss.xcpResourceProtectionStatus
                0x20000465        0x1 xcp.c.o
 .bss.xcpSessionConfigurationId
                0x20000466        0x2 xcp.c.o
 .bss.groupPacketLookup
                0x20000468       0x10 xcp.c.o
 .bss.xcpMta    0x20000478        0x8 xcp_standard.c.o
 .bss.xcpUploadSize
                0x20000480        0x1 xcp_standard.c.o
 *fill*         0x20000481        0x3 
 .bss.packetLookup
                0x20000484        0x4 xcp_standard.c.o
 .bss.xcpDynamicDaqLists
                0x20000488        0x8 xcp_daq.c.o
 .bss.xcpRunningEventCounter
                0x20000490        0x4 xcp_daq.c.o
 .bss.daqLock   0x20000494        0x4 xcp_daq.c.o
 .bss.packetLookup
                0x20000498        0x4 xcp_daq.c.o
 .bss.packetLookup
                0x2000049c        0x4 xcp_calibration.c.o
 .bss.txFifo    0x200004a0       0x10 xcp_transport.c.o
 .bss.txLock    0x200004b0        0x4 xcp_transport.c.o
 .bss.rxFifo    0x200004b4        0x8 xcp_transport.c.o
 .bss.rxLock    0x200004bc        0x4 xcp_transport.c.o
 .bss.initialized
                0x200004c0        0x1 xcp_transport.c.o
 *fill*         0x200004c1        0x3 
 .bss.xcpMemPoolDescriptors
                0x200004c4       0xd8 xcp_mem_default.c.o
 .bss.xcpMemCustomPoolDescriptors
                0x2000059c        0x8 xcp_mem_default.c.o
 .bss.xcpMemMainChunk
                0x200005a4      0x57f xcp_mem_default.c.o
 *fill*         0x20000b23        0x1 
 .bss.xcpMemReservedPoolsChunk
                0x20000b24      0x4cf xcp_mem_default.c.o
 *fill*         0x20000ff3        0x1 
 .bss.xcpMemReservedPoolsChunkUsedBytes
                0x20000ff4        0x4 xcp_mem_default.c.o
 .bss.xcpMemLock
                0x20000ff8        0x4 xcp_mem_default.c.o
 .bss.forceBlocking
                0x20000ffc        0x1 xcp_drv_rtiostream.c.o
 *fill*         0x20000ffd        0x1 
 .bss.txCounter
                0x20000ffe        0x2 xcp_frame_serial.c.o
 .bss.rxCounter
                0x20001000        0x2 xcp_frame_serial.c.o
 *fill*         0x20001002        0x2 
 .bss.firstRxCounterReceived
                0x20001004        0x4 xcp_frame_serial.c.o
 .bss.initialized
                0x20001008        0x1 xcp_frame_serial.c.o
 *fill*         0x20001009        0x3 
 .bss.schdl_counter
                0x2000100c        0x4 SysTickScheduler.c.o
                0x2000100c                schdl_counter
 .bss.schdl_counter_max
                0x20001010        0x4 SysTickScheduler.c.o
                0x20001010                schdl_counter_max
 .bss.taskToSchedule
                0x20001014        0x4 m3m4m4f_multitasking.c.o
                0x20001014                taskToSchedule
 .bss.mw_ext_h  0x20001018        0x4 rtiostream_serial.c.o
                0x20001018                mw_ext_h
 .bss.UARTTxBuffer
                0x2000101c        0x4 rtiostream_serial.c.o
                0x2000101c                UARTTxBuffer
 .bss.UARTRxBuffer
                0x20001020        0x4 rtiostream_serial.c.o
                0x20001020                UARTRxBuffer
 .bss.mw_usart2
                0x20001024       0x40 stm_usart.c.o
                0x20001024                mw_usart2
 .bss.USART2ReceiveBuffer
                0x20001064      0x400 stm_usart.c.o
                0x20001064                USART2ReceiveBuffer
 .bss.USART2TransmitBuffer
                0x20001464      0x400 stm_usart.c.o
                0x20001464                USART2TransmitBuffer
 .bss.htim1     0x20001864       0x48 stm32f4xx_hal_timebase_tim.c.o
                0x20001864                htim1
 .bss.uwTick    0x200018ac        0x4 stm32f4xx_hal.c.o
                0x200018ac                uwTick
 .bss.__sf      0x200018b0      0x138 C:/ProgramData/MATLAB/SupportPackages/R2025b/3P.instrset/gnuarm-armcortex.instrset/win/bin/../lib/gcc/arm-none-eabi/13.2.1/thumb/v7e-m+fp/hard\libg.a(libc_a-findfp.o)
                0x200018b0                __sf
 .bss.__lock___atexit_recursive_mutex
                0x200019e8        0x1 C:/ProgramData/MATLAB/SupportPackages/R2025b/3P.instrset/gnuarm-armcortex.instrset/win/bin/../lib/gcc/arm-none-eabi/13.2.1/thumb/v7e-m+fp/hard\libg.a(libc_a-lock.o)
                0x200019e8                __lock___atexit_recursive_mutex
 *fill*         0x200019e9        0x3 
 .bss.__atexit  0x200019ec        0x4 C:/ProgramData/MATLAB/SupportPackages/R2025b/3P.instrset/gnuarm-armcortex.instrset/win/bin/../lib/gcc/arm-none-eabi/13.2.1/thumb/v7e-m+fp/hard\libg.a(libc_a-__call_atexit.o)
                0x200019ec                __atexit
 .bss.__atexit0
                0x200019f0      0x190 C:/ProgramData/MATLAB/SupportPackages/R2025b/3P.instrset/gnuarm-armcortex.instrset/win/bin/../lib/gcc/arm-none-eabi/13.2.1/thumb/v7e-m+fp/hard\libg.a(libc_a-__atexit.o)
                0x200019f0                __atexit0
 *(COMMON)
                0x20001b80                        . = ALIGN (0x4)
                0x20001b80                        _ebss = .
                0x20001b80                        __bss_end__ = _ebss

._user_heap_stack
                0x20001b80      0x600
                0x20001b80                        . = ALIGN (0x8)
                [!provide]                        PROVIDE (end = .)
                0x20001b80                        PROVIDE (_end = .)
                0x20001d80                        . = (. + _Min_Heap_Size)
 *fill*         0x20001b80      0x200 
                0x20002180                        . = (. + _Min_Stack_Size)
 *fill*         0x20001d80      0x400 
                0x20002180                        . = ALIGN (0x8)

/DISCARD/
 libc.a(*)
 libm.a(*)
 libgcc.a(*)

.ARM.attributes
                0x00000000       0x30
 *(.ARM.attributes)
 .ARM.attributes
                0x00000000       0x22 C:/ProgramData/MATLAB/SupportPackages/R2025b/3P.instrset/gnuarm-armcortex.instrset/win/bin/../lib/gcc/arm-none-eabi/13.2.1/thumb/v7e-m+fp/hard/crti.o
 .ARM.attributes
                0x00000022       0x34 C:/ProgramData/MATLAB/SupportPackages/R2025b/3P.instrset/gnuarm-armcortex.instrset/win/bin/../lib/gcc/arm-none-eabi/13.2.1/thumb/v7e-m+fp/hard/crtbegin.o
 .ARM.attributes
                0x00000056       0x34 mw_stm32_spi_ll.c.o
 .ARM.attributes