Archive member included to satisfy reference by file (symbol)

C:/ProgramData/MATLAB/SupportPackages/R2025b/3P.instrset/gnuarm-armcortex.instrset/win/bin/../lib/gcc/arm-none-eabi/13.2.1/thumb/v7e-m+fp/hard\libm.a(libm_a-w_fmod.o)
                              xcp_ext_common.c.o (fmod)
C:/ProgramData/MATLAB/SupportPackages/R2025b/3P.instrset/gnuarm-armcortex.instrset/win/bin/../lib/gcc/arm-none-eabi/13.2.1/thumb/v7e-m+fp/hard\libm.a(libm_a-e_fmod.o)
                              C:/ProgramData/MATLAB/SupportPackages/R2025b/3P.instrset/gnuarm-armcortex.instrset/win/bin/../lib/gcc/arm-none-eabi/13.2.1/thumb/v7e-m+fp/hard\libm.a(libm_a-w_fmod.o) (__ieee754_fmod)
C:/ProgramData/MATLAB/SupportPackages/R2025b/3P.instrset/gnuarm-armcortex.instrset/win/bin/../lib/gcc/arm-none-eabi/13.2.1/thumb/v7e-m+fp/hard\libgcc.a(_arm_muldf3.o)
                              F4_uart.c.o (__aeabi_dmul)
C:/ProgramData/MATLAB/SupportPackages/R2025b/3P.instrset/gnuarm-armcortex.instrset/win/bin/../lib/gcc/arm-none-eabi/13.2.1/thumb/v7e-m+fp/hard\libgcc.a(_arm_addsubdf3.o)
                              xcp_ext_common.c.o (__aeabi_dsub)
C:/ProgramData/MATLAB/SupportPackages/R2025b/3P.instrset/gnuarm-armcortex.instrset/win/bin/../lib/gcc/arm-none-eabi/13.2.1/thumb/v7e-m+fp/hard\libgcc.a(_arm_muldivdf3.o)
                              xcp_ext_common.c.o (__aeabi_ddiv)
C:/ProgramData/MATLAB/SupportPackages/R2025b/3P.instrset/gnuarm-armcortex.instrset/win/bin/../lib/gcc/arm-none-eabi/13.2.1/thumb/v7e-m+fp/hard\libgcc.a(_arm_cmpdf2.o)
                              xcp_ext_mode.c.o (__aeabi_dcmpeq)
C:/ProgramData/MATLAB/SupportPackages/R2025b/3P.instrset/gnuarm-armcortex.instrset/win/bin/../lib/gcc/arm-none-eabi/13.2.1/thumb/v7e-m+fp/hard\libgcc.a(_arm_unorddf2.o)
                              C:/ProgramData/MATLAB/SupportPackages/R2025b/3P.instrset/gnuarm-armcortex.instrset/win/bin/../lib/gcc/arm-none-eabi/13.2.1/thumb/v7e-m+fp/hard\libm.a(libm_a-w_fmod.o) (__aeabi_dcmpun)
C:/ProgramData/MATLAB/SupportPackages/R2025b/3P.instrset/gnuarm-armcortex.instrset/win/bin/../lib/gcc/arm-none-eabi/13.2.1/thumb/v7e-m+fp/hard\libgcc.a(_arm_fixunsdfsi.o)
                              xcp_ext_common.c.o (__aeabi_d2uiz)
C:/ProgramData/MATLAB/SupportPackages/R2025b/3P.instrset/gnuarm-armcortex.instrset/win/bin/../lib/gcc/arm-none-eabi/13.2.1/thumb/v7e-m+fp/hard\libgcc.a(_aeabi_uldivmod.o)
                              stm32f4xx_ll_usart.c.o (__aeabi_uldivmod)
C:/ProgramData/MATLAB/SupportPackages/R2025b/3P.instrset/gnuarm-armcortex.instrset/win/bin/../lib/gcc/arm-none-eabi/13.2.1/thumb/v7e-m+fp/hard\libgcc.a(_udivmoddi4.o)
                              C:/ProgramData/MATLAB/SupportPackages/R2025b/3P.instrset/gnuarm-armcortex.instrset/win/bin/../lib/gcc/arm-none-eabi/13.2.1/thumb/v7e-m+fp/hard\libgcc.a(_aeabi_uldivmod.o) (__udivmoddi4)
C:/ProgramData/MATLAB/SupportPackages/R2025b/3P.instrset/gnuarm-armcortex.instrset/win/bin/../lib/gcc/arm-none-eabi/13.2.1/thumb/v7e-m+fp/hard\libgcc.a(_dvmd_tls.o)
                              C:/ProgramData/MATLAB/SupportPackages/R2025b/3P.instrset/gnuarm-armcortex.instrset/win/bin/../lib/gcc/arm-none-eabi/13.2.1/thumb/v7e-m+fp/hard\libgcc.a(_aeabi_uldivmod.o) (__aeabi_ldiv0)
C:/ProgramData/MATLAB/SupportPackages/R2025b/3P.instrset/gnuarm-armcortex.instrset/win/bin/../lib/gcc/arm-none-eabi/13.2.1/thumb/v7e-m+fp/hard\libg.a(libc_a-exit.o)
                              C:/ProgramData/MATLAB/SupportPackages/R2025b/3P.instrset/gnuarm-armcortex.instrset/win/bin/../lib/gcc/arm-none-eabi/13.2.1/thumb/v7e-m+fp/hard/crt0.o (exit)
C:/ProgramData/MATLAB/SupportPackages/R2025b/3P.instrset/gnuarm-armcortex.instrset/win/bin/../lib/gcc/arm-none-eabi/13.2.1/thumb/v7e-m+fp/hard\libg.a(libc_a-findfp.o)
                              C:/ProgramData/MATLAB/SupportPackages/R2025b/3P.instrset/gnuarm-armcortex.instrset/win/bin/../lib/gcc/arm-none-eabi/13.2.1/thumb/v7e-m+fp/hard\libg.a(libc_a-exit.o) (__stdio_exit_handler)
C:/ProgramData/MATLAB/SupportPackages/R2025b/3P.instrset/gnuarm-armcortex.instrset/win/bin/../lib/gcc/arm-none-eabi/13.2.1/thumb/v7e-m+fp/hard\libg.a(libc_a-fwalk.o)
                              C:/ProgramData/MATLAB/SupportPackages/R2025b/3P.instrset/gnuarm-armcortex.instrset/win/bin/../lib/gcc/arm-none-eabi/13.2.1/thumb/v7e-m+fp/hard\libg.a(libc_a-findfp.o) (_fwalk_sglue)
C:/ProgramData/MATLAB/SupportPackages/R2025b/3P.instrset/gnuarm-armcortex.instrset/win/bin/../lib/gcc/arm-none-eabi/13.2.1/thumb/v7e-m+fp/hard\libg.a(libc_a-stdio.o)
                              C:/ProgramData/MATLAB/SupportPackages/R2025b/3P.instrset/gnuarm-armcortex.instrset/win/bin/../lib/gcc/arm-none-eabi/13.2.1/thumb/v7e-m+fp/hard\libg.a(libc_a-findfp.o) (__sread)
C:/ProgramData/MATLAB/SupportPackages/R2025b/3P.instrset/gnuarm-armcortex.instrset/win/bin/../lib/gcc/arm-none-eabi/13.2.1/thumb/v7e-m+fp/hard\libg.a(libc_a-memset.o)
[...]
Memory Configuration

Name             Origin             Length             Attributes
CCMRAM           0x10000000         0x00010000         xrw
RAM              0x20000000         0x00020000         xrw
FLASH            0x08000000         0x00100000         xr
*default*        0x00000000         0xffffffff

Linker script and memory map

LOAD C:/ProgramData/MATLAB/SupportPackages/R2025b/3P.instrset/gnuarm-armcortex.instrset/win/bin/../lib/gcc/arm-none-eabi/13.2.1/thumb/v7e-m+fp/hard/crti.o
LOAD C:/ProgramData/MATLAB/SupportPackages/R2025b/3P.instrset/gnuarm-armcortex.instrset/win/bin/../lib/gcc/arm-none-eabi/13.2.1/thumb/v7e-m+fp/hard/crtbegin.o
LOAD C:/ProgramData/MATLAB/SupportPackages/R2025b/3P.instrset/gnuarm-armcortex.instrset/win/bin/../lib/gcc/arm-none-eabi/13.2.1/thumb/v7e-m+fp/hard/crt0.o
LOAD stm_usart.c.o
LOAD stm_lpuart.c.o
LOAD xcp_ext_mode.c.o
LOAD F4_uart.c.o
LOAD F4_uart_data.c.o
LOAD ert_main.c.o
LOAD xcp_ext_common.c.o
LOAD xcp_ext_classic_trigger.c.o
LOAD xcp.c.o
LOAD xcp_standard.c.o
LOAD xcp_daq.c.o
LOAD xcp_calibration.c.o
LOAD xcp_fifo.c.o
LOAD xcp_transport.c.o
LOAD xcp_mem_default.c.o
LOAD xcp_drv_rtiostream.c.o
LOAD xcp_utils.c.o
LOAD xcp_frame_serial.c.o
LOAD xcp_ext_param_default_serial.c.o
LOAD overrideHALDelay.c.o
LOAD platform_timer.c.o
LOAD SysTickScheduler.c.o
LOAD m3m4m4f_multitasking.c.o
LOAD rtiostream_serial.c.o
LOAD sys_arch_arm.c.o
LOAD main.c.o
LOAD stm32f4xx_it.c.o
LOAD stm32f4xx_hal_msp.c.o
LOAD stm32f4xx_hal_timebase_tim.c.o
LOAD stm32f4xx_hal_tim.c.o
LOAD stm32f4xx_hal_tim_ex.c.o
LOAD stm32f4xx_ll_gpio.c.o
LOAD stm32f4xx_ll_dma.c.o
LOAD stm32f4xx_ll_usart.c.o
LOAD stm32f4xx_ll_rcc.c.o
LOAD stm32f4xx_ll_utils.c.o
LOAD stm32f4xx_ll_exti.c.o
LOAD stm32f4xx_hal_rcc.c.o
LOAD stm32f4xx_hal_rcc_ex.c.o
LOAD stm32f4xx_hal_flash.c.o
LOAD stm32f4xx_hal_flash_ex.c.o
LOAD stm32f4xx_hal_flash_ramfunc.c.o
LOAD stm32f4xx_hal_gpio.c.o
LOAD stm32f4xx_hal_dma_ex.c.o
LOAD stm32f4xx_hal_dma.c.o
LOAD stm32f4xx_hal_pwr.c.o
LOAD stm32f4xx_hal_pwr_ex.c.o
LOAD stm32f4xx_hal_cortex.c.o
LOAD stm32f4xx_hal.c.o
LOAD stm32f4xx_hal_exti.c.o
LOAD system_stm32f4xx.c.o
LOAD syscalls.c.o
LOAD sysmem.c.o
LOAD startup_stm32f405rgtx.s.o
LOAD C:/ProgramData/MATLAB/SupportPackages/R2025b/3P.instrset/cmsis_dsp.instrset/Lib/GCC/arm_cortexm4ldfsp_math/libCMSISDSP.a
LOAD C:/ProgramData/MATLAB/SupportPackages/R2025b/toolbox/shared/supportpackages/stm32/lib/GCC/libmw_pdmfilter_m4_spfp.lib
LOAD C:/ProgramData/MATLAB/SupportPackages/R2025b/3P.instrset/gnuarm-armcortex.instrset/win/bin/../lib/gcc/arm-none-eabi/13.2.1/thumb/v7e-m+fp/hard\libstdc++.a
LOAD C:/ProgramData/MATLAB/SupportPackages/R2025b/3P.instrset/gnuarm-armcortex.instrset/win/bin/../lib/gcc/arm-none-eabi/13.2.1/thumb/v7e-m+fp/hard\libm.a
START GROUP
LOAD C:/ProgramData/MATLAB/SupportPackages/R2025b/3P.instrset/gnuarm-armcortex.instrset/win/bin/../lib/gcc/arm-none-eabi/13.2.1/thumb/v7e-m+fp/hard\libgcc.a
LOAD C:/ProgramData/MATLAB/SupportPackages/R2025b/3P.instrset/gnuarm-armcortex.instrset/win/bin/../lib/gcc/arm-none-eabi/13.2.1/thumb/v7e-m+fp/hard\libg.a
LOAD C:/ProgramData/MATLAB/SupportPackages/R2025b/3P.instrset/gnuarm-armcortex.instrset/win/bin/../lib/gcc/arm-none-eabi/13.2.1/thumb/v7e-m+fp/hard\libc.a
END GROUP
START GROUP
LOAD C:/ProgramData/MATLAB/SupportPackages/R2025b/3P.instrset/gnuarm-armcortex.instrset/win/bin/../lib/gcc/arm-none-eabi/13.2.1/thumb/v7e-m+fp/hard\libgcc.a
LOAD C:/ProgramData/MATLAB/SupportPackages/R2025b/3P.instrset/gnuarm-armcortex.instrset/win/bin/../lib/gcc/arm-none-eabi/13.2.1/thumb/v7e-m+fp/hard\libc.a
LOAD C:/ProgramData/MATLAB/SupportPackages/R2025b/3P.instrset/gnuarm-armcortex.instrset/win/bin/../lib/gcc/arm-none-eabi/13.2.1/thumb/v7e-m+fp/hard\libnosys.a
END GROUP
LOAD C:/ProgramData/MATLAB/SupportPackages/R2025b/3P.instrset/gnuarm-armcortex.instrset/win/bin/../lib/gcc/arm-none-eabi/13.2.1/thumb/v7e-m+fp/hard/crtend.o
LOAD C:/ProgramData/MATLAB/SupportPackages/R2025b/3P.instrset/gnuarm-armcortex.instrset/win/bin/../lib/gcc/arm-none-eabi/13.2.1/thumb/v7e-m+fp/hard/crtn.o
                0x20020000                        _estack = (ORIGIN (RAM) + LENGTH (RAM))
                0x00000200                        _Min_Heap_Size = 0x200
                0x00000400                        _Min_Stack_Size = 0x400

.isr_vector     0x08000000      0x188
                0x08000000                        . = ALIGN (0x4)
 *(.isr_vector)
 .isr_vector    0x08000000      0x188 startup_stm32f405rgtx.s.o
                0x08000000                g_pfnVectors
                0x08000188                        . = ALIGN (0x4)

.text           0x08000188     0xb77c
                0x08000188                        . = ALIGN (0x4)
 *(.text)
 .text          0x08000188      0x378 C:/ProgramData/MATLAB/SupportPackages/R2025b/3P.instrset/gnuarm-armcortex.instrset/win/bin/../lib/gcc/arm-none-eabi/13.2.1/thumb/v7e-m+fp/hard\libgcc.a(_arm_addsubdf3.o)
                0x08000188                __aeabi_drsub
                0x08000190                __aeabi_dsub
                0x08000190                __subdf3
                0x08000194                __aeabi_dadd
                0x08000194                __adddf3
                0x0800040c                __floatunsidf
                0x0800040c                __aeabi_ui2d
                0x0800042c                __floatsidf
                0x0800042c                __aeabi_i2d
                0x08000450                __aeabi_f2d
                0x08000450                __extendsfdf2
                0x08000494                __floatundidf
                0x08000494                __aeabi_ul2d
                0x080004a4                __floatdidf
                0x080004a4                __aeabi_l2d
 .text          0x08000500      0x424 C:/ProgramData/MATLAB/SupportPackages/R2025b/3P.instrset/gnuarm-armcortex.instrset/win/bin/../lib/gcc/arm-none-eabi/13.2.1/thumb/v7e-m+fp/hard\libgcc.a(_arm_muldivdf3.o)
                0x08000500                __aeabi_dmul
                0x08000500                __muldf3
                0x08000754                __divdf3
                0x08000754                __aeabi_ddiv
 .text          0x08000924      0x110 C:/ProgramData/MATLAB/SupportPackages/R2025b/3P.instrset/gnuarm-armcortex.instrset/win/bin/../lib/gcc/arm-none-eabi/13.2.1/thumb/v7e-m+fp/hard\libgcc.a(_arm_cmpdf2.o)
                0x08000924                __gtdf2
                0x08000924                __gedf2
                0x0800092c                __ltdf2
                0x0800092c                __ledf2
                0x08000934                __nedf2
                0x08000934                __eqdf2
                0x08000934                __cmpdf2
                0x080009b0                __aeabi_cdrcmple
                0x080009c0                __aeabi_cdcmpeq
                0x080009c0                __aeabi_cdcmple
                0x080009d0                __aeabi_dcmpeq
                0x080009e4                __aeabi_dcmplt
                0x080009f8                __aeabi_dcmple
                0x08000a0c                __aeabi_dcmpge
                0x08000a20                __aeabi_dcmpgt
 .text          0x08000a34       0x2c C:/ProgramData/MATLAB/SupportPackages/R2025b/3P.instrset/gnuarm-armcortex.instrset/win/bin/../lib/gcc/arm-none-eabi/13.2.1/thumb/v7e-m+fp/hard\libgcc.a(_arm_unorddf2.o)
                0x08000a34                __unorddf2
                0x08000a34                __aeabi_dcmpun
 .text          0x08000a60       0x40 C:/ProgramData/MATLAB/SupportPackages/R2025b/3P.instrset/gnuarm-armcortex.instrset/win/bin/../lib/gcc/arm-none-eabi/13.2.1/thumb/v7e-m+fp/hard\libgcc.a(_arm_fixunsdfsi.o)
                0x08000a60                __aeabi_d2uiz
                0x08000a60                __fixunsdfsi
 .text          0x08000aa0       0x30 C:/ProgramData/MATLAB/SupportPackages/R2025b/3P.instrset/gnuarm-armcortex.instrset/win/bin/../lib/gcc/arm-none-eabi/13.2.1/thumb/v7e-m+fp/hard\libgcc.a(_aeabi_uldivmod.o)
                0x08000aa0                __aeabi_uldivmod
 .text          0x08000ad0        0x4 C:/ProgramData/MATLAB/SupportPackages/R2025b/3P.instrset/gnuarm-armcortex.instrset/win/bin/../lib/gcc/arm-none-eabi/13.2.1/thumb/v7e-m+fp/hard\libgcc.a(_dvmd_tls.o)
                0x08000ad0                __aeabi_idiv0
                0x08000ad0                __aeabi_ldiv0
 .text          0x08000ad4      0x134 C:/ProgramData/MATLAB/SupportPackages/R2025b/3P.instrset/gnuarm-armcortex.instrset/win/bin/../lib/gcc/arm-none-eabi/13.2.1/thumb/v7e-m+fp/hard\libg.a(libc_a-memcpy.o)
                0x08000ad4                memcpy
 *(.text*)
 .text.deregister_tm_clones
                0x08000c08       0x1c C:/ProgramData/MATLAB/SupportPackages/R2025b/3P.instrset/gnuarm-armcortex.instrset/win/bin/../lib/gcc/arm-none-eabi/13.2.1/thumb/v7e-m+fp/hard/crtbegin.o
 .text.register_tm_clones
                0x08000c24       0x24 C:/ProgramData/MATLAB/SupportPackages/R2025b/3P.instrset/gnuarm-armcortex.instrset/win/bin/../lib/gcc/arm-none-eabi/13.2.1/thumb/v7e-m+fp/hard/crtbegin.o
 .text.__do_global_dtors_aux
                0x08000c48       0x28 C:/ProgramData/MATLAB/SupportPackages/R2025b/3P.instrset/gnuarm-armcortex.instrset/win/bin/../lib/gcc/arm-none-eabi/13.2.1/thumb/v7e-m+fp/hard/crtbegin.o
 .text.frame_dummy
                0x08000c70       0x24 C:/ProgramData/MATLAB/SupportPackages/R2025b/3P.instrset/gnuarm-armcortex.instrset/win/bin/../lib/gcc/arm-none-eabi/13.2.1/thumb/v7e-m+fp/hard/crtbegin.o
 .text.__NVIC_GetPriorityGrouping
                0x08000c94       0x1c stm_usart.c.o
 .text.__NVIC_EnableIRQ
                0x08000cb0       0x3c stm_usart.c.o
 .text.__NVIC_SetPriority
                0x08000cec       0x54 stm_usart.c.o
 .text.NVIC_EncodePriority
                0x08000d40       0x66 stm_usart.c.o
 *fill*         0x08000da6        0x2 
 .text.LL_DMA_EnableStream
                0x08000da8       0x40 stm_usart.c.o
 .text.LL_DMA_DisableStream
                0x08000de8       0x40 stm_usart.c.o
 .text.LL_DMA_GetMode
                0x08000e28       0x30 stm_usart.c.o
 .text.LL_DMA_SetDataLength
                0x08000e58       0x48 stm_usart.c.o
 .text.LL_DMA_GetDataLength
                0x08000ea0       0x2c stm_usart.c.o
 .text.LL_DMA_ConfigAddresses
                0x08000ecc       0x78 stm_usart.c.o
 .text.LL_DMA_SetMemoryAddress
                0x08000f44       0x30 stm_usart.c.o
 .text.LL_DMA_IsActiveFlag_TC5
                0x08000f74       0x28 stm_usart.c.o
 .text.LL_DMA_IsActiveFlag_TC6
                0x08000f9c       0x28 stm_usart.c.o
 .text.LL_DMA_ClearFlag_TC5
                0x08000fc4       0x1c stm_usart.c.o
 .text.LL_DMA_ClearFlag_TC6
                0x08000fe0       0x1c stm_usart.c.o
 .text.LL_DMA_EnableIT_TC
                0x08000ffc       0x40 stm_usart.c.o
 .text.LL_DMA_DisableIT_TC
                0x0800103c       0x40 stm_usart.c.o
 .text.LL_DMA_IsEnabledIT_TC
                0x0800107c       0x38 stm_usart.c.o
 .text.LL_USART_Enable
                0x080010b4       0x20 stm_usart.c.o
 .text.LL_USART_Disable
                0x080010d4       0x20 stm_usart.c.o
 .text.LL_USART_IsActiveFlag_PE
                0x080010f4       0x26 stm_usart.c.o
 .text.LL_USART_IsActiveFlag_FE
                0x0800111a       0x26 stm_usart.c.o
 .text.LL_USART_IsActiveFlag_NE
                0x08001140       0x26 stm_usart.c.o
 .text.LL_USART_IsActiveFlag_ORE
                0x08001166       0x26 stm_usart.c.o
 .text.LL_USART_IsActiveFlag_TXE
                0x0800118c       0x26 stm_usart.c.o
 .text.LL_USART_ClearFlag_PE
                0x080011b2       0x24 stm_usart.c.o
 .text.LL_USART_ClearFlag_ORE
                0x080011d6       0x24 stm_usart.c.o
 .text.LL_USART_EnableIT_RXNE
                0x080011fa       0x46 stm_usart.c.o
 .text.LL_USART_EnableIT_TXE
                0x08001240       0x46 stm_usart.c.o
 .text.LL_USART_EnableIT_PE
                0x08001286       0x46 stm_usart.c.o
 .text.LL_USART_EnableIT_ERROR
                0x080012cc       0x46 stm_usart.c.o
 .text.LL_USART_DisableIT_IDLE
                0x08001312       0x46 stm_usart.c.o
 .text.LL_USART_DisableIT_RXNE
                0x08001358       0x46 stm_usart.c.o
 .text.LL_USART_DisableIT_TXE
                0x0800139e       0x46 stm_usart.c.o
 .text.LL_USART_DisableIT_PE
                0x080013e4       0x46 stm_usart.c.o
 .text.LL_USART_DisableIT_ERROR
                0x0800142a       0x46 stm_usart.c.o
 .text.LL_USART_EnableDMAReq_RX
                0x08001470       0x46 stm_usart.c.o
 .text.LL_USART_DisableDMAReq_RX
                0x080014b6       0x46 stm_usart.c.o
 .text.LL_USART_EnableDMAReq_TX
                0x080014fc       0x46 stm_usart.c.o
 .text.LL_USART_DisableDMAReq_TX
                0x08001542       0x46 stm_usart.c.o
 .text.LL_USART_DMA_GetRegAddr
                0x08001588       0x18 stm_usart.c.o
 .text.LL_USART_ReceiveData8
                0x080015a0       0x1a stm_usart.c.o
 .text.LL_USART_TransmitData8
                0x080015ba       0x1e stm_usart.c.o
 .text.checkIfTransmitBufferFull
                0x080015d8       0x64 stm_usart.c.o
                0x080015d8                checkIfTransmitBufferFull
 .text.copyToTransmitBuffer
                0x0800163c       0xf4 stm_usart.c.o
                0x0800163c                copyToTransmitBuffer
 .text.getAvailableDataInBuffer
                0x08001730       0xcc stm_usart.c.o
                0x08001730                getAvailableDataInBuffer
 .text.getBytesToBeReadFromBuffer
                0x080017fc       0x6e stm_usart.c.o
                0x080017fc                getBytesToBeReadFromBuffer
 .text.readDataFromBuffer
                0x0800186a       0xcc stm_usart.c.o
                0x0800186a                readDataFromBuffer
 .text.UART_RXDMAInterruptHandler
                0x08001936       0xd4 stm_usart.c.o
                0x08001936                UART_RXDMAInterruptHandler
 .text.UART_TXDMAInterruptHandler
                0x08001a0a      0x164 stm_usart.c.o
                0x08001a0a                UART_TXDMAInterruptHandler
 .text.UART_IsActiveFlagError
                0x08001b6e       0xe0 stm_usart.c.o
                0x08001b6e                UART_IsActiveFlagError
 .text.UART_IsActiveFlagTXE
                0x08001c4e       0x7a stm_usart.c.o
                0x08001c4e                UART_IsActiveFlagTXE
 .text.USART2_IRQHandler
                0x08001cc8       0x14 stm_usart.c.o
                0x08001cc8                USART2_IRQHandler
 .text.UART4_IRQHandler
                0x08001cdc       0x14 stm_usart.c.o
                0x08001cdc                UART4_IRQHandler
 .text.DMA1_Stream6_IRQHandler
                0x08001cf0       0x20 stm_usart.c.o
                0x08001cf0                DMA1_Stream6_IRQHandler
 .text.DMA1_Stream5_IRQHandler
                0x08001d10       0x20 stm_usart.c.o
                0x08001d10                DMA1_Stream5_IRQHandler
 .text.UART_ConfigureReceiveDMA
                0x08001d30       0x88 stm_usart.c.o
                0x08001d30                UART_ConfigureReceiveDMA
 .text.UART_ConfigureTransmitDMA
                0x08001db8       0x54 stm_usart.c.o
                0x08001db8                UART_ConfigureTransmitDMA
 .text.getReadErrorStatus
                0x08001e0c       0xc8 stm_usart.c.o
                0x08001e0c                getReadErrorStatus
 .text.MW_UART_Initialize
                0x08001ed4      0x1d4 stm_usart.c.o
                0x08001ed4                MW_UART_Initialize
 .text.MW_UART_ReceiveUsingBuffer
                0x080020a8       0x5c stm_usart.c.o
                0x080020a8                MW_UART_ReceiveUsingBuffer
 .text.MW_UART_TransmitUsingInterrupt
                0x08002104       0xd4 stm_usart.c.o
                0x08002104                MW_UART_TransmitUsingInterrupt
 .text.MW_UART_TransmitUsingDMA
                0x080021d8       0xfc stm_usart.c.o
                0x080021d8                MW_UART_TransmitUsingDMA
 .text.MW_UART_DeInit
                0x080022d4       0xaa stm_usart.c.o
                0x080022d4                MW_UART_DeInit
 .text.extmodeParseArgs
                0x0800237e       0x1e xcp_ext_mode.c.o
                0x0800237e                extmodeParseArgs
 .text.extmodeInit
                0x0800239c      0x128 xcp_ext_mode.c.o
                0x0800239c                extmodeInit
 .text.extmodeWaitForHostRequest
                0x080024c4       0xcc xcp_ext_mode.c.o
                0x080024c4                extmodeWaitForHostRequest
 .text.extmodeEvent
                0x08002590      0x100 xcp_ext_mode.c.o
                0x08002590                extmodeEvent
 .text.extmodeBackgroundRun
                0x08002690       0x20 xcp_ext_mode.c.o
                0x08002690                extmodeBackgroundRun
 .text.extmodeReset
                0x080026b0       0x40 xcp_ext_mode.c.o
                0x080026b0                extmodeReset
 .text.extmodeStopRequested
                0x080026f0       0x18 xcp_ext_mode.c.o
                0x080026f0                extmodeStopRequested
 .text.extmodeSimulationComplete
                0x08002708       0x18 xcp_ext_mode.c.o
                0x08002708                extmodeSimulationComplete
 .text.F4_uart_UARTWrite_setupImpl
                0x08002720       0x44 F4_uart.c.o
 .text.F4_uart_step
                0x08002764       0x58 F4_uart.c.o
                0x08002764                F4_uart_step
 *fill*         0x080027bc        0x4 
 .text.F4_uart_initialize
                0x080027c0       0xc0 F4_uart.c.o
                0x080027c0                F4_uart_initialize
 .text.F4_uart_terminate
                0x08002880       0x34 F4_uart.c.o
                0x08002880                F4_uart_terminate
 .text.rt_OneStep
                0x080028b4       0x78 ert_main.c.o
                0x080028b4                rt_OneStep
 .text.main     0x0800292c      0x184 ert_main.c.o
                0x0800292c                main
 .text.xcp_void_printf
                0x08002ab0       0x12 xcp_ext_common.c.o
                0x08002ab0                xcp_void_printf
 .text.xcpCopyTimeValue
                0x08002ac2       0x26 xcp_ext_common.c.o
 .text.xcpExtModeUpdateTime
                0x08002ae8      0x13c xcp_ext_common.c.o
                0x08002ae8                xcpExtModeUpdateTime
 *fill*         0x08002c24        0x4 
 .text.xcpExtModeGetUpdatedTimestamp
                0x08002c28       0x84 xcp_ext_common.c.o
                0x08002c28                xcpExtModeGetUpdatedTimestamp
 .text.xcpExtModeInit
                0x08002cac       0xb0 xcp_ext_common.c.o
                0x08002cac                xcpExtModeInit
 .text.xcpExtModeRunBackground
                0x08002d5c      0x13c xcp_ext_common.c.o
                0x08002d5c                xcpExtModeRunBackground
 .text.xcpExtModeReset
                0x08002e98      0x128 xcp_ext_common.c.o
                0x08002e98                xcpExtModeReset
 .text.sampleSignalTrigger
                0x08002fc0      0x1b4 xcp_ext_classic_trigger.c.o
 .text.updateTriggerStatus
                0x08003174      0x2b8 xcp_ext_classic_trigger.c.o
 .text.xcpExtModeClassicTriggerInit
                0x0800342c       0x68 xcp_ext_classic_trigger.c.o
                0x0800342c                xcpExtModeClassicTriggerInit
 .text.xcpExtModeClassicTriggerEnabled
                0x08003494      0x100 xcp_ext_classic_trigger.c.o
                0x08003494                xcpExtModeClassicTriggerEnabled
 .text.xcpExtModeClassicTriggerReset
                0x08003594       0xf4 xcp_ext_classic_trigger.c.o
                0x08003594                xcpExtModeClassicTriggerReset
 .text.xcpExtModeClassicTriggerForceEnableStatusUpdate
                0x08003688       0x78 xcp_ext_classic_trigger.c.o
                0x08003688                xcpExtModeClassicTriggerForceEnableStatusUpdate
 .text.msgBufferRealloc
                0x08003700       0x72 xcp.c.o
 *fill*         0x08003772        0x2 
 .text.discardInputPacketHandler
                0x08003774       0x3c xcp.c.o
 .text.unknownInputPacketHandler
                0x080037b0       0x34 xcp.c.o
 .text.xcpGetPacketGroupID
                0x080037e4       0x74 xcp.c.o
 .text.xcpGetPacketHandlers
                0x08003858      0x124 xcp.c.o
 .text.xcpStatusSet
                0x0800397c       0x20 xcp.c.o
                0x0800397c                xcpStatusSet
 .text.xcpSessionStatusGet
                0x0800399c       0x18 xcp.c.o
                0x0800399c                xcpSessionStatusGet
 .text.xcpSessionStatusSetMask
                0x080039b4       0x28 xcp.c.o
                0x080039b4                xcpSessionStatusSetMask
 .text.xcpSessionStatusClearMask
                0x080039dc       0x34 xcp.c.o
                0x080039dc                xcpSessionStatusClearMask
 .text.xcpResourceProtectionStatusGet
                0x08003a10       0x18 xcp.c.o
                0x08003a10                xcpResourceProtectionStatusGet
 .text.xcpSessionConfigurationIdGet
                0x08003a28       0x18 xcp.c.o
                0x08003a28                xcpSessionConfigurationIdGet
 .text.genericOutputPacketHandler
                0x08003a40      0x11c xcp.c.o
                0x08003a40                genericOutputPacketHandler
 .text.xcpFindPacket
                0x08003b5c       0x6e xcp.c.o
                0x08003b5c                xcpFindPacket
 *fill*         0x08003bca        0x2 
 .text.xcpInit  0x08003bcc       0x64 xcp.c.o
                0x08003bcc                xcpInit
 .text.xcpRun   0x08003c30      0x194 xcp.c.o
                0x08003c30                xcpRun
 .text.xcpEventExternalTimestamp
                0x08003dc4       0x48 xcp.c.o
                0x08003dc4                xcpEventExternalTimestamp
 .text.xcpGetStatus
                0x08003e0c       0x18 xcp.c.o
                0x08003e0c                xcpGetStatus
 .text.xcpReset
                0x08003e24       0x40 xcp.c.o
                0x08003e24                xcpReset
 .text.xcpPackedModeEventsFlush
                0x08003e64       0x1e xcp.c.o
                0x08003e64                xcpPackedModeEventsFlush
 .text.xcpPackedModeEventReset
                0x08003e82       0x2a xcp.c.o
                0x08003e82                xcpPackedModeEventReset
 .text.isValidUploadSize
                0x08003eac       0x30 xcp_standard.c.o
 .text.xcpMemcpyFromMTA
                0x08003edc       0x38 xcp_standard.c.o
 .text.connectInputPacketHandler
                0x08003f14       0xa4 xcp_standard.c.o
 .text.connectOutputPacketHandler
                0x08003fb8       0xd4 xcp_standard.c.o
 .text.disconnectInputPacketHandler
                0x0800408c       0x54 xcp_standard.c.o
 .text.getStatusInputPacketHandler
                0x080040e0       0x28 xcp_standard.c.o
 .text.getStatusOutputPacketHandler
                0x08004108       0x80 xcp_standard.c.o
 .text.synchInputPacketHandler
                0x08004188       0x44 xcp_standard.c.o
 .text.setMTAInputPacketHandler
                0x080041cc       0x78 xcp_standard.c.o
 .text.uploadInputPacketHandler
                0x08004244       0x98 xcp_standard.c.o
 .text.uploadOutputPacketHandler
                0x080042dc       0x9c xcp_standard.c.o
 .text.shortUploadInputPacketHandler
                0x08004378       0xa4 xcp_standard.c.o
 .text.shortUploadOutputPacketHandler
                0x0800441c       0x9c xcp_standard.c.o
 .text.getPacket
                0x080044b8       0x24 xcp_standard.c.o
 .text.xcpStandardInit
                0x080044dc       0x18 xcp_standard.c.o
                0x080044dc                xcpStandardInit
 .text.xcpStandardGetPacketLookup
                0x080044f4       0x18 xcp_standard.c.o
                0x080044f4                xcpStandardGetPacketLookup
 .text.xcpStandardSetPacketLookup
                0x0800450c       0x20 xcp_standard.c.o
                0x0800450c                xcpStandardSetPacketLookup
 .text.xcpStandardReset
                0x0800452c       0x12 xcp_standard.c.o
                0x0800452c                xcpStandardReset
 *fill*         0x0800453e        0x2 
 .text.xcpStandardGetAddressFromMta
                0x08004540       0x18 xcp_standard.c.o
                0x08004540                xcpStandardGetAddressFromMta
 .text.xcpStandardSetMta
                0x08004558       0x3c xcp_standard.c.o
                0x08004558                xcpStandardSetMta
 .text.xcpStandardIncrementMta
                0x08004594       0x28 xcp_standard.c.o
                0x08004594                xcpStandardIncrementMta
 .text.xcpStandardExtendedInit
                0x080045bc        0xe xcp_standard.c.o
                0x080045bc                xcpStandardExtendedInit
 .text.xcpStandardExtendedReset
                0x080045ca        0xe xcp_standard.c.o
                0x080045ca                xcpStandardExtendedReset
 .text.xcpDaqWriteLock
                0x080045d8       0x4c xcp_daq.c.o
 .text.xcpDaqWriteUnlock
                0x08004624       0x20 xcp_daq.c.o
 .text.xcpDaqReadLock
                0x08004644       0x38 xcp_daq.c.o
 .text.xcpDaqReadUnlock
                0x0800467c       0x38 xcp_daq.c.o
 .text.isActiveDaqList
                0x080046b4       0x50 xcp_daq.c.o
 .text.noActiveDaqLists
                0x08004704       0x50 xcp_daq.c.o
 .text.isValidDaqPtr
                0x08004754       0xb8 xcp_daq.c.o
 .text.isValidDaqEntry
                0x0800480c       0x36 xcp_daq.c.o
 .text.isSupportedDaqListMode
                0x08004842       0x26 xcp_daq.c.o
 .text.isValidStartStopMode
                0x08004868       0x32 xcp_daq.c.o
 .text.isValidStartStopSynchMode
                0x0800489a       0x32 xcp_daq.c.o
 .text.absoluteOdtNumberIdentification
                0x080048cc       0x10 xcp_daq.c.o
 .text.isDaqPackedModeEnabled
                0x080048dc       0x6c xcp_daq.c.o
 .text.odtPacketSize
                0x08004948       0x54 xcp_daq.c.o
 .text.createDaqReservedPool
                0x0800499c       0x88 xcp_daq.c.o
 .text.destroyDaqReservedPool
                0x08004a24       0x2c xcp_daq.c.o
 .text.setDaqPtrInputPacketHandler
                0x08004a50       0xdc xcp_daq.c.o
 .text.writeDaqInputPacketHandler
                0x08004b2c      0x198 xcp_daq.c.o
 .text.setDaqListModeInputPacketHandler
                0x08004cc4      0x1c8 xcp_daq.c.o
 .text.startStopDaqListInputPacketHandler
                0x08004e8c      0x3f4 xcp_daq.c.o
 .text.startStopDaqListOutputPacketHandler
                0x08005280       0x5c xcp_daq.c.o
 .text.startStopSynchInputPacketHandler
                0x080052dc      0x328 xcp_daq.c.o
 .text.getDaqProcessorInfoInputPacketHandler
                0x08005604       0x28 xcp_daq.c.o
 .text.getDaqProcessorInfoOutputPacketHandler
                0x0800562c       0xac xcp_daq.c.o
 .text.getDaqResolutionInfoInputPacketHandler
                0x080056d8       0x28 xcp_daq.c.o
 .text.getDaqResolutionInfoOutputPacketHandler
                0x08005700       0xb8 xcp_daq.c.o
 .text.freeDaqInputPacketHandler
                0x080057b8       0x5c xcp_daq.c.o
 .text.allocDaqInputPacketHandler
                0x08005814      0x18c xcp_daq.c.o
 .text.allocOdtInputPacketHandler
                0x080059a0      0x1c0 xcp_daq.c.o
 .text.allocOdtEntryInputPacketHandler
                0x08005b60      0x270 xcp_daq.c.o
 .text.getDaqClockInputPacketHandler
                0x08005dd0       0x22 xcp_daq.c.o
 *fill*         0x08005df2        0x2 
 .text.setDaqPackedModeInputPacketHandler
                0x08005df4      0x21c xcp_daq.c.o
 .text.level1CommandInputPacketHandler
                0x08006010       0x64 xcp_daq.c.o
 .text.getPacket
                0x08006074       0x24 xcp_daq.c.o
 .text.xcpDaqInit
                0x08006098       0x38 xcp_daq.c.o
                0x08006098                xcpDaqInit
 .text.xcpDaqGetPacketLookup
                0x080060d0       0x18 xcp_daq.c.o
                0x080060d0                xcpDaqGetPacketLookup
 .text.xcpDaqSetPacketLookup
                0x080060e8       0x20 xcp_daq.c.o
                0x080060e8                xcpDaqSetPacketLookup
 .text.xcpResetDaq
                0x08006108       0xa4 xcp_daq.c.o
 .text.daqWriteXCPDataForOdt
                0x080061ac       0x7c xcp_daq.c.o
 .text.odtWriteEntries
                0x08006228       0x9c xcp_daq.c.o
 .text.xcpProcessDaq
                0x080062c4      0x208 xcp_daq.c.o
 .text.xcpDaqEvent
                0x080064cc      0x108 xcp_daq.c.o
                0x080064cc                xcpDaqEvent
 .text.xcpDaqEventsFlush
                0x080065d4      0x284 xcp_daq.c.o
                0x080065d4                xcpDaqEventsFlush
 .text.xcpDaqLock
                0x08006858       0x1e xcp_daq.c.o
                0x08006858                xcpDaqLock
 .text.xcpDaqUnlock
                0x08006876        0xe xcp_daq.c.o
                0x08006876                xcpDaqUnlock
 .text.xcpResetDaqListStatus
                0x08006884      0x19c xcp_daq.c.o
                0x08006884                xcpResetDaqListStatus
 .text.xcpDaqReset
                0x08006a20       0x20 xcp_daq.c.o
                0x08006a20                xcpDaqReset
 .text.xcpDaqExtendedInit
                0x08006a40        0xe xcp_daq.c.o
                0x08006a40                xcpDaqExtendedInit
 .text.xcpDaqExtendedReset
                0x08006a4e        0xe xcp_daq.c.o
                0x08006a4e                xcpDaqExtendedReset
 .text.isValidShortDownloadSize
                0x08006a5c       0x34 xcp_calibration.c.o
 .text.isValidDownloadSize
                0x08006a90       0x3a xcp_calibration.c.o
 *fill*         0x08006aca        0x2 
 .text.xcpMemcpyToMTA
                0x08006acc       0x34 xcp_calibration.c.o
 .text.downloadInputPacketHandler
                0x08006b00       0xb0 xcp_calibration.c.o
 .text.shortDownloadInputPacketHandler
                0x08006bb0       0xb8 xcp_calibration.c.o
 .text.getPacket
                0x08006c68       0x24 xcp_calibration.c.o
 .text.xcpCalibrationInit
                0x08006c8c       0x14 xcp_calibration.c.o
                0x08006c8c                xcpCalibrationInit
 .text.xcpCalibrationGetPacketLookup
                0x08006ca0       0x18 xcp_calibration.c.o
                0x08006ca0                xcpCalibrationGetPacketLookup
 .text.xcpCalibrationSetPacketLookup
                0x08006cb8       0x20 xcp_calibration.c.o
                0x08006cb8                xcpCalibrationSetPacketLookup
 .text.xcpCalibrationReset
                0x08006cd8        0xe xcp_calibration.c.o
                0x08006cd8                xcpCalibrationReset
 .text.xcpFifoInit
                0x08006ce6       0x20 xcp_fifo.c.o
                0x08006ce6                xcpFifoInit
 .text.xcpFifoEnqueue
                0x08006d06       0x2a xcp_fifo.c.o
                0x08006d06                xcpFifoEnqueue
 .text.xcpFifoDequeue
                0x08006d30       0x3e xcp_fifo.c.o
                0x08006d30                xcpFifoDequeue
 .text.xcpFifoEnqueueHead
                0x08006d6e       0x32 xcp_fifo.c.o
                0x08006d6e                xcpFifoEnqueueHead
 .text.xcpFifoReset
                0x08006da0       0x16 xcp_fifo.c.o
                0x08006da0                xcpFifoReset
 *fill*         0x08006db6        0x2 
 .text.xcpTransportEmptyTxFifo
                0x08006db8       0x6c xcp_transport.c.o
 .text.xcpTransportEmptyRxFifo
                0x08006e24       0x6c xcp_transport.c.o
 .text.xcpTransportInit
                0x08006e90      0x138 xcp_transport.c.o
                0x08006e90                xcpTransportInit
 .text.xcpTransportTxReady
                0x08006fc8       0x1a xcp_transport.c.o
                0x08006fc8                xcpTransportTxReady
 .text.xcpTransportTxTrigger
                0x08006fe2       0x1a xcp_transport.c.o
                0x08006fe2                xcpTransportTxTrigger
 .text.xcpTransportTxPacketSet
                0x08006ffc      0x144 xcp_transport.c.o
                0x08006ffc                xcpTransportTxPacketSet
 .text.xcpTransportTx
                0x08007140       0xec xcp_transport.c.o
                0x08007140                xcpTransportTx
 .text.xcpTransportRx
                0x0800722c       0x80 xcp_transport.c.o
                0x0800722c                xcpTransportRx
 .text.xcpTransportRxPacketGet
                0x080072ac      0x12c xcp_transport.c.o
                0x080072ac                xcpTransportRxPacketGet
 .text.xcpTransportPacketOffset
                0x080073d8       0x20 xcp_transport.c.o
                0x080073d8                xcpTransportPacketOffset
 .text.xcpTransportMsgBufferSize
                0x080073f8       0x70 xcp_transport.c.o
                0x080073f8                xcpTransportMsgBufferSize
 .text.xcpTransportMaxDtoSize
                0x08007468        0xe xcp_transport.c.o
                0x08007468                xcpTransportMaxDtoSize
 .text.xcpTransportMaxCtoSize
                0x08007476        0xe xcp_transport.c.o
                0x08007476                xcpTransportMaxCtoSize
 .text.xcpTransportRestart
                0x08007484       0x44 xcp_transport.c.o
                0x08007484                xcpTransportRestart
 .text.xcpTransportResynch
                0x080074c8       0x40 xcp_transport.c.o
                0x080074c8                xcpTransportResynch
 .text.xcpTransportCtoReservedMemPoolId
                0x08007508       0x18 xcp_transport.c.o
                0x08007508                xcpTransportCtoReservedMemPoolId
 .text.xcpTransportReset
                0x08007520       0xe4 xcp_transport.c.o
                0x08007520                xcpTransportReset
 .text.xcpInitializePoolMemoryArea
                0x08007604       0x72 xcp_mem_default.c.o
 *fill*         0x08007676        0x2 
 .text.xcpMemInit
                0x08007678      0x1d4 xcp_mem_default.c.o
                0x08007678                xcpMemInit
 .text.xcpMemAlloc
                0x0800784c       0xe8 xcp_mem_default.c.o
                0x0800784c                xcpMemAlloc
 .text.xcpMemFree
                0x08007934      0x170 xcp_mem_default.c.o
                0x08007934                xcpMemFree
 .text.xcpMemReservedPoolCreate
                0x08007aa4      0x224 xcp_mem_default.c.o
                0x08007aa4                xcpMemReservedPoolCreate
 .text.xcpMemReservedPoolDestroy
                0x08007cc8      0x158 xcp_mem_default.c.o
                0x08007cc8                xcpMemReservedPoolDestroy
 .text.xcpMemCustomPoolCreate
                0x08007e20       0xbc xcp_mem_default.c.o
                0x08007e20                xcpMemCustomPoolCreate
 .text.xcpMemCustomPoolDestroy
                0x08007edc       0x64 xcp_mem_default.c.o
                0x08007edc                xcpMemCustomPoolDestroy
 .text.xcpMemAllocFromPool
                0x08007f40      0x170 xcp_mem_default.c.o
                0x08007f40                xcpMemAllocFromPool
 .text.xcpMemReset
                0x080080b0       0x50 xcp_mem_default.c.o
                0x080080b0                xcpMemReset
 .text.xcpDrvOpen
                0x08008100       0x64 xcp_drv_rtiostream.c.o
                0x08008100                xcpDrvOpen
 .text.xcpDrvIoctl
                0x08008164       0x4c xcp_drv_rtiostream.c.o
                0x08008164                xcpDrvIoctl
 .text.xcpDrvSend
                0x080081b0      0x14c xcp_drv_rtiostream.c.o
                0x080081b0                xcpDrvSend
 .text.xcpDrvRecv
                0x080082fc      0x14c xcp_drv_rtiostream.c.o
                0x080082fc                xcpDrvRecv
 .text.xcpDrvClose
                0x08008448       0x5c xcp_drv_rtiostream.c.o
                0x08008448                xcpDrvClose
 .text.xcpSortArray
                0x080084a4       0xcc xcp_utils.c.o
                0x080084a4                xcpSortArray
 .text.xcpSxiHtons
                0x08008570       0x18 xcp_frame_serial.c.o
 .text.xcpSxiNtohs
                0x08008588       0x1c xcp_frame_serial.c.o
 .text.xcpSxiChecksum
                0x080085a4       0x3e xcp_frame_serial.c.o
                0x080085a4                xcpSxiChecksum
 *fill*         0x080085e2        0x2 
 .text.xcpFrameInit
                0x080085e4       0x70 xcp_frame_serial.c.o
                0x080085e4                xcpFrameInit
 .text.xcpFrameMsgSend
                0x08008654      0x188 xcp_frame_serial.c.o
                0x08008654                xcpFrameMsgSend
 .text.xcpFrameMsgRecv
                0x080087dc      0x180 xcp_frame_serial.c.o
                0x080087dc                xcpFrameMsgRecv
 .text.xcpFrameCreateMsg
                0x0800895c       0x94 xcp_frame_serial.c.o
                0x0800895c                xcpFrameCreateMsg
 .text.xcpFrameExtractPacket
                0x080089f0      0x158 xcp_frame_serial.c.o
                0x080089f0                xcpFrameExtractPacket
 .text.xcpFrameHeaderSize
                0x08008b48       0x10 xcp_frame_serial.c.o
                0x08008b48                xcpFrameHeaderSize
 .text.xcpFrameTailSize
                0x08008b58       0x10 xcp_frame_serial.c.o
                0x08008b58                xcpFrameTailSize
 .text.xcpFrameMaxDtoSize
                0x08008b68       0x12 xcp_frame_serial.c.o
                0x08008b68                xcpFrameMaxDtoSize
 .text.xcpFrameMaxCtoSize
                0x08008b7a       0x10 xcp_frame_serial.c.o
                0x08008b7a                xcpFrameMaxCtoSize
 *fill*         0x08008b8a        0x2 
 .text.xcpFrameRestart
                0x08008b8c       0x30 xcp_frame_serial.c.o
                0x08008b8c                xcpFrameRestart
 .text.xcpFrameSetCtoReservedMemPoolId
                0x08008bbc       0x20 xcp_frame_serial.c.o
                0x08008bbc                xcpFrameSetCtoReservedMemPoolId
 .text.xcpFrameReset
                0x08008bdc       0x70 xcp_frame_serial.c.o
                0x08008bdc                xcpFrameReset
 .text.xcpTransportGetInitParameters
                0x08008c4c       0x2e xcp_ext_param_default_serial.c.o
                0x08008c4c                xcpTransportGetInitParameters
 .text.xcpGetInitParameters
                0x08008c7a       0x2e xcp_ext_param_default_serial.c.o
                0x08008c7a                xcpGetInitParameters
 .text.HAL_Delay
                0x08008ca8       0x2e overrideHALDelay.c.o
                0x08008ca8                HAL_Delay
 *fill*         0x08008cd6        0x2 
 .text.PeriphCommonClock_Config
                0x08008cd8       0x10 platform_timer.c.o
                0x08008cd8                PeriphCommonClock_Config
 .text.getCurrentTimestampInMicros
                0x08008ce8       0x40 platform_timer.c.o
                0x08008ce8                getCurrentTimestampInMicros
 .text.returnTimeElapsed
                0x08008d28       0x2c platform_timer.c.o
                0x08008d28                returnTimeElapsed
 .text.__NVIC_SetPriority
                0x08008d54       0x54 SysTickScheduler.c.o
 .text.SysTick_Config
                0x08008da8       0x44 SysTickScheduler.c.o
 .text.SysTick_Isr
                0x08008dec       0x48 SysTickScheduler.c.o
 .text.SysTick_Handler
                0x08008e34       0x20 SysTickScheduler.c.o
                0x08008e34                SysTick_Handler
 .text.ARMCM_SysTick_Config
                0x08008e54       0xb0 SysTickScheduler.c.o
                0x08008e54                ARMCM_SysTick_Config
 .text.PendSV_Handler
                0x08008f04       0x44 m3m4m4f_multitasking.c.o
                0x08008f04                PendSV_Handler
 .text.SVC_Handler
                0x08008f48       0x58 m3m4m4f_multitasking.c.o
                0x08008f48                SVC_Handler
 .text.rtIOStreamOpen
                0x08008fa0       0x58 rtiostream_serial.c.o
                0x08008fa0                rtIOStreamOpen
 .text.rtIOStreamSend
                0x08008ff8       0x34 rtiostream_serial.c.o
                0x08008ff8                rtIOStreamSend
 .text.rtIOStreamRecv
                0x0800902c       0x48 rtiostream_serial.c.o
                0x0800902c                rtIOStreamRecv
 .text.rtIOStreamClose
                0x08009074       0x20 rtiostream_serial.c.o
                0x08009074                rtIOStreamClose
 .text.sys_arch_protect_arm
                0x08009094       0x22 sys_arch_arm.c.o
                0x08009094                sys_arch_protect_arm
 .text.sys_arch_unprotect_arm
                0x080090b6       0x20 sys_arch_arm.c.o
                0x080090b6                sys_arch_unprotect_arm
 *fill*         0x080090d6        0x2 
 .text.__NVIC_GetPriorityGrouping
                0x080090d8       0x1c main.c.o
 .text.__NVIC_EnableIRQ
                0x080090f4       0x3c main.c.o
 .text.__NVIC_SetPriority
                0x08009130       0x54 main.c.o
 .text.NVIC_EncodePriority
                0x08009184       0x66 main.c.o
 *fill*         0x080091ea        0x2 
 .text.LL_DMA_SetDataTransferDirection
                0x080091ec       0x48 main.c.o
 .text.LL_DMA_SetMode
                0x08009234       0x48 main.c.o
 .text.LL_DMA_SetPeriphIncMode
                0x0800927c       0x48 main.c.o
 .text.LL_DMA_SetMemoryIncMode
                0x080092c4       0x48 main.c.o
 .text.LL_DMA_SetPeriphSize
                0x0800930c       0x48 main.c.o
 .text.LL_DMA_SetMemorySize
                0x08009354       0x48 main.c.o
 .text.LL_DMA_SetStreamPriorityLevel
                0x0800939c       0x48 main.c.o
 .text.LL_DMA_SetChannelSelection
                0x080093e4       0x48 main.c.o
 .text.LL_DMA_DisableFifoMode
                0x0800942c       0x40 main.c.o
 .text.LL_RCC_HSI_Enable
                0x0800946c       0x20 main.c.o
 .text.LL_RCC_HSI_IsReady
                0x0800948c       0x24 main.c.o
 .text.LL_RCC_HSI_SetCalibTrimming
                0x080094b0       0x2c main.c.o
 .text.LL_RCC_SetSysClkSource
                0x080094dc       0x28 main.c.o
 .text.LL_RCC_GetSysClkSource
                0x08009504       0x1c main.c.o
 .text.LL_RCC_SetAHBPrescaler
                0x08009520       0x28 main.c.o
 .text.LL_RCC_SetAPB1Prescaler
                0x08009548       0x28 main.c.o
 .text.LL_RCC_SetAPB2Prescaler
                0x08009570       0x28 main.c.o
 .text.LL_RCC_PLL_Enable
                0x08009598       0x20 main.c.o
 .text.LL_RCC_PLL_IsReady
                0x080095b8       0x28 main.c.o
 .text.LL_RCC_PLL_ConfigDomain_SYS
                0x080095e0       0x4c main.c.o
 .text.LL_AHB1_GRP1_EnableClock
                0x0800962c       0x30 main.c.o
 .text.LL_APB1_GRP1_EnableClock
                0x0800965c       0x30 main.c.o
 .text.LL_FLASH_SetLatency
                0x0800968c       0x28 main.c.o
 .text.LL_FLASH_GetLatency
                0x080096b4       0x1c main.c.o
 .text.LL_PWR_SetRegulVoltageScaling
                0x080096d0       0x28 main.c.o
 .text.LL_PWR_IsActiveFlag_VOS
                0x080096f8       0x28 main.c.o
 .text.LL_USART_Enable
                0x08009720       0x20 main.c.o
 .text.LL_USART_ConfigAsyncMode
                0x08009740       0x2c main.c.o
 .text.SystemClock_Config
                0x0800976c       0xa4 main.c.o
                0x0800976c                SystemClock_Config
 .text.MX_UART4_Init
                0x08009810       0xc0 main.c.o
                0x08009810                MX_UART4_Init
 .text.MX_USART2_UART_Init
                0x080098d0      0x15c main.c.o
                0x080098d0                MX_USART2_UART_Init
 .text.MX_DMA_Init
                0x08009a2c       0x50 main.c.o
                0x08009a2c                MX_DMA_Init
 .text.MX_GPIO_Init
                0x08009a7c       0x14 main.c.o
                0x08009a7c                MX_GPIO_Init
 .text.HAL_TIM_PeriodElapsedCallback
                0x08009a90       0x24 main.c.o
                0x08009a90                HAL_TIM_PeriodElapsedCallback
 .text.Error_Handler
                0x08009ab4        0xc main.c.o
                0x08009ab4                Error_Handler
 .text.NMI_Handler
                0x08009ac0        0x8 stm32f4xx_it.c.o
                0x08009ac0                NMI_Handler
 .text.HardFault_Handler
                0x08009ac8        0x8 stm32f4xx_it.c.o
                0x08009ac8                HardFault_Handler
 .text.MemManage_Handler
                0x08009ad0        0x8 stm32f4xx_it.c.o
                0x08009ad0                MemManage_Handler
 .text.BusFault_Handler
                0x08009ad8        0x8 stm32f4xx_it.c.o
                0x08009ad8                BusFault_Handler
 .text.UsageFault_Handler
                0x08009ae0        0x8 stm32f4xx_it.c.o
                0x08009ae0                UsageFault_Handler
 .text.DebugMon_Handler
                0x08009ae8        0xe stm32f4xx_it.c.o
                0x08009ae8                DebugMon_Handler
 *fill*         0x08009af6        0x2 
 .text.TIM1_UP_TIM10_IRQHandler
                0x08009af8       0x14 stm32f4xx_it.c.o
                0x08009af8                TIM1_UP_TIM10_IRQHandler
 .text.HAL_MspInit
                0x08009b0c       0x50 stm32f4xx_hal_msp.c.o
                0x08009b0c                HAL_MspInit
 .text.HAL_InitTick
                0x08009b5c       0xe8 stm32f4xx_hal_timebase_tim.c.o
                0x08009b5c                HAL_InitTick
 .text.HAL_TIM_Base_Init
                0x08009c44       0x9e stm32f4xx_hal_tim.c.o
                0x08009c44                HAL_TIM_Base_Init
 .text.HAL_TIM_Base_MspInit
                0x08009ce2       0x14 stm32f4xx_hal_tim.c.o
                0x08009ce2                HAL_TIM_Base_MspInit
 *fill*         0x08009cf6        0x2 
 .text.HAL_TIM_Base_Start_IT
                0x08009cf8       0xe0 stm32f4xx_hal_tim.c.o
                0x08009cf8                HAL_TIM_Base_Start_IT
 .text.HAL_TIM_IRQHandler
                0x08009dd8      0x1e0 stm32f4xx_hal_tim.c.o
                0x08009dd8                HAL_TIM_IRQHandler
 .text.HAL_TIM_OC_DelayElapsedCallback
                0x08009fb8       0x14 stm32f4xx_hal_tim.c.o
                0x08009fb8                HAL_TIM_OC_DelayElapsedCallback
 .text.HAL_TIM_IC_CaptureCallback
                0x08009fcc       0x14 stm32f4xx_hal_tim.c.o
                0x08009fcc                HAL_TIM_IC_CaptureCallback
 .text.HAL_TIM_PWM_PulseFinishedCallback
                0x08009fe0       0x14 stm32f4xx_hal_tim.c.o
                0x08009fe0                HAL_TIM_PWM_PulseFinishedCallback
 .text.HAL_TIM_TriggerCallback
                0x08009ff4       0x14 stm32f4xx_hal_tim.c.o
                0x08009ff4                HAL_TIM_TriggerCallback
 .text.TIM_Base_SetConfig
                0x0800a008      0x158 stm32f4xx_hal_tim.c.o
                0x0800a008                TIM_Base_SetConfig
 .text.HAL_TIMEx_CommutCallback
                0x0800a160       0x14 stm32f4xx_hal_tim_ex.c.o
                0x0800a160                HAL_TIMEx_CommutCallback
 .text.HAL_TIMEx_BreakCallback
                0x0800a174       0x14 stm32f4xx_hal_tim_ex.c.o
                0x0800a174                HAL_TIMEx_BreakCallback
 .text.LL_GPIO_SetPinMode
                0x0800a188       0x7a stm32f4xx_ll_gpio.c.o
 .text.LL_GPIO_SetPinOutputType
                0x0800a202       0x30 stm32f4xx_ll_gpio.c.o
 .text.LL_GPIO_SetPinSpeed
                0x0800a232       0x7a stm32f4xx_ll_gpio.c.o
 .text.LL_GPIO_SetPinPull
                0x0800a2ac       0x7a stm32f4xx_ll_gpio.c.o
 .text.LL_GPIO_SetAFPin_0_7
                0x0800a326       0x7a stm32f4xx_ll_gpio.c.o
 .text.LL_GPIO_SetAFPin_8_15
                0x0800a3a0       0x7e stm32f4xx_ll_gpio.c.o
 .text.LL_GPIO_Init
                0x0800a41e      0x102 stm32f4xx_ll_gpio.c.o
                0x0800a41e                LL_GPIO_Init
 .text.LL_USART_IsEnabled
                0x0800a520       0x28 stm32f4xx_ll_usart.c.o
 .text.LL_USART_SetStopBitsLength
                0x0800a548       0x26 stm32f4xx_ll_usart.c.o
 .text.LL_USART_SetHWFlowCtrl
                0x0800a56e       0x26 stm32f4xx_ll_usart.c.o
 .text.LL_USART_SetBaudRate
                0x0800a594      0x45c stm32f4xx_ll_usart.c.o
 .text.LL_USART_Init
                0x0800a9f0      0x100 stm32f4xx_ll_usart.c.o
                0x0800a9f0                LL_USART_Init
 .text.LL_RCC_GetSysClkSource
                0x0800aaf0       0x1c stm32f4xx_ll_rcc.c.o
 .text.LL_RCC_GetAHBPrescaler
                0x0800ab0c       0x1c stm32f4xx_ll_rcc.c.o
 .text.LL_RCC_GetAPB1Prescaler
                0x0800ab28       0x1c stm32f4xx_ll_rcc.c.o
 .text.LL_RCC_GetAPB2Prescaler
                0x0800ab44       0x1c stm32f4xx_ll_rcc.c.o
 .text.LL_RCC_PLL_GetMainSource
                0x0800ab60       0x1c stm32f4xx_ll_rcc.c.o
 .text.LL_RCC_PLL_GetN
                0x0800ab7c       0x1c stm32f4xx_ll_rcc.c.o
 .text.LL_RCC_PLL_GetP
                0x0800ab98       0x1c stm32f4xx_ll_rcc.c.o
 .text.LL_RCC_PLL_GetDivider
                0x0800abb4       0x1c stm32f4xx_ll_rcc.c.o
 .text.LL_RCC_GetSystemClocksFreq
                0x0800abd0       0x4a stm32f4xx_ll_rcc.c.o
                0x0800abd0                LL_RCC_GetSystemClocksFreq
 *fill*         0x0800ac1a        0x2 
 .text.RCC_GetSystemClockFreq
                0x0800ac1c       0x50 stm32f4xx_ll_rcc.c.o
                0x0800ac1c                RCC_GetSystemClockFreq
 .text.RCC_GetHCLKClockFreq
                0x0800ac6c       0x2c stm32f4xx_ll_rcc.c.o
                0x0800ac6c                RCC_GetHCLKClockFreq
 .text.RCC_GetPCLK1ClockFreq
                0x0800ac98       0x28 stm32f4xx_ll_rcc.c.o
                0x0800ac98                RCC_GetPCLK1ClockFreq
 .text.RCC_GetPCLK2ClockFreq
                0x0800acc0       0x28 stm32f4xx_ll_rcc.c.o
                0x0800acc0                RCC_GetPCLK2ClockFreq
 .text.RCC_PLL_GetFreqDomain_SYS
                0x0800ace8       0x7c stm32f4xx_ll_rcc.c.o
                0x0800ace8                RCC_PLL_GetFreqDomain_SYS
 .text.LL_SetSystemCoreClock
                0x0800ad64       0x20 stm32f4xx_ll_utils.c.o
                0x0800ad64                LL_SetSystemCoreClock
 .text.HAL_RCC_GetHCLKFreq
                0x0800ad84       0x18 stm32f4xx_hal_rcc.c.o
                0x0800ad84                HAL_RCC_GetHCLKFreq
 .text.HAL_RCC_GetPCLK2Freq
                0x0800ad9c       0x28 stm32f4xx_hal_rcc.c.o
                0x0800ad9c                HAL_RCC_GetPCLK2Freq
 .text.HAL_RCC_GetClockConfig
                0x0800adc4       0x64 stm32f4xx_hal_rcc.c.o
                0x0800adc4                HAL_RCC_GetClockConfig
 .text.__NVIC_SetPriorityGrouping
                0x0800ae28       0x48 stm32f4xx_hal_cortex.c.o
 .text.__NVIC_GetPriorityGrouping
                0x0800ae70       0x1c stm32f4xx_hal_cortex.c.o
 .text.__NVIC_EnableIRQ
                0x0800ae8c       0x3c stm32f4xx_hal_cortex.c.o
 .text.__NVIC_SetPriority
                0x0800aec8       0x54 stm32f4xx_hal_cortex.c.o
 .text.NVIC_EncodePriority
                0x0800af1c       0x66 stm32f4xx_hal_cortex.c.o
 .text.HAL_NVIC_SetPriorityGrouping
                0x0800af82       0x16 stm32f4xx_hal_cortex.c.o
                0x0800af82                HAL_NVIC_SetPriorityGrouping
 .text.HAL_NVIC_SetPriority
                0x0800af98       0x38 stm32f4xx_hal_cortex.c.o
                0x0800af98                HAL_NVIC_SetPriority
 .text.HAL_NVIC_EnableIRQ
                0x0800afd0       0x1c stm32f4xx_hal_cortex.c.o
                0x0800afd0                HAL_NVIC_EnableIRQ
 .text.HAL_Init
                0x0800afec       0x44 stm32f4xx_hal.c.o
                0x0800afec                HAL_Init
 .text.HAL_IncTick
                0x0800b030       0x28 stm32f4xx_hal.c.o
                0x0800b030                HAL_IncTick
 .text.HAL_GetTick
                0x0800b058       0x18 stm32f4xx_hal.c.o
                0x0800b058                HAL_GetTick
 .text.SystemInit
                0x0800b070       0x24 system_stm32f4xx.c.o
                0x0800b070                SystemInit
 .text.Reset_Handler
                0x0800b094       0x50 startup_stm32f405rgtx.s.o
                0x0800b094                Reset_Handler
 .text.Default_Handler
                0x0800b0e4        0x2 startup_stm32f405rgtx.s.o
                0x0800b0e4                RTC_Alarm_IRQHandler
                0x0800b0e4                HASH_RNG_IRQHandler
                0x0800b0e4                EXTI2_IRQHandler
                0x0800b0e4                TIM8_CC_IRQHandler
                0x0800b0e4                TIM1_CC_IRQHandler
                0x0800b0e4                DMA2_Stream5_IRQHandler
                0x0800b0e4                PVD_IRQHandler
                0x0800b0e4                SDIO_IRQHandler
                0x0800b0e4                TAMP_STAMP_IRQHandler
                0x0800b0e4                CAN2_RX1_IRQHandler
                0x0800b0e4                EXTI3_IRQHandler
                0x0800b0e4                TIM8_TRG_COM_TIM14_IRQHandler
                0x0800b0e4                TIM8_UP_TIM13_IRQHandler
                0x0800b0e4                I2C3_ER_IRQHandler
                0x0800b0e4                EXTI0_IRQHandler
                0x0800b0e4                I2C2_EV_IRQHandler
                0x0800b0e4                DMA1_Stream2_IRQHandler
                0x0800b0e4                CAN1_RX0_IRQHandler
                0x0800b0e4                FPU_IRQHandler
                0x0800b0e4                OTG_HS_WKUP_IRQHandler
                0x0800b0e4                CAN2_SCE_IRQHandler
                0x0800b0e4                DMA2_Stream2_IRQHandler
                0x0800b0e4                SPI1_IRQHandler
                0x0800b0e4                TIM6_DAC_IRQHandler
                0x0800b0e4                TIM1_BRK_TIM9_IRQHandler
                0x0800b0e4                CAN2_RX0_IRQHandler
                0x0800b0e4                DMA2_Stream3_IRQHandler
                0x0800b0e4                USART6_IRQHandler
                0x0800b0e4                USART3_IRQHandler
                0x0800b0e4                CAN1_RX1_IRQHandler
                0x0800b0e4                UART5_IRQHandler
                0x0800b0e4                DMA2_Stream0_IRQHandler
                0x0800b0e4                TIM4_IRQHandler
                0x0800b0e4                I2C1_EV_IRQHandler
                0x0800b0e4                DMA1_Stream1_IRQHandler
                0x0800b0e4                TIM3_IRQHandler
                0x0800b0e4                RCC_IRQHandler
                0x0800b0e4                TIM8_BRK_TIM12_IRQHandler
                0x0800b0e4                Default_Handler
                0x0800b0e4                EXTI15_10_IRQHandler
                0x0800b0e4                ADC_IRQHandler
                0x0800b0e4                DMA1_Stream7_IRQHandler
                0x0800b0e4                TIM7_IRQHandler
                0x0800b0e4                CAN2_TX_IRQHandler
                0x0800b0e4                TIM5_IRQHandler
                0x0800b0e4                DMA2_Stream7_IRQHandler
                0x0800b0e4                I2C3_EV_IRQHandler
                0x0800b0e4                EXTI9_5_IRQHandler
                0x0800b0e4                RTC_WKUP_IRQHandler
                0x0800b0e4                SPI2_IRQHandler
                0x0800b0e4                OTG_HS_EP1_IN_IRQHandler
                0x0800b0e4                DMA1_Stream0_IRQHandler
                0x0800b0e4                CAN1_TX_IRQHandler
                0x0800b0e4                EXTI4_IRQHandler
                0x0800b0e4                FSMC_IRQHandler
                0x0800b0e4                OTG_HS_EP1_OUT_IRQHandler
                0x0800b0e4                WWDG_IRQHandler
                0x0800b0e4                TIM2_IRQHandler
                0x0800b0e4                OTG_FS_WKUP_IRQHandler
                0x0800b0e4                TIM1_TRG_COM_TIM11_IRQHandler
                0x0800b0e4                OTG_HS_IRQHandler
                0x0800b0e4                EXTI1_IRQHandler
                0x0800b0e4                I2C2_ER_IRQHandler
                0x0800b0e4                DMA2_Stream1_IRQHandler
                0x0800b0e4                CAN1_SCE_IRQHandler
                0x0800b0e4                FLASH_IRQHandler
                0x0800b0e4                DMA2_Stream4_IRQHandler
                0x0800b0e4                USART1_IRQHandler
                0x0800b0e4                OTG_FS_IRQHandler
                0x0800b0e4                SPI3_IRQHandler
                0x0800b0e4                DMA1_Stream4_IRQHandler
                0x0800b0e4                I2C1_ER_IRQHandler
                0x0800b0e4                DMA2_Stream6_IRQHandler
                0x0800b0e4                DMA1_Stream3_IRQHandler
 *fill*         0x0800b0e6        0x2 
 .text.fmod     0x0800b0e8       0x6c C:/ProgramData/MATLAB/SupportPackages/R2025b/3P.instrset/gnuarm-armcortex.instrset/win/bin/../lib/gcc/arm-none-eabi/13.2.1/thumb/v7e-m+fp/hard\libm.a(libm_a-w_fmod.o)
                0x0800b0e8                fmod
 .text.__ieee754_fmod
                0x0800b154      0x30c C:/ProgramData/MATLAB/SupportPackages/R2025b/3P.instrset/gnuarm-armcortex.instrset/win/bin/../lib/gcc/arm-none-eabi/13.2.1/thumb/v7e-m+fp/hard\libm.a(libm_a-e_fmod.o)
                0x0800b154                __ieee754_fmod
 .text.__udivmoddi4
                0x0800b460      0x2bc C:/ProgramData/MATLAB/SupportPackages/R2025b/3P.instrset/gnuarm-armcortex.instrset/win/bin/../lib/gcc/arm-none-eabi/13.2.1/thumb/v7e-m+fp/hard\libgcc.a(_udivmoddi4.o)
                0x0800b460                __udivmoddi4
 .text.memset   0x0800b71c       0xa4 C:/ProgramData/MATLAB/SupportPackages/R2025b/3P.instrset/gnuarm-armcortex.instrset/win/bin/../lib/gcc/arm-none-eabi/13.2.1/thumb/v7e-m+fp/hard\libg.a(libc_a-memset.o)
                0x0800b71c                memset
 .text.__errno  0x0800b7c0        0xc C:/ProgramData/MATLAB/SupportPackages/R2025b/3P.instrset/gnuarm-armcortex.instrset/win/bin/../lib/gcc/arm-none-eabi/13.2.1/thumb/v7e-m+fp/hard\libg.a(libc_a-errno.o)
                0x0800b7c0                __errno
 .text.__libc_init_array
                0x0800b7cc       0x50 C:/ProgramData/MATLAB/SupportPackages/R2025b/3P.instrset/gnuarm-armcortex.instrset/win/bin/../lib/gcc/arm-none-eabi/13.2.1/thumb/v7e-m+fp/hard\libg.a(libc_a-init.o)
                0x0800b7cc                __libc_init_array
 .text.__retarget_lock_acquire_recursive
                0x0800b81c        0x4 C:/ProgramData/MATLAB/SupportPackages/R2025b/3P.instrset/gnuarm-armcortex.instrset/win/bin/../lib/gcc/arm-none-eabi/13.2.1/thumb/v7e-m+fp/hard\libg.a(libc_a-lock.o)
                0x0800b81c                __retarget_lock_acquire_recursive
 .text.__retarget_lock_release_recursive
                0x0800b820        0x4 C:/ProgramData/MATLAB/SupportPackages/R2025b/3P.instrset/gnuarm-armcortex.instrset/win/bin/../lib/gcc/arm-none-eabi/13.2.1/thumb/v7e-m+fp/hard\libg.a(libc_a-lock.o)
                0x0800b820                __retarget_lock_release_recursive
 .text.startup.register_fini
                0x0800b824       0x14 C:/ProgramData/MATLAB/SupportPackages/R2025b/3P.instrset/gnuarm-armcortex.instrset/win/bin/../lib/gcc/arm-none-eabi/13.2.1/thumb/v7e-m+fp/hard\libg.a(libc_a-__call_atexit.o)
 .text.atexit   0x0800b838        0xc C:/ProgramData/MATLAB/SupportPackages/R2025b/3P.instrset/gnuarm-armcortex.instrset/win/bin/../lib/gcc/arm-none-eabi/13.2.1/thumb/v7e-m+fp/hard\libg.a(libc_a-atexit.o)
                0x0800b838                atexit
 .text.__libc_fini_array
                0x0800b844       0x28 C:/ProgramData/MATLAB/SupportPackages/R2025b/3P.instrset/gnuarm-armcortex.instrset/win/bin/../lib/gcc/arm-none-eabi/13.2.1/thumb/v7e-m+fp/hard\libg.a(libc_a-fini.o)
                0x0800b844                __libc_fini_array
 .text.__register_exitproc
                0x0800b86c       0x80 C:/ProgramData/MATLAB/SupportPackages/R2025b/3P.instrset/gnuarm-armcortex.instrset/win/bin/../lib/gcc/arm-none-eabi/13.2.1/thumb/v7e-m+fp/hard\libg.a(libc_a-__atexit.o)
                0x0800b86c                __register_exitproc
 *(.glue_7)
 .glue_7        0x0800b8ec        0x0 linker stubs
 *(.glue_7t)
 .glue_7t       0x0800b8ec        0x0 linker stubs
 *(.eh_frame)
 .eh_frame      0x0800b8ec        0x0 C:/ProgramData/MATLAB/SupportPackages/R2025b/3P.instrset/gnuarm-armcortex.instrset/win/bin/../lib/gcc/arm-none-eabi/13.2.1/thumb/v7e-m+fp/hard/crtbegin.o
 *(.init)
 .init          0x0800b8ec        0x4 C:/ProgramData/MATLAB/SupportPackages/R2025b/3P.instrset/gnuarm-armcortex.instrset/win/bin/../lib/gcc/arm-none-eabi/13.2.1/thumb/v7e-m+fp/hard/crti.o
                0x0800b8ec                _init
 .init          0x0800b8f0        0x8 C:/ProgramData/MATLAB/SupportPackages/R2025b/3P.instrset/gnuarm-armcortex.instrset/win/bin/../lib/gcc/arm-none-eabi/13.2.1/thumb/v7e-m+fp/hard/crtn.o
 *(.fini)
 .fini          0x0800b8f8        0x4 C:/ProgramData/MATLAB/SupportPackages/R2025b/3P.instrset/gnuarm-armcortex.instrset/win/bin/../lib/gcc/arm-none-eabi/13.2.1/thumb/v7e-m+fp/hard/crti.o
                0x0800b8f8                _fini
 .fini          0x0800b8fc        0x8 C:/ProgramData/MATLAB/SupportPackages/R2025b/3P.instrset/gnuarm-armcortex.instrset/win/bin/../lib/gcc/arm-none-eabi/13.2.1/thumb/v7e-m+fp/hard/crtn.o
                0x0800b904                        . = ALIGN (0x4)
                0x0800b904                        _etext = .

.vfp11_veneer   0x0800b904        0x0
 .vfp11_veneer  0x0800b904        0x0 linker stubs

.v4_bx          0x0800b904        0x0
 .v4_bx         0x0800b904        0x0 linker stubs

.iplt           0x0800b904        0x0
 .iplt          0x0800b904        0x0 C:/ProgramData/MATLAB/SupportPackages/R2025b/3P.instrset/gnuarm-armcortex.instrset/win/bin/../lib/gcc/arm-none-eabi/13.2.1/thumb/v7e-m+fp/hard/crtbegin.o

.rodata         0x0800b908     0x29d8
                0x0800b908                        . = ALIGN (0x4)
 *(.rodata)
 .rodata        0x0800b908      0x2b9 xcp_ext_mode.c.o
 *fill*         0x0800bbc1        0x3 
 .rodata        0x0800bbc4      0x12e xcp_ext_common.c.o
 *fill*         0x0800bcf2        0x2 
 .rodata        0x0800bcf4       0x4c xcp_ext_classic_trigger.c.o
 .rodata        0x0800bd40      0x278 xcp.c.o
 .rodata        0x0800bfb8      0x3a9 xcp_standard.c.o
 *fill*         0x0800c361        0x3 
 .rodata        0x0800c364     0x1010 xcp_daq.c.o
 .rodata        0x0800d374       0xdd xcp_calibration.c.o
 *fill*         0x0800d451        0x3 
 .rodata        0x0800d454      0x56e xcp_transport.c.o
 *fill*         0x0800d9c2        0x2 
 .rodata        0x0800d9c4       0xf5 xcp_mem_default.c.o
 *fill*         0x0800dab9        0x3 
 .rodata        0x0800dabc      0x228 xcp_drv_rtiostream.c.o
 .rodata        0x0800dce4      0x4aa xcp_frame_serial.c.o
 *(.rodata*)
 *fill*         0x0800e18e        0x2 
 .rodata.STREAM_OFFSET_TAB
                0x0800e190        0x8 stm_usart.c.o
 .rodata.F4_uart_M
                0x0800e198        0x4 F4_uart.c.o
                0x0800e198                F4_uart_M
 .rodata.rtAlwaysEnabled.0
                0x0800e19c        0x1 F4_uart.c.o
 *fill*         0x0800e19d        0x3 
 .rodata.F4_uart_ConstB
                0x0800e1a0        0x1 F4_uart_data.c.o
                0x0800e1a0                F4_uart_ConstB
 *fill*         0x0800e1a1        0x3 
 .rodata.standardSupportedRxPacket
                0x0800e1a4       0x54 xcp_standard.c.o
 .rodata.daqSupportedRxPacket
                0x0800e1f8       0x9c xcp_daq.c.o
 .rodata.calibrationSupportedRxPacket
                0x0800e294       0x18 xcp_calibration.c.o
 .rodata.STREAM_OFFSET_TAB
                0x0800e2ac        0x8 main.c.o
 .rodata.AHBPrescTable
                0x0800e2b4       0x10 system_stm32f4xx.c.o
                0x0800e2b4                AHBPrescTable
 .rodata.APBPrescTable
                0x0800e2c4        0x8 system_stm32f4xx.c.o
                0x0800e2c4                APBPrescTable
 *fill*         0x0800e2cc        0x4 
 .rodata.Zero   0x0800e2d0       0x10 C:/ProgramData/MATLAB/SupportPackages/R2025b/3P.instrset/gnuarm-armcortex.instrset/win/bin/../lib/gcc/arm-none-eabi/13.2.1/thumb/v7e-m+fp/hard\libm.a(libm_a-e_fmod.o)
                0x0800e2e0                        . = ALIGN (0x4)

.ARM.extab      0x0800e2e0        0x0
                0x0800e2e0                        . = ALIGN (0x4)
 *(.ARM.extab* .gnu.linkonce.armextab.*)
                0x0800e2e0                        . = ALIGN (0x4)

.ARM            0x0800e2e0        0x8
                0x0800e2e0                        . = ALIGN (0x4)
                0x0800e2e0                        __exidx_start = .
 *(.ARM.exidx*)
 .ARM.exidx     0x0800e2e0        0x8 C:/ProgramData/MATLAB/SupportPackages/R2025b/3P.instrset/gnuarm-armcortex.instrset/win/bin/../lib/gcc/arm-none-eabi/13.2.1/thumb/v7e-m+fp/hard\libg.a(libc_a-memcpy.o)
 .ARM.exidx.text.__udivmoddi4
                0x0800e2e8        0x0 C:/ProgramData/MATLAB/SupportPackages/R2025b/3P.instrset/gnuarm-armcortex.instrset/win/bin/../lib/gcc/arm-none-eabi/13.2.1/thumb/v7e-m+fp/hard\libgcc.a(_udivmoddi4.o)
                                  0x8 (size before relaxing)
                0x0800e2e8                        __exidx_end = .
                0x0800e2e8                        . = ALIGN (0x4)

.preinit_array  0x0800e2e8        0x0
                0x0800e2e8                        . = ALIGN (0x4)
                0x0800e2e8                        PROVIDE (__preinit_array_start = .)
 *(.preinit_array*)
                0x0800e2e8                        PROVIDE (__preinit_array_end = .)
                0x0800e2e8                        . = ALIGN (0x4)

.init_array     0x0800e2e8        0x8
                0x0800e2e8                        . = ALIGN (0x4)
                0x0800e2e8                        PROVIDE (__init_array_start = .)
 *(SORT_BY_NAME(.init_array.*))
 .init_array.00000
                0x0800e2e8        0x4 C:/ProgramData/MATLAB/SupportPackages/R2025b/3P.instrset/gnuarm-armcortex.instrset/win/bin/../lib/gcc/arm-none-eabi/13.2.1/thumb/v7e-m+fp/hard\libg.a(libc_a-__call_atexit.o)
 *(.init_array*)
 .init_array    0x0800e2ec        0x4 C:/ProgramData/MATLAB/SupportPackages/R2025b/3P.instrset/gnuarm-armcortex.instrset/win/bin/../lib/gcc/arm-none-eabi/13.2.1/thumb/v7e-m+fp/hard/crtbegin.o
                0x0800e2f0                        PROVIDE (__init_array_end = .)
                0x0800e2f0                        . = ALIGN (0x4)

.fini_array     0x0800e2f0        0x4
                0x0800e2f0                        . = ALIGN (0x4)
                0x0800e2f0                        PROVIDE (__fini_array_start = .)
 *(SORT_BY_NAME(.fini_array.*))
 *(.fini_array*)
 .fini_array    0x0800e2f0        0x4 C:/ProgramData/MATLAB/SupportPackages/R2025b/3P.instrset/gnuarm-armcortex.instrset/win/bin/../lib/gcc/arm-none-eabi/13.2.1/thumb/v7e-m+fp/hard/crtbegin.o
                0x0800e2f4                        PROVIDE (__fini_array_end = .)
                0x0800e2f4                        . = ALIGN (0x4)
                0x0800e2f4                        _sidata = LOADADDR (.data)

.rel.dyn        0x0800e2f4        0x0
 .rel.iplt      0x0800e2f4        0x0 C:/ProgramData/MATLAB/SupportPackages/R2025b/3P.instrset/gnuarm-armcortex.instrset/win/bin/../lib/gcc/arm-none-eabi/13.2.1/thumb/v7e-m+fp/hard/crtbegin.o

.data           0x20000000      0x1bc load address 0x0800e2f4
                0x20000000                        . = ALIGN (0x4)
                0x20000000                        _sdata = .
 *(.data)
 *(.data*)
 .data.xcpExtmodeFinalSimulationTime
                0x20000000        0x8 xcp_ext_common.c.o
                0x20000000                xcpExtmodeFinalSimulationTime
 .data.xcpClassicTriggerDuration
                0x20000008        0x4 xcp_ext_classic_trigger.c.o
                0x20000008                xcpClassicTriggerDuration
 .data.xcpClassicTriggerArmRequest
                0x2000000c        0x1 xcp_ext_classic_trigger.c.o
                0x2000000c                xcpClassicTriggerArmRequest
 *fill*         0x2000000d        0x3 
 .data.startStopDaqListId
                0x20000010        0x4 xcp_daq.c.o
 .data.xcpCurrentDaq
                0x20000014        0x4 xcp_daq.c.o
 .data.xcpEventCustomMemoryManager
                0x20000018        0xc xcp_daq.c.o
 .data.xcpCtoReservedMemPoolId
                0x20000024        0x4 xcp_transport.c.o
 .data.xcpMemMainBlockSizes
                0x20000028        0xc xcp_mem_default.c.o
 .data.xcpMemMainBlocksNumber
                0x20000034        0xc xcp_mem_default.c.o
 .data.drvID    0x20000040        0x4 xcp_drv_rtiostream.c.o
 .data.xcpCtoReservedMemPoolId
                0x20000044        0x4 xcp_frame_serial.c.o
 .data.uartObj  0x20000048       0x40 rtiostream_serial.c.o
                0x20000048                uartObj
 .data.uwTickPrio
                0x20000088        0x4 stm32f4xx_hal.c.o
                0x20000088                uwTickPrio
 .data.uwTickFreq
                0x2000008c        0x1 stm32f4xx_hal.c.o
                0x2000008c                uwTickFreq
 *fill*         0x2000008d        0x3 
 .data.SystemCoreClock
                0x20000090        0x4 system_stm32f4xx.c.o
                0x20000090                SystemCoreClock
 .data._impure_ptr
                0x20000094        0x4 C:/ProgramData/MATLAB/SupportPackages/R2025b/3P.instrset/gnuarm-armcortex.instrset/win/bin/../lib/gcc/arm-none-eabi/13.2.1/thumb/v7e-m+fp/hard\libg.a(libc_a-impure.o)
                0x20000094                _impure_ptr
 .data._impure_data
                0x20000098      0x120 C:/ProgramData/MATLAB/SupportPackages/R2025b/3P.instrset/gnuarm-armcortex.instrset/win/bin/../lib/gcc/arm-none-eabi/13.2.1/thumb/v7e-m+fp/hard\libg.a(libc_a-impure.o)
                0x20000098                _impure_data
 .data.__atexit_recursive_mutex
                0x200001b8        0x4 C:/ProgramData/MATLAB/SupportPackages/R2025b/3P.instrset/gnuarm-armcortex.instrset/win/bin/../lib/gcc/arm-none-eabi/13.2.1/thumb/v7e-m+fp/hard\libg.a(libc_a-__call_atexit.o)
                0x200001b8                __atexit_recursive_mutex
 *(.RamFunc)
 *(.RamFunc*)
                0x200001bc                        . = ALIGN (0x4)
                0x200001bc                        _edata = .
                0x0800e4b0                        _siccmram = LOADADDR (.ccmram)

.tm_clone_table
                0x200001bc        0x0 load address 0x0800e4b0
 .tm_clone_table
                0x200001bc        0x0 C:/ProgramData/MATLAB/SupportPackages/R2025b/3P.instrset/gnuarm-armcortex.instrset/win/bin/../lib/gcc/arm-none-eabi/13.2.1/thumb/v7e-m+fp/hard/crtbegin.o
 .tm_clone_table
                0x200001bc        0x0 C:/ProgramData/MATLAB/SupportPackages/R2025b/3P.instrset/gnuarm-armcortex.instrset/win/bin/../lib/gcc/arm-none-eabi/13.2.1/thumb/v7e-m+fp/hard/crtend.o

.igot.plt       0x200001bc        0x0 load address 0x0800e4b0
 .igot.plt      0x200001bc        0x0 C:/ProgramData/MATLAB/SupportPackages/R2025b/3P.instrset/gnuarm-armcortex.instrset/win/bin/../lib/gcc/arm-none-eabi/13.2.1/thumb/v7e-m+fp/hard/crtbegin.o

.ccmram         0x10000000        0x0 load address 0x0800e4b0
                0x10000000                        . = ALIGN (0x4)
                0x10000000                        _sccmram = .
 *(.ccmram)
 *(.ccmram*)
                0x10000000                        . = ALIGN (0x4)
                0x10000000                        _eccmram = .
                0x10000000                        . = ALIGN (0x4)

.bss            0x200001c0     0x13dc
                0x200001c0                        _sbss = .
                0x200001c0                        __bss_start__ = _sbss
 *(.bss)
 *(.bss*)
 .bss.completed.1
                0x200001c0        0x1 C:/ProgramData/MATLAB/SupportPackages/R2025b/3P.instrset/gnuarm-armcortex.instrset/win/bin/../lib/gcc/arm-none-eabi/13.2.1/thumb/v7e-m+fp/hard/crtbegin.o
 *fill*         0x200001c1        0x3 
 .bss.object.0  0x200001c4       0x18 C:/ProgramData/MATLAB/SupportPackages/R2025b/3P.instrset/gnuarm-armcortex.instrset/win/bin/../lib/gcc/arm-none-eabi/13.2.1/thumb/v7e-m+fp/hard/crtbegin.o
 .bss.mw_usart2
                0x200001dc       0x40 stm_usart.c.o
                0x200001dc                mw_usart2
 .bss.USART2ReceiveBuffer
                0x2000021c      0x400 stm_usart.c.o
                0x2000021c                USART2ReceiveBuffer
 .bss.USART2TransmitBuffer
                0x2000061c      0x400 stm_usart.c.o
                0x2000061c                USART2TransmitBuffer
 .bss.mw_usart4
                0x20000a1c       0x40 stm_usart.c.o
                0x20000a1c                mw_usart4
 .bss.xcpCustomTriggerFunction
                0x20000a5c        0x8 xcp_ext_mode.c.o
 .bss.F4_uart_DW
                0x20000a64       0x90 F4_uart.c.o
                0x20000a64                F4_uart_DW
 *fill*         0x20000af4        0x4 
 .bss.F4_uart_M_
                0x20000af8       0x48 F4_uart.c.o
 .bss.rt_ExtModeInfo.2
                0x20000b40       0x14 F4_uart.c.o
 .bss.systemRan.1
                0x20000b54        0x8 F4_uart.c.o
 .bss.IsrOverrun
                0x20000b5c        0x4 ert_main.c.o
                0x20000b5c                IsrOverrun
 .bss.OverrunFlag
                0x20000b60        0x1 ert_main.c.o
 .bss.stopRequested
                0x20000b61        0x1 ert_main.c.o
                0x20000b61                stopRequested
 .bss.runModel  0x20000b62        0x1 ert_main.c.o
                0x20000b62                runModel
 .bss.xcpModelStartRequest
                0x20000b63        0x1 xcp_ext_common.c.o
                0x20000b63                xcpModelStartRequest
 .bss.xcpModelStopRequest
                0x20000b64        0x1 xcp_ext_common.c.o
                0x20000b64                xcpModelStopRequest
 .bss.xcpModelStatus
                0x20000b65        0x1 xcp_ext_common.c.o
                0x20000b65                xcpModelStatus
 *fill*         0x20000b66        0x2 
 .bss.xcpModelChecksum0
                0x20000b68        0x4 xcp_ext_common.c.o
                0x20000b68                xcpModelChecksum0
 .bss.xcpModelChecksum1
                0x20000b6c        0x4 xcp_ext_common.c.o
                0x20000b6c                xcpModelChecksum1
 .bss.xcpModelChecksum2
                0x20000b70        0x4 xcp_ext_common.c.o
                0x20000b70                xcpModelChecksum2
 .bss.xcpModelChecksum3
                0x20000b74        0x4 xcp_ext_common.c.o
                0x20000b74                xcpModelChecksum3
 .bss.xcpModelIntegerCode
                0x20000b78        0x4 xcp_ext_common.c.o
                0x20000b78                xcpModelIntegerCode
 .bss.xcpExtmodeSimulationComplete
                0x20000b7c        0x1 xcp_ext_common.c.o
                0x20000b7c                xcpExtmodeSimulationComplete
 *fill*         0x20000b7d        0x3 
 .bss.xcpDummyDoubleVariable
                0x20000b80        0x8 xcp_ext_common.c.o
                0x20000b80                xcpDummyDoubleVariable
 .bss.xcpDummyUint64Variable
                0x20000b88        0x8 xcp_ext_common.c.o
                0x20000b88                xcpDummyUint64Variable
 .bss.xcpCurrentSimulationTimeInMs
                0x20000b90        0x8 xcp_ext_common.c.o
                0x20000b90                xcpCurrentSimulationTimeInMs
 .bss.xcpBaseRateSimulationTime
                0x20000b98        0x8 xcp_ext_common.c.o
 .bss.xcpClassicTriggerEventId
                0x20000ba0        0x2 xcp_ext_classic_trigger.c.o
                0x20000ba0                xcpClassicTriggerEventId
 *fill*         0x20000ba2        0x2 
 .bss.xcpClassicTriggerSignalAddress
                0x20000ba4        0x4 xcp_ext_classic_trigger.c.o
                0x20000ba4                xcpClassicTriggerSignalAddress
 .bss.xcpClassicTriggerSignalAddressExtension
                0x20000ba8        0x1 xcp_ext_classic_trigger.c.o
                0x20000ba8                xcpClassicTriggerSignalAddressExtension
 *fill*         0x20000ba9        0x7 
 .bss.xcpClassicTriggerLevel
                0x20000bb0        0x8 xcp_ext_classic_trigger.c.o
                0x20000bb0                xcpClassicTriggerLevel
 .bss.xcpClassicTriggerHoldOff
                0x20000bb8        0x4 xcp_ext_classic_trigger.c.o
                0x20000bb8                xcpClassicTriggerHoldOff
 .bss.xcpClassicTriggerDelay
                0x20000bbc        0x4 xcp_ext_classic_trigger.c.o
                0x20000bbc                xcpClassicTriggerDelay
 .bss.xcpClassicTriggerDirection
                0x20000bc0        0x1 xcp_ext_classic_trigger.c.o
                0x20000bc0                xcpClassicTriggerDirection
 .bss.xcpClassicTriggerCancelRequest
                0x20000bc1        0x1 xcp_ext_classic_trigger.c.o
                0x20000bc1                xcpClassicTriggerCancelRequest
 .bss.xcpClassicTriggerSource
                0x20000bc2        0x1 xcp_ext_classic_trigger.c.o
                0x20000bc2                xcpClassicTriggerSource
 .bss.xcpClassicTriggerMode
                0x20000bc3        0x1 xcp_ext_classic_trigger.c.o
                0x20000bc3                xcpClassicTriggerMode
 .bss.xcpClassicTriggerStatus
                0x20000bc4        0x1 xcp_ext_classic_trigger.c.o
                0x20000bc4                xcpClassicTriggerStatus
 *fill*         0x20000bc5        0x3 
 .bss.xcpOldSignalValue
                0x20000bc8        0x8 xcp_ext_classic_trigger.c.o
 .bss.xcpOldSignalValueAvailable
                0x20000bd0        0x1 xcp_ext_classic_trigger.c.o
 .bss.xcpOldClassicTriggerSource
                0x20000bd1        0x1 xcp_ext_classic_trigger.c.o
 .bss.xcpTriggerEnabled
                0x20000bd2        0x1 xcp_ext_classic_trigger.c.o
 .bss.xcpSignalTriggerFired
                0x20000bd3        0x1 xcp_ext_classic_trigger.c.o
 .bss.xcpTriggerCount
                0x20000bd4        0x4 xcp_ext_classic_trigger.c.o
 .bss.xcpForcedTriggerEnabled
                0x20000bd8        0x1 xcp_ext_classic_trigger.c.o
 .bss.xcpForceTriggerEnableRequest
                0x20000bd9        0x1 xcp_ext_classic_trigger.c.o
 .bss.initialized
                0x20000bda        0x1 xcp.c.o
 .bss.xcpStatus
                0x20000bdb        0x1 xcp.c.o
 .bss.xcpSessionStatus
                0x20000bdc        0x1 xcp.c.o
 .bss.xcpResourceProtectionStatus
                0x20000bdd        0x1 xcp.c.o
 .bss.xcpSessionConfigurationId
                0x20000bde        0x2 xcp.c.o
 .bss.groupPacketLookup
                0x20000be0       0x10 xcp.c.o
 .bss.xcpMta    0x20000bf0        0x8 xcp_standard.c.o
 .bss.xcpUploadSize
                0x20000bf8        0x1 xcp_standard.c.o
 *fill*         0x20000bf9        0x3 
 .bss.packetLookup
                0x20000bfc        0x4 xcp_standard.c.o
 .bss.xcpDynamicDaqLists
                0x20000c00        0x8 xcp_daq.c.o
 .bss.xcpRunningEventCounter
                0x20000c08        0x4 xcp_daq.c.o
 .bss.daqLock   0x20000c0c        0x4 xcp_daq.c.o
 .bss.packetLookup
                0x20000c10        0x4 xcp_daq.c.o
 .bss.packetLookup
                0x20000c14        0x4 xcp_calibration.c.o
 .bss.txFifo    0x20000c18       0x10 xcp_transport.c.o
 .bss.txLock    0x20000c28        0x4 xcp_transport.c.o
 .bss.rxFifo    0x20000c2c        0x8 xcp_transport.c.o
 .bss.rxLock    0x20000c34        0x4 xcp_transport.c.o
 .bss.initialized
                0x20000c38        0x1 xcp_transport.c.o
 *fill*         0x20000c39        0x3 
 .bss.xcpMemPoolDescriptors
                0x20000c3c       0xa8 xcp_mem_default.c.o
 .bss.xcpMemCustomPoolDescriptors
                0x20000ce4        0x8 xcp_mem_default.c.o
 .bss.xcpMemMainChunk
                0x20000cec      0x2bf xcp_mem_default.c.o
 *fill*         0x20000fab        0x1 
 .bss.xcpMemReservedPoolsChunk
                0x20000fac      0x2a1 xcp_mem_default.c.o
 *fill*         0x2000124d        0x3 
 .bss.xcpMemReservedPoolsChunkUsedBytes
                0x20001250        0x4 xcp_mem_default.c.o
 .bss.xcpMemLock
                0x20001254        0x4 xcp_mem_default.c.o
 .bss.forceBlocking
                0x20001258        0x1 xcp_drv_rtiostream.c.o
 *fill*         0x20001259        0x1 
 .bss.txCounter
                0x2000125a        0x2 xcp_frame_serial.c.o
 .bss.rxCounter
                0x2000125c        0x2 xcp_frame_serial.c.o
 *fill*         0x2000125e        0x2 
 .bss.firstRxCounterReceived
                0x20001260        0x4 xcp_frame_serial.c.o
 .bss.initialized
                0x20001264        0x1 xcp_frame_serial.c.o
 *fill*         0x20001265        0x3 
 .bss.schdl_counter
                0x20001268        0x4 SysTickScheduler.c.o
                0x20001268                schdl_counter
 .bss.schdl_counter_max
                0x2000126c        0x4 SysTickScheduler.c.o
                0x2000126c                schdl_counter_max
 .bss.taskToSchedule
                0x20001270        0x4 m3m4m4f_multitasking.c.o
                0x20001270                taskToSchedule
 .bss.mw_ext_h  0x20001274        0x4 rtiostream_serial.c.o
                0x20001274                mw_ext_h
 .bss.UARTTxBuffer
                0x20001278        0x4 rtiostream_serial.c.o
                0x20001278                UARTTxBuffer
 .bss.UARTRxBuffer
                0x2000127c        0x4 rtiostream_serial.c.o
                0x2000127c                UARTRxBuffer
 .bss.htim1     0x20001280       0x48 stm32f4xx_hal_timebase_tim.c.o
                0x20001280                htim1
 .bss.uwTick    0x200012c8        0x4 stm32f4xx_hal.c.o
                0x200012c8                uwTick
 .bss.__sf      0x200012cc      0x138 C:/ProgramData/MATLAB/SupportPackages/R2025b/3P.instrset/gnuarm-armcortex.instrset/win/bin/../lib/gcc/arm-none-eabi/13.2.1/thumb/v7e-m+fp/hard\libg.a(libc_a-findfp.o)
                0x200012cc                __sf
 .bss.__lock___atexit_recursive_mutex
                0x20001404        0x1 C:/ProgramData/MATLAB/SupportPackages/R2025b/3P.instrset/gnuarm-armcortex.instrset/win/bin/../lib/gcc/arm-none-eabi/13.2.1/thumb/v7e-m+fp/hard\libg.a(libc_a-lock.o)
                0x20001404                __lock___atexit_recursive_mutex
 *fill*         0x20001405        0x3 
 .bss.__atexit  0x20001408        0x4 C:/ProgramData/MATLAB/SupportPackages/R2025b/3P.instrset/gnuarm-armcortex.instrset/win/bin/../lib/gcc/arm-none-eabi/13.2.1/thumb/v7e-m+fp/hard\libg.a(libc_a-__call_atexit.o)
                0x20001408                __atexit
 .bss.__atexit0
                0x2000140c      0x190 C:/ProgramData/MATLAB/SupportPackages/R2025b/3P.instrset/gnuarm-armcortex.instrset/win/bin/../lib/gcc/arm-none-eabi/13.2.1/thumb/v7e-m+fp/hard\libg.a(libc_a-__atexit.o)
                0x2000140c                __atexit0
 *(COMMON)
                0x2000159c                        . = ALIGN (0x4)
                0x2000159c                        _ebss = .
                0x2000159c                        __bss_end__ = _ebss

._user_heap_stack
                0x2000159c      0x604
                0x200015a0                        . = ALIGN (0x8)
 *fill*         0x2000159c        0x4 
                [!provide]                        PROVIDE (end = .)
                0x200015a0                        PROVIDE (_end = .)
                0x200017a0                        . = (. + _Min_Heap_Size)
 *fill*         0x200015a0      0x200 
                0x20001ba0                        . = (. + _Min_Stack_Size)
 *fill*         0x200017a0      0x400 
                0x20001ba0                        . = ALIGN (0x8)

/DISCARD/
 libc.a(*)
 libm.a(*)
 libgcc.a(*)

.ARM.attributes
                0x00000000       0x30
 *(.ARM.attributes)
 .ARM.attributes
                0x00000000       0x22 C:/ProgramData/MATLAB/SupportPackages/R2025b/3P.instrset/gnuarm-armcortex.instrset/win/bin/../lib/gcc/arm-none-eabi/13.2.1/thumb/v7e-m+fp/hard/crti.o
 .ARM.attributes
                0x00000022       0x34 C:/ProgramData/MATLAB/SupportPackages/R2025b/3P.instrset/gnuarm-armcortex.instrset/win/bin/../lib/gcc/arm-none-eabi/13.2.1/thumb/v7e-m+fp/hard/crtbegin.o
 .ARM.attributes
                0x00000056       0x34 stm_usart.c.o
 .ARM.attributes
                0x0000008a       0x34 xcp_ext_mode.c.o
 .ARM.attributes
                0x000000be       0x34 F4_uart.c.o
 .ARM.attributes
                0x000000f2       0x34 F4_uart_data.c.o
 .ARM.attributes
                0x00000126       0x34 ert_main.c.o
 .ARM.attributes
                0x0000015a       0x34 xcp_ext_common.c.o
 .ARM.attributes
                0x0000018e       0x34 xcp_ext_classic_trigger.c.o
 .ARM.attributes
                0x000001c2       0x34 xcp.c.o
 .ARM.attributes
                0x000001f6       0x34 xcp_standard.c.o
 .ARM.attributes
                0x0000022a       0x34 xcp_daq.c.o
 .ARM.attributes
                0x0000025e       0x34 xcp_calibration.c.o
 .ARM.attributes
                0x00000292       0x34 xcp_fifo.c.o
 .ARM.attributes
                0x000002c6       0x34 xcp_transport.c.o
 .ARM.attributes
                0x000002fa       0x34 xcp_mem_default.c.o
 .ARM.attributes
                0x0000032e       0x34 xcp_drv_rtiostream.c.o
 .ARM.attributes
                0x00000362       0x34 xcp_utils.c.o
 .ARM.attributes
                0x00000396       0x34 xcp_frame_serial.c.o
 .ARM.attributes
                0x000003ca       0x34 xcp_ext_param_default_serial.c.o
 .ARM.attributes
                0x000003fe       0x34 overrideHALDelay.c.o
 .ARM.attributes
                0x00000432       0x34 platform_timer.c.o
 .ARM.attributes
                0x00000466       0x34 SysTickScheduler.c.o
 .ARM.attributes
                0x0000049a       0x34 m3m4m4f_multitasking.c.o
 .ARM.attributes
                0x000004ce       0x34 rtiostream_serial.c.o
 .ARM.attributes
                0x00000502       0x34 sys_arch_arm.c.o
 .ARM.attributes
                0x00000536       0x34 main.c.o
 .ARM.attributes
                0x0000056a       0x34 stm32f4xx_it.c.o
 .ARM.attributes
                0x0000059e       0x34 stm32f4xx_hal_msp.c.o
 .ARM.attributes
                0x000005d2       0x34 stm32f4xx_hal_timebase_tim.c.o
 .ARM.attributes
                0x00000606       0x34 stm32f4xx_hal_tim.c.o
 .ARM.attributes
                0x0000063a       0x34 stm32f4xx_hal_tim_ex.c.o
 .ARM.attributes
                0x0000066e       0x34 stm32f4xx_ll_gpio.c.o
 .ARM.attributes
                0x000006a2       0x34 stm32f4xx_ll_usart.c.o
 .ARM.attributes
                0x000006d6       0x34 stm32f4xx_ll_rcc.c.o
 .ARM.attributes
                0x0000070a       0x34 stm32f4xx_ll_utils.c.o
 .ARM.attributes
                0x0000073e       0x34 stm32f4xx_hal_rcc.c.o
 .ARM.attributes
                0x00000772       0x34 stm32f4xx_hal_cortex.c.o
 .ARM.attributes
                0x000007a6       0x34 stm32f4xx_hal.c.o
 .ARM.attributes
                0x000007da       0x34 system_stm32f4xx.c.o
 .ARM.attributes
                0x0000080e       0x21 startup_stm32f405rgtx.s.o
 .ARM.attributes
                0x0000082f       0x34 C:/ProgramData/MATLAB/SupportPackages/R2025b/3P.instrset/gnuarm-armcortex.instrset/win/bin/../lib/gcc/arm-none-eabi/13.2.1/thumb/v7e-m+fp/hard\libm.a(libm_a-w_fmod.o)
 .ARM.attributes
                0x00000863       0x34 C:/ProgramData/MATLAB/SupportPackages/R2025b/3P.instrset/gnuarm-armcortex.instrset/win/bin/../lib/gcc/arm-none-eabi/13.2.1/thumb/v7e-m+fp/hard\libm.a(libm_a-e_fmod.o)
 .ARM.attributes
                0x00000897       0x22 C:/ProgramData/MATLAB/SupportPackages/R2025b/3P.instrset/gnuarm-armcortex.instrset/win/bin/../lib/gcc/arm-none-eabi/13.2.1/thumb/v7e-m+fp/hard\libgcc.a(_arm_addsubdf3.o)
 .ARM.attributes
                0x000008b9       0x22 C:/ProgramData/MATLAB/SupportPackages/R2025b/3P.instrset/gnuarm-armcortex.instrset/win/bin/../lib/gcc/arm-none-eabi/13.2.1/thumb/v7e-m+fp/hard\libgcc.a(_arm_muldivdf3.o)
 .ARM.attributes
                0x000008db       0x22 C:/ProgramData/MATLAB/SupportPackages/R2025b/3P.instrset/gnuarm-armcortex.instrset/win/bin/../lib/gcc/arm-none-eabi/13.2.1/thumb/v7e-m+fp/hard\libgcc.a(_arm_cmpdf2.o)
 .ARM.attributes
                0x000008fd       0x22 C:/ProgramData/MATLAB/SupportPackages/R2025b/3P.instrset/gnuarm-armcortex.instrset/win/bin/../lib/gcc/arm-none-eabi/13.2.1/thumb/v7e-m+fp/hard\libgcc.a(_arm_unorddf2.o)
 .ARM.attributes
                0x0000091f       0x22 C:/ProgramData/MATLAB/SupportPackages/R2025b/3P.instrset/gnuarm-armcortex.instrset/win/bin/../lib/gcc/arm-none-eabi/13.2.1/thumb/v7e-m+fp/hard\libgcc.a(_arm_fixunsdfsi.o)
 .ARM.attributes
                0x00000941       0x22 C:/ProgramData/MATLAB/SupportPackages/R2025b/3P.instrset/gnuarm-armcortex.instrset/win/bin/../lib/gcc/arm-none-eabi/13.2.1/thumb/v7e-m+fp/hard\libgcc.a(_aeabi_uldivmod.o)
 .ARM.attributes
                0x00000963       0x34 C:/ProgramData/MATLAB/SupportPackages/R2025b/3P.instrset/gnuarm-armcortex.instrset/win/bin/../lib/gcc/arm-none-eabi/13.2.1/thumb/v7e-m+fp/hard\libgcc.a(_udivmoddi4.o)
 .ARM.attributes
                0x00000997       0x22 C:/ProgramData/MATLAB/SupportPackages/R2025b/3P.instrset/gnuarm-armcortex.instrset/win/bin/../lib/gcc/arm-none-eabi/13.2.1/thumb/v7e-m+fp/hard\libgcc.a(_dvmd_tls.o)
 .ARM.attributes
                0x000009b9       0x34 C:/ProgramData/MATLAB/SupportPackages/R2025b/3P.instrset/gnuarm-armcortex.instrset/win/bin/../lib/gcc/arm-none-eabi/13.2.1/thumb/v7e-m+fp/hard\libg.a(libc_a-findfp.o)
 .ARM.attributes
                0x000009ed       0x34 C:/ProgramData/MATLAB/SupportPackages/R2025b/3P.instrset/gnuarm-armcortex.instrset/win/bin/../lib/gcc/arm-none-eabi/13.2.1/thumb/v7e-m+fp/hard\libg.a(libc_a-memset.o)
 .ARM.attributes
                0x00000a21       0x34 C:/ProgramData/MATLAB/SupportPackages/R2025b/3P.instrset/gnuarm-armcortex.instrset/win/bin/../lib/gcc/arm-none-eabi/13.2.1/thumb/v7e-m+fp/hard\libg.a(libc_a-impure.o)
 .ARM.attributes
                0x00000a55       0x34 C:/ProgramData/MATLAB/SupportPackages/R2025b/3P.instrset/gnuarm-armcortex.instrset/win/bin/../lib/gcc/arm-none-eabi/13.2.1/thumb/v7e-m+fp/hard\libg.a(libc_a-errno.o)
 .ARM.attributes
                0x00000a89       0x34 C:/ProgramData/MATLAB/SupportPackages/R2025b/3P.instrset/gnuarm-armcortex.instrset/win/bin/../lib/gcc/arm-none-eabi/13.2.1/thumb/v7e-m+fp/hard\libg.a(libc_a-init.o)
 .ARM.attributes
                0x00000abd       0x34 C:/ProgramData/MATLAB/SupportPackages/R2025b/3P.instrset/gnuarm-armcortex.instrset/win/bin/../lib/gcc/arm-none-eabi/13.2.1/thumb/v7e-m+fp/hard\libg.a(libc_a-lock.o)
 .ARM.attributes
                0x00000af1       0x20 C:/ProgramData/MATLAB/SupportPackages/R2025b/3P.instrset/gnuarm-armcortex.instrset/win/bin/../lib/gcc/arm-none-eabi/13.2.1/thumb/v7e-m+fp/hard\libg.a(libc_a-memcpy.o)
 .ARM.attributes
                0x00000b11       0x34 C:/ProgramData/MATLAB/SupportPackages/R2025b/3P.instrset/gnuarm-armcortex.instrset/win/bin/../lib/gcc/arm-none-eabi/13.2.1/thumb/v7e-m+fp/hard\libg.a(libc_a-__call_atexit.o)
 .ARM.attributes
                0x00000b45       0x34 C:/ProgramData/MATLAB/SupportPackages/R2025b/3P.instrset/gnuarm-armcortex.instrset/win/bin/../lib/gcc/arm-none-eabi/13.2.1/thumb/v7e-m+fp/hard\libg.a(libc_a-atexit.o)
 .ARM.attributes
                0x00000b79       0x34 C:/ProgramData/MATLAB/SupportPackages/R2025b/3P.instrset/gnuarm-armcortex.instrset/win/bin/../lib/gcc/arm-none-eabi/13.2.1/thumb/v7e-m+fp/hard\libg.a(libc_a-fini.o)
 .ARM.attributes
                0x00000bad       0x34 C:/ProgramData/MATLAB/SupportPackages/R2025b/3P.instrset/gnuarm-armcortex.instrset/win/bin/../lib/gcc/arm-none-eabi/13.2.1/thumb/v7e-m+fp/hard\libg.a(libc_a-__atexit.o)
 .ARM.attributes
                0x00000be1       0x34 C:/ProgramData/MATLAB/SupportPackages/R2025b/3P.instrset/gnuarm-armcortex.instrset/win/bin/../lib/gcc/arm-none-eabi/13.2.1/thumb/v7e-m+fp/hard/crtend.o
 .ARM.attributes
                0x00000c15       0x22 C:/ProgramData/MATLAB/SupportPackages/R2025b/3P.instrset/gnuarm-armcortex.instrset/win/bin/../lib/gcc/arm-none-eabi/13.2.1/thumb/v7e-m+fp/hard/crtn.o
OUTPUT(../F4_uart.elf elf32-littlearm)
LOAD linker stubs
LOAD C:/ProgramData/MATLAB/SupportPackages/R2025b/3P.instrset/gnuarm-armcortex.instrset/win/bin/../lib/gcc/arm-none-eabi/13.2.1/thumb/v7e-m+fp/hard\libc.a
LOAD C:/ProgramData/MATLAB/SupportPackages/R2025b/3P.instrset/gnuarm-armcortex.instrset/win/bin/../lib/gcc/arm-none-eabi/13.2.1/thumb/v7e-m+fp/hard\libm.a
LOAD C:/ProgramData/MATLAB/SupportPackages/R2025b/3P.instrset/gnuarm-armcortex.instrset/win/bin/../lib/gcc/arm-none-eabi/13.2.1/thumb/v7e-m+fp/hard\libgcc.a

.debug_info     0x00000000    0x174ea
 .debug_info    0x00000000     0x1fd7 stm_usart.c.o
 .debug_info    0x00001fd7      0x819 xcp_ext_mode.c.o
 .debug_info    0x000027f0      0x7c5 F4_uart.c.o
 .debug_info    0x00002fb5      0x118 F4_uart_data.c.o
 .debug_info    0x000030cd      0x63c ert_main.c.o
 .debug_info    0x00003709      0x738 xcp_ext_common.c.o
 .debug_info    0x00003e41      0x5a3 xcp_ext_classic_trigger.c.o
 .debug_info    0x000043e4     0x1271 xcp.c.o
 .debug_info    0x00005655      0xe8b xcp_standard.c.o
 .debug_info    0x000064e0     0x2173 xcp_daq.c.o
 .debug_info    0x00008653      0x6ed xcp_calibration.c.o
 .debug_info    0x00008d40      0x26f xcp_fifo.c.o
 .debug_info    0x00008faf      0x98f xcp_transport.c.o
 .debug_info    0x0000993e      0x79c xcp_mem_default.c.o
 .debug_info    0x0000a0da      0x553 xcp_drv_rtiostream.c.o
 .debug_info    0x0000a62d       0xdd xcp_utils.c.o
 .debug_info    0x0000a70a      0x760 xcp_frame_serial.c.o
 .debug_info    0x0000ae6a      0x198 xcp_ext_param_default_serial.c.o
 .debug_info    0x0000b002      0x131 overrideHALDelay.c.o
 .debug_info    0x0000b133      0x2f3 platform_timer.c.o
 .debug_info    0x0000b426      0x766 SysTickScheduler.c.o
 .debug_info    0x0000bb8c      0x10d m3m4m4f_multitasking.c.o
 .debug_info    0x0000bc99      0x5ad rtiostream_serial.c.o
 .debug_info    0x0000c246      0x1b8 sys_arch_arm.c.o
 .debug_info    0x0000c3fe     0x1827 main.c.o
 .debug_info    0x0000dc25      0x757 stm32f4xx_it.c.o
 .debug_info    0x0000e37c      0x2ad stm32f4xx_hal_msp.c.o
 .debug_info    0x0000e629      0xbca stm32f4xx_hal_timebase_tim.c.o
 .debug_info    0x0000f1f3     0x2999 stm32f4xx_hal_tim.c.o
 .debug_info    0x00011b8c     0x14d7 stm32f4xx_hal_tim_ex.c.o
 .debug_info    0x00013063      0x923 stm32f4xx_ll_gpio.c.o
 .debug_info    0x00013986      0x6ee stm32f4xx_ll_usart.c.o
 .debug_info    0x00014074      0x754 stm32f4xx_ll_rcc.c.o